
 Start Length Name Class
 0001:00401000 000181B24H _TEXT                  CODE
 0002:00583000 0001B206CH _DATA                  DATA
 0003:0073506C 00000D300H _BSS                   BSS
 0004:00000000 00000009CH _TLS                   TLS


Detailed map of segments
 0001:00000458 00000155 C=CODE    S=_TEXT    G=(none)   M=C:\DES\BUILD\BCC17\LIB\C0W32.OBJ ACBP=A9
 0001:000005B0 0000017D C=CODE    S=_TEXT    G=(none)   M=C:\DES\BUILD\EXERCICIOS\CLIENTE.OBJ ACBP=A9
 0001:00000730 0000011D C=CODE    S=_TEXT    G=(none)   M=C:\DES\BUILD\FWH17\LIB\FIVEHX.LIB|ACTIVEX ACBP=A9
 0001:00000850 00000720 C=CODE    S=_TEXT    G=(none)   M=C:\DES\BUILD\FWH17\LIB\FIVEHX.LIB|ADOFUNCS ACBP=A9
 0001:00000F70 000000A5 C=CODE    S=_TEXT    G=(none)   M=C:\DES\BUILD\FWH17\LIB\FIVEHX.LIB|ALERT ACBP=A9
 0001:00001018 000002E8 C=CODE    S=_TEXT    G=(none)   M=C:\DES\BUILD\FWH17\LIB\FIVEHX.LIB|BAR ACBP=A9
 0001:00001300 000003C0 C=CODE    S=_TEXT    G=(none)   M=C:\DES\BUILD\FWH17\LIB\FIVEHX.LIB|BITMAP ACBP=A9
 0001:000016C0 000001F8 C=CODE    S=_TEXT    G=(none)   M=C:\DES\BUILD\FWH17\LIB\FIVEHX.LIB|BRUSH ACBP=A9
 0001:000018B8 000003F0 C=CODE    S=_TEXT    G=(none)   M=C:\DES\BUILD\FWH17\LIB\FIVEHX.LIB|BTNBMP ACBP=A9
 0001:00001CA8 0000017D C=CODE    S=_TEXT    G=(none)   M=C:\DES\BUILD\FWH17\LIB\FIVEHX.LIB|BUTTON ACBP=A9
 0001:00001E28 0000011D C=CODE    S=_TEXT    G=(none)   M=C:\DES\BUILD\FWH17\LIB\FIVEHX.LIB|BUTTONB ACBP=A9
 0001:00001F48 000001C5 C=CODE    S=_TEXT    G=(none)   M=C:\DES\BUILD\FWH17\LIB\FIVEHX.LIB|CHECKBOX ACBP=A9
 0001:00002110 0000016B C=CODE    S=_TEXT    G=(none)   M=C:\DES\BUILD\FWH17\LIB\FIVEHX.LIB|CHECKRES ACBP=A9
 0001:0000227C 000001ED C=CODE    S=_TEXT    G=(none)   M=C:\DES\BUILD\FWH17\LIB\FIVEHX.LIB|CLIPBRD ACBP=A9
 0001:0000246C 000003C0 C=CODE    S=_TEXT    G=(none)   M=C:\DES\BUILD\FWH17\LIB\FIVEHX.LIB|COMBOBOX ACBP=A9
 0001:0000282C 00000480 C=CODE    S=_TEXT    G=(none)   M=C:\DES\BUILD\FWH17\LIB\FIVEHX.LIB|CONTROL ACBP=A9
 0001:00002CAC 000000A5 C=CODE    S=_TEXT    G=(none)   M=C:\DES\BUILD\FWH17\LIB\FIVEHX.LIB|CURSOR ACBP=A9
 0001:00002D54 00000570 C=CODE    S=_TEXT    G=(none)   M=C:\DES\BUILD\FWH17\LIB\FIVEHX.LIB|DATAROW ACBP=A9
 0001:000032C4 00000225 C=CODE    S=_TEXT    G=(none)   M=C:\DES\BUILD\FWH17\LIB\FIVEHX.LIB|DBCOMBO ACBP=A9
 0001:000034EC 000000BD C=CODE    S=_TEXT    G=(none)   M=C:\DES\BUILD\FWH17\LIB\FIVEHX.LIB|DBFFUNC1 ACBP=A9
 0001:000035AC 000001B0 C=CODE    S=_TEXT    G=(none)   M=C:\DES\BUILD\FWH17\LIB\FIVEHX.LIB|DBFFUNC2 ACBP=A9
 0001:0000375C 000000BD C=CODE    S=_TEXT    G=(none)   M=C:\DES\BUILD\FWH17\LIB\FIVEHX.LIB|DBTOOLS ACBP=A9
 0001:0000381C 000000ED C=CODE    S=_TEXT    G=(none)   M=C:\DES\BUILD\FWH17\LIB\FIVEHX.LIB|DDE ACBP=A9
 0001:0000390C 00000300 C=CODE    S=_TEXT    G=(none)   M=C:\DES\BUILD\FWH17\LIB\FIVEHX.LIB|DIALOG ACBP=A9
 0001:00003C0C 000000A5 C=CODE    S=_TEXT    G=(none)   M=C:\DES\BUILD\FWH17\LIB\FIVEHX.LIB|DLGFIND ACBP=A9
 0001:00003CB4 000000A5 C=CODE    S=_TEXT    G=(none)   M=C:\DES\BUILD\FWH17\LIB\FIVEHX.LIB|DLGS32 ACBP=A9
 0001:00003D5C 00000165 C=CODE    S=_TEXT    G=(none)   M=C:\DES\BUILD\FWH17\LIB\FIVEHX.LIB|EDIT ACBP=A9
 0001:00003EC4 00000165 C=CODE    S=_TEXT    G=(none)   M=C:\DES\BUILD\FWH17\LIB\FIVEHX.LIB|ERRSYSW ACBP=A9
 0001:0000402C 00000B10 C=CODE    S=_TEXT    G=(none)   M=C:\DES\BUILD\FWH17\LIB\FIVEHX.LIB|FGET ACBP=A9
 0001:00004B3C 00000255 C=CODE    S=_TEXT    G=(none)   M=C:\DES\BUILD\FWH17\LIB\FIVEHX.LIB|FILENAME ACBP=A9
 0001:00004D94 000000A5 C=CODE    S=_TEXT    G=(none)   M=C:\DES\BUILD\FWH17\LIB\FIVEHX.LIB|FLINE ACBP=A9
 0001:00004E3C 00000288 C=CODE    S=_TEXT    G=(none)   M=C:\DES\BUILD\FWH17\LIB\FIVEHX.LIB|FOLDER ACBP=A9
 0001:000050C4 00000288 C=CODE    S=_TEXT    G=(none)   M=C:\DES\BUILD\FWH17\LIB\FIVEHX.LIB|FONT ACBP=A9
 0001:0000534C 000000D5 C=CODE    S=_TEXT    G=(none)   M=C:\DES\BUILD\FWH17\LIB\FIVEHX.LIB|FWDECODE ACBP=A9
 0001:00005424 0000008D C=CODE    S=_TEXT    G=(none)   M=C:\DES\BUILD\FWH17\LIB\FIVEHX.LIB|FWERROR ACBP=A9
 0001:000054B4 0000029D C=CODE    S=_TEXT    G=(none)   M=C:\DES\BUILD\FWH17\LIB\FIVEHX.LIB|GETSYSIN ACBP=A9
 0001:00005754 00000105 C=CODE    S=_TEXT    G=(none)   M=C:\DES\BUILD\FWH17\LIB\FIVEHX.LIB|GETTASKS ACBP=A9
 0001:0000585C 0000011D C=CODE    S=_TEXT    G=(none)   M=C:\DES\BUILD\FWH17\LIB\FIVEHX.LIB|GROUP ACBP=A9
 0001:0000597C 00000105 C=CODE    S=_TEXT    G=(none)   M=C:\DES\BUILD\FWH17\LIB\FIVEHX.LIB|GTF ACBP=A9
 0001:00005A84 00000525 C=CODE    S=_TEXT    G=(none)   M=C:\DES\BUILD\FWH17\LIB\FIVEHX.LIB|HARBOUR ACBP=A9
 0001:00005FAC 0000014D C=CODE    S=_TEXT    G=(none)   M=C:\DES\BUILD\FWH17\LIB\FIVEHX.LIB|HELP32 ACBP=A9
 0001:000060FC 0000038C C=CODE    S=_TEXT    G=(none)   M=C:\DES\BUILD\FWH17\LIB\FIVEHX.LIB|HELPCHM ACBP=A9
 0001:00006488 00000135 C=CODE    S=_TEXT    G=(none)   M=C:\DES\BUILD\FWH17\LIB\FIVEHX.LIB|ICON ACBP=A9
 0001:000065C0 00000420 C=CODE    S=_TEXT    G=(none)   M=C:\DES\BUILD\FWH17\LIB\FIVEHX.LIB|IMAGE ACBP=A9
 0001:000069E0 0000031F C=CODE    S=_TEXT    G=(none)   M=C:\DES\BUILD\FWH17\LIB\FIVEHX.LIB|IMGTXTIO ACBP=A9
 0001:00006D00 000000ED C=CODE    S=_TEXT    G=(none)   M=C:\DES\BUILD\FWH17\LIB\FIVEHX.LIB|INI ACBP=A9
 0001:00006DF0 000001AD C=CODE    S=_TEXT    G=(none)   M=C:\DES\BUILD\FWH17\LIB\FIVEHX.LIB|LINKLIST ACBP=A9
 0001:00006FA0 000002A0 C=CODE    S=_TEXT    G=(none)   M=C:\DES\BUILD\FWH17\LIB\FIVEHX.LIB|LISTBOX ACBP=A9
 0001:00007240 00000138 C=CODE    S=_TEXT    G=(none)   M=C:\DES\BUILD\FWH17\LIB\FIVEHX.LIB|MDICHILD ACBP=A9
 0001:00007378 00000135 C=CODE    S=_TEXT    G=(none)   M=C:\DES\BUILD\FWH17\LIB\FIVEHX.LIB|MDICLIEN ACBP=A9
 0001:000074B0 00000120 C=CODE    S=_TEXT    G=(none)   M=C:\DES\BUILD\FWH17\LIB\FIVEHX.LIB|MDIFRAME ACBP=A9
 0001:000075D0 00000138 C=CODE    S=_TEXT    G=(none)   M=C:\DES\BUILD\FWH17\LIB\FIVEHX.LIB|MEMOEDIT ACBP=A9
 0001:00007708 000004C8 C=CODE    S=_TEXT    G=(none)   M=C:\DES\BUILD\FWH17\LIB\FIVEHX.LIB|MENU ACBP=A9
 0001:00007BD0 00000210 C=CODE    S=_TEXT    G=(none)   M=C:\DES\BUILD\FWH17\LIB\FIVEHX.LIB|MENUITEM ACBP=A9
 0001:00007DE0 00000360 C=CODE    S=_TEXT    G=(none)   M=C:\DES\BUILD\FWH17\LIB\FIVEHX.LIB|MGET ACBP=A9
 0001:00008140 000002E8 C=CODE    S=_TEXT    G=(none)   M=C:\DES\BUILD\FWH17\LIB\FIVEHX.LIB|MSGBAR ACBP=A9
 0001:00008428 0000008D C=CODE    S=_TEXT    G=(none)   M=C:\DES\BUILD\FWH17\LIB\FIVEHX.LIB|MSGGET ACBP=A9
 0001:000084B8 000000BD C=CODE    S=_TEXT    G=(none)   M=C:\DES\BUILD\FWH17\LIB\FIVEHX.LIB|MSGRUN ACBP=A9
 0001:00008578 0000029D C=CODE    S=_TEXT    G=(none)   M=C:\DES\BUILD\FWH17\LIB\FIVEHX.LIB|PGSUPORT ACBP=A9
 0001:00008818 0000005D C=CODE    S=_TEXT    G=(none)   M=C:\DES\BUILD\FWH17\LIB\FIVEHX.LIB|ODATA ACBP=A9
 0001:00008878 000001C5 C=CODE    S=_TEXT    G=(none)   M=C:\DES\BUILD\FWH17\LIB\FIVEHX.LIB|OLEFUNCS ACBP=A9
 0001:00008A40 00000288 C=CODE    S=_TEXT    G=(none)   M=C:\DES\BUILD\FWH17\LIB\FIVEHX.LIB|PDMENU ACBP=A9
 0001:00008CC8 000000BD C=CODE    S=_TEXT    G=(none)   M=C:\DES\BUILD\FWH17\LIB\FIVEHX.LIB|PDREPORT ACBP=A9
 0001:00008D88 0000008D C=CODE    S=_TEXT    G=(none)   M=C:\DES\BUILD\FWH17\LIB\FIVEHX.LIB|PEN ACBP=A9
 0001:00008E18 000003C0 C=CODE    S=_TEXT    G=(none)   M=C:\DES\BUILD\FWH17\LIB\FIVEHX.LIB|PRINTER ACBP=A9
 0001:000091D8 000005B5 C=CODE    S=_TEXT    G=(none)   M=C:\DES\BUILD\FWH17\LIB\FIVEHX.LIB|PRV2PDF ACBP=A9
 0001:00009790 000001C5 C=CODE    S=_TEXT    G=(none)   M=C:\DES\BUILD\FWH17\LIB\FIVEHX.LIB|RADIO ACBP=A9
 0001:00009958 00000165 C=CODE    S=_TEXT    G=(none)   M=C:\DES\BUILD\FWH17\LIB\FIVEHX.LIB|RADMENU ACBP=A9
 0001:00009AC0 00000180 C=CODE    S=_TEXT    G=(none)   M=C:\DES\BUILD\FWH17\LIB\FIVEHX.LIB|RCOLUMN ACBP=A9
 0001:00009C40 000000A5 C=CODE    S=_TEXT    G=(none)   M=C:\DES\BUILD\FWH17\LIB\FIVEHX.LIB|REBAR ACBP=A9
 0001:00009CE8 0000014D C=CODE    S=_TEXT    G=(none)   M=C:\DES\BUILD\FWH17\LIB\FIVEHX.LIB|RECT ACBP=A9
 0001:00009E38 000000ED C=CODE    S=_TEXT    G=(none)   M=C:\DES\BUILD\FWH17\LIB\FIVEHX.LIB|REG32 ACBP=A9
 0001:00009F28 00000348 C=CODE    S=_TEXT    G=(none)   M=C:\DES\BUILD\FWH17\LIB\FIVEHX.LIB|REPORT ACBP=A9
 0001:0000A270 000000BD C=CODE    S=_TEXT    G=(none)   M=C:\DES\BUILD\FWH17\LIB\FIVEHX.LIB|RFILE ACBP=A9
 0001:0000A330 00000105 C=CODE    S=_TEXT    G=(none)   M=C:\DES\BUILD\FWH17\LIB\FIVEHX.LIB|RGROUP ACBP=A9
 0001:0000A438 00000105 C=CODE    S=_TEXT    G=(none)   M=C:\DES\BUILD\FWH17\LIB\FIVEHX.LIB|RLINE ACBP=A9
 0001:0000A540 00000420 C=CODE    S=_TEXT    G=(none)   M=C:\DES\BUILD\FWH17\LIB\FIVEHX.LIB|RPREVIEW ACBP=A9
 0001:0000A960 00000165 C=CODE    S=_TEXT    G=(none)   M=C:\DES\BUILD\FWH17\LIB\FIVEHX.LIB|SAY ACBP=A9
 0001:0000AAC8 00000A98 C=CODE    S=_TEXT    G=(none)   M=C:\DES\BUILD\FWH17\LIB\FIVEHX.LIB|SCINTILA ACBP=A9
 0001:0000B560 0000011D C=CODE    S=_TEXT    G=(none)   M=C:\DES\BUILD\FWH17\LIB\FIVEHX.LIB|SCRLLBAR ACBP=A9
 0001:0000B680 00000258 C=CODE    S=_TEXT    G=(none)   M=C:\DES\BUILD\FWH17\LIB\FIVEHX.LIB|SCRLPANL ACBP=A9
 0001:0000B8D8 000000ED C=CODE    S=_TEXT    G=(none)   M=C:\DES\BUILD\FWH17\LIB\FIVEHX.LIB|SHELLAPI ACBP=A9
 0001:0000B9C8 0000017D C=CODE    S=_TEXT    G=(none)   M=C:\DES\BUILD\FWH17\LIB\FIVEHX.LIB|STATUSBA ACBP=A9
 0001:0000BB48 0000014D C=CODE    S=_TEXT    G=(none)   M=C:\DES\BUILD\FWH17\LIB\FIVEHX.LIB|STRINGS ACBP=A9
 0001:0000BC98 000000ED C=CODE    S=_TEXT    G=(none)   M=C:\DES\BUILD\FWH17\LIB\FIVEHX.LIB|TACCTBL ACBP=A9
 0001:0000BD88 0000008D C=CODE    S=_TEXT    G=(none)   M=C:\DES\BUILD\FWH17\LIB\FIVEHX.LIB|TCLIPGET ACBP=A9
 0001:0000BE18 0000014D C=CODE    S=_TEXT    G=(none)   M=C:\DES\BUILD\FWH17\LIB\FIVEHX.LIB|TDTPICKE ACBP=A9
 0001:0000BF68 00000588 C=CODE    S=_TEXT    G=(none)   M=C:\DES\BUILD\FWH17\LIB\FIVEHX.LIB|TGDIPLUS ACBP=A9
 0001:0000C4F0 000005A0 C=CODE    S=_TEXT    G=(none)   M=C:\DES\BUILD\FWH17\LIB\FIVEHX.LIB|TGET ACBP=A9
 0001:0000CA90 000000D5 C=CODE    S=_TEXT    G=(none)   M=C:\DES\BUILD\FWH17\LIB\FIVEHX.LIB|TIMAGLST ACBP=A9
 0001:0000CB68 000000D5 C=CODE    S=_TEXT    G=(none)   M=C:\DES\BUILD\FWH17\LIB\FIVEHX.LIB|TIMER ACBP=A9
 0001:0000CC40 00000210 C=CODE    S=_TEXT    G=(none)   M=C:\DES\BUILD\FWH17\LIB\FIVEHX.LIB|TLISTVIE ACBP=A9
 0001:0000CE50 000000A5 C=CODE    S=_TEXT    G=(none)   M=C:\DES\BUILD\FWH17\LIB\FIVEHX.LIB|TMAIL ACBP=A9
 0001:0000CEF8 00000267 C=CODE    S=_TEXT    G=(none)   M=C:\DES\BUILD\FWH17\LIB\FIVEHX.LIB|TMETAFIL ACBP=A9
 0001:0000D160 00000168 C=CODE    S=_TEXT    G=(none)   M=C:\DES\BUILD\FWH17\LIB\FIVEHX.LIB|TMSGITEM ACBP=A9
 0001:0000D2C8 00000165 C=CODE    S=_TEXT    G=(none)   M=C:\DES\BUILD\FWH17\LIB\FIVEHX.LIB|TOOLBAR ACBP=A9
 0001:0000D430 000000BD C=CODE    S=_TEXT    G=(none)   M=C:\DES\BUILD\FWH17\LIB\FIVEHX.LIB|TPANEL ACBP=A9
 0001:0000D4F0 000003C0 C=CODE    S=_TEXT    G=(none)   M=C:\DES\BUILD\FWH17\LIB\FIVEHX.LIB|TRECSET ACBP=A9
 0001:0000D8B0 00000255 C=CODE    S=_TEXT    G=(none)   M=C:\DES\BUILD\FWH17\LIB\FIVEHX.LIB|TREEITEM ACBP=A9
 0001:0000DB08 000000D5 C=CODE    S=_TEXT    G=(none)   M=C:\DES\BUILD\FWH17\LIB\FIVEHX.LIB|TREES ACBP=A9
 0001:0000DBE0 000005A0 C=CODE    S=_TEXT    G=(none)   M=C:\DES\BUILD\FWH17\LIB\FIVEHX.LIB|TRICHEDI ACBP=A9
 0001:0000E180 00000828 C=CODE    S=_TEXT    G=(none)   M=C:\DES\BUILD\FWH17\LIB\FIVEHX.LIB|TRICHED5 ACBP=A9
 0001:0000E9A8 00000105 C=CODE    S=_TEXT    G=(none)   M=C:\DES\BUILD\FWH17\LIB\FIVEHX.LIB|TSTRUCT ACBP=A9
 0001:0000EAB0 000001B0 C=CODE    S=_TEXT    G=(none)   M=C:\DES\BUILD\FWH17\LIB\FIVEHX.LIB|TSWITCH ACBP=A9
 0001:0000EC60 0000014D C=CODE    S=_TEXT    G=(none)   M=C:\DES\BUILD\FWH17\LIB\FIVEHX.LIB|TTMPICKE ACBP=A9
 0001:0000EDB0 0000017D C=CODE    S=_TEXT    G=(none)   M=C:\DES\BUILD\FWH17\LIB\FIVEHX.LIB|VALBLANK ACBP=A9
 0001:0000EF30 000006A7 C=CODE    S=_TEXT    G=(none)   M=C:\DES\BUILD\FWH17\LIB\FIVEHX.LIB|VALTOSTR ACBP=A9
 0001:0000F5D8 0000011E C=CODE    S=_TEXT    G=(none)   M=C:\DES\BUILD\FWH17\LIB\FIVEHX.LIB|VALTOSTT ACBP=A9
 0001:0000F6F8 00000BB8 C=CODE    S=_TEXT    G=(none)   M=C:\DES\BUILD\FWH17\LIB\FIVEHX.LIB|WINDOW ACBP=A9
 0001:000102B0 0000005D C=CODE    S=_TEXT    G=(none)   M=C:\DES\BUILD\FWH17\LIB\FIVEHX.LIB|WQOUT ACBP=A9
 0001:00010310 00001B30 C=CODE    S=_TEXT    G=(none)   M=C:\DES\BUILD\FWH17\LIB\FIVEHX.LIB|XBROWSE ACBP=A9
 0001:00011E40 000000F0 C=CODE    S=_TEXT    G=(none)   M=C:\DES\BUILD\FWH17\LIB\FIVEHX.LIB|XBROWSER ACBP=A9
 0001:00011F30 00000814 C=CODE    S=_TEXT    G=(none)   M=C:\DES\BUILD\FWH17\LIB\FIVEHX.LIB|XIMAGE ACBP=A9
 0001:00012744 000000BD C=CODE    S=_TEXT    G=(none)   M=C:\DES\BUILD\FWH17\LIB\FIVEHX.LIB|XPAD ACBP=A9
 0001:00012804 0000007D C=CODE    S=_TEXT    G=(none)   M=C:\DES\BUILD\FWH17\LIB\FIVEHC.LIB|__WNDPRO ACBP=A9
 0001:00012884 00000157 C=CODE    S=_TEXT    G=(none)   M=C:\DES\BUILD\FWH17\LIB\FIVEHC.LIB|BMPREAD ACBP=A9
 0001:000129DC 0000018F C=CODE    S=_TEXT    G=(none)   M=C:\DES\BUILD\FWH17\LIB\FIVEHC.LIB|FFDLGPRC ACBP=A9
 0001:00012B6C 00000184 C=CODE    S=_TEXT    G=(none)   M=C:\DES\BUILD\FWH17\LIB\FIVEHC.LIB|FFWNDRUN ACBP=A9
 0001:00012CF0 0000025E C=CODE    S=_TEXT    G=(none)   M=C:\DES\BUILD\FWH17\LIB\FIVEHC.LIB|HARBOURC ACBP=A9
 0001:00012F50 000000D5 C=CODE    S=_TEXT    G=(none)   M=C:\DES\BUILD\FWH17\LIB\FIVEHC.LIB|REBARS ACBP=A9
 0001:00013028 00000212 C=CODE    S=_TEXT    G=(none)   M=C:\DES\BUILD\FWH17\LIB\FIVEHC.LIB|SYSREFRE ACBP=A9
 0001:0001323C 000003B6 C=CODE    S=_TEXT    G=(none)   M=C:\DES\BUILD\FWH17\LIB\FIVEHC.LIB|TOOLBARS ACBP=A9
 0001:000135F4 00000228 C=CODE    S=_TEXT    G=(none)   M=C:\DES\BUILD\FWH17\LIB\FIVEHC.LIB|WNDRUN ACBP=A9
 0001:0001381C 00000098 C=CODE    S=_TEXT    G=(none)   M=C:\DES\BUILD\FWH17\LIB\FIVEHC.LIB|XPROC ACBP=A9
 0001:000138B4 00000461 C=CODE    S=_TEXT    G=(none)   M=C:\DES\BUILD\FWH17\LIB\FIVEHC.LIB|DLGBOX ACBP=A9
 0001:00013D18 000016ED C=CODE    S=_TEXT    G=(none)   M=C:\DES\BUILD\FWH17\LIB\FIVEHC.LIB|CTLHDLEH ACBP=A9
 0001:00015408 000016F8 C=CODE    S=_TEXT    G=(none)   M=C:\DES\BUILD\FWH17\LIB\FIVEHC.LIB|ACTX ACBP=A9
 0001:00016B00 0000511C C=CODE    S=_TEXT    G=(none)   M=C:\DES\BUILD\FWH17\LIB\FIVEHC.LIB|GDIPFWH ACBP=A9
 0001:0001BC1C 00005308 C=CODE    S=_TEXT    G=(none)   M=C:\DES\BUILD\FWH17\LIB\FIVEHC.LIB|GDIPLUS ACBP=A9
 0001:00020F00 000000D7 C=CODE    S=_TEXT    G=(none)   M=C:\DES\BUILD\FWH17\LIB\FIVEHC.LIB|AAT ACBP=A9
 0001:00020FD8 000001B4 C=CODE    S=_TEXT    G=(none)   M=C:\DES\BUILD\FWH17\LIB\FIVEHC.LIB|ACCELERA ACBP=A9
 0001:0002118C 00000071 C=CODE    S=_TEXT    G=(none)   M=C:\DES\BUILD\FWH17\LIB\FIVEHC.LIB|ATOM ACBP=A9
 0001:00021200 00000391 C=CODE    S=_TEXT    G=(none)   M=C:\DES\BUILD\FWH17\LIB\FIVEHC.LIB|BARTOOLS ACBP=A9
 0001:00021594 000004F3 C=CODE    S=_TEXT    G=(none)   M=C:\DES\BUILD\FWH17\LIB\FIVEHC.LIB|BITMAPS ACBP=A9
 0001:00021A88 00000E5F C=CODE    S=_TEXT    G=(none)   M=C:\DES\BUILD\FWH17\LIB\FIVEHC.LIB|BMPDRAW ACBP=A9
 0001:000228E8 0000012F C=CODE    S=_TEXT    G=(none)   M=C:\DES\BUILD\FWH17\LIB\FIVEHC.LIB|BMPS ACBP=A9
 0001:00022A18 00001AAF C=CODE    S=_TEXT    G=(none)   M=C:\DES\BUILD\FWH17\LIB\FIVEHC.LIB|BRUSHES ACBP=A9
 0001:000244C8 000047BB C=CODE    S=_TEXT    G=(none)   M=C:\DES\BUILD\FWH17\LIB\FIVEHC.LIB|C5CNEW ACBP=A9
 0001:00028C84 000001CC C=CODE    S=_TEXT    G=(none)   M=C:\DES\BUILD\FWH17\LIB\FIVEHC.LIB|CALDLL32 ACBP=A9
 0001:00028E50 0000056B C=CODE    S=_TEXT    G=(none)   M=C:\DES\BUILD\FWH17\LIB\FIVEHC.LIB|CALLDLL ACBP=A9
 0001:000293BC 000000B3 C=CODE    S=_TEXT    G=(none)   M=C:\DES\BUILD\FWH17\LIB\FIVEHC.LIB|CARET ACBP=A9
 0001:00029470 00000068 C=CODE    S=_TEXT    G=(none)   M=C:\DES\BUILD\FWH17\LIB\FIVEHC.LIB|CHANGEPR ACBP=A9
 0001:000294D8 000002B0 C=CODE    S=_TEXT    G=(none)   M=C:\DES\BUILD\FWH17\LIB\FIVEHC.LIB|CLPBRD ACBP=A9
 0001:00029788 0000012E C=CODE    S=_TEXT    G=(none)   M=C:\DES\BUILD\FWH17\LIB\FIVEHC.LIB|CLRCHOOS ACBP=A9
 0001:000298B8 00000104 C=CODE    S=_TEXT    G=(none)   M=C:\DES\BUILD\FWH17\LIB\FIVEHC.LIB|CLT2SCR ACBP=A9
 0001:000299BC 000002B5 C=CODE    S=_TEXT    G=(none)   M=C:\DES\BUILD\FWH17\LIB\FIVEHC.LIB|CODEGTF ACBP=A9
 0001:00029C74 00000868 C=CODE    S=_TEXT    G=(none)   M=C:\DES\BUILD\FWH17\LIB\FIVEHC.LIB|COLOR ACBP=A9
 0001:0002A4DC 00000373 C=CODE    S=_TEXT    G=(none)   M=C:\DES\BUILD\FWH17\LIB\FIVEHC.LIB|COLORTON ACBP=A9
 0001:0002A850 0000002C C=CODE    S=_TEXT    G=(none)   M=C:\DES\BUILD\FWH17\LIB\FIVEHC.LIB|CREATEPA ACBP=A9
 0001:0002A87C 0000002C C=CODE    S=_TEXT    G=(none)   M=C:\DES\BUILD\FWH17\LIB\FIVEHC.LIB|CREATEPE ACBP=A9
 0001:0002A8A8 00000061 C=CODE    S=_TEXT    G=(none)   M=C:\DES\BUILD\FWH17\LIB\FIVEHC.LIB|CREATESO ACBP=A9
 0001:0002A90C 000000BF C=CODE    S=_TEXT    G=(none)   M=C:\DES\BUILD\FWH17\LIB\FIVEHC.LIB|CREATWND ACBP=A9
 0001:0002A9CC 000002FE C=CODE    S=_TEXT    G=(none)   M=C:\DES\BUILD\FWH17\LIB\FIVEHC.LIB|CTL3D ACBP=A9
 0001:0002ACCC 000001E4 C=CODE    S=_TEXT    G=(none)   M=C:\DES\BUILD\FWH17\LIB\FIVEHC.LIB|CTRL2CHR ACBP=A9
 0001:0002AEB0 00000775 C=CODE    S=_TEXT    G=(none)   M=C:\DES\BUILD\FWH17\LIB\FIVEHC.LIB|CTRLDRAW ACBP=A9
 0001:0002B628 00000ACC C=CODE    S=_TEXT    G=(none)   M=C:\DES\BUILD\FWH17\LIB\FIVEHC.LIB|CURSORS ACBP=A9
 0001:0002C0F4 00000113 C=CODE    S=_TEXT    G=(none)   M=C:\DES\BUILD\FWH17\LIB\FIVEHC.LIB|DATEPICK ACBP=A9
 0001:0002C208 0000072E C=CODE    S=_TEXT    G=(none)   M=C:\DES\BUILD\FWH17\LIB\FIVEHC.LIB|DC ACBP=A9
 0001:0002C938 0000007A C=CODE    S=_TEXT    G=(none)   M=C:\DES\BUILD\FWH17\LIB\FIVEHC.LIB|DDEXC ACBP=A9
 0001:0002C9B4 00000070 C=CODE    S=_TEXT    G=(none)   M=C:\DES\BUILD\FWH17\LIB\FIVEHC.LIB|DELOBJEC ACBP=A9
 0001:0002CA24 00000044 C=CODE    S=_TEXT    G=(none)   M=C:\DES\BUILD\FWH17\LIB\FIVEHC.LIB|DESKTOP ACBP=A9
 0001:0002CA68 0000021D C=CODE    S=_TEXT    G=(none)   M=C:\DES\BUILD\FWH17\LIB\FIVEHC.LIB|DEVICE ACBP=A9
 0001:0002CC88 00000558 C=CODE    S=_TEXT    G=(none)   M=C:\DES\BUILD\FWH17\LIB\FIVEHC.LIB|DIB ACBP=A9
 0001:0002D1E0 000003C9 C=CODE    S=_TEXT    G=(none)   M=C:\DES\BUILD\FWH17\LIB\FIVEHC.LIB|DIBBMP ACBP=A9
 0001:0002D5AC 000001E0 C=CODE    S=_TEXT    G=(none)   M=C:\DES\BUILD\FWH17\LIB\FIVEHC.LIB|DLG2CHR ACBP=A9
 0001:0002D78C 00000034 C=CODE    S=_TEXT    G=(none)   M=C:\DES\BUILD\FWH17\LIB\FIVEHC.LIB|DLL ACBP=A9
 0001:0002D7C0 000002E3 C=CODE    S=_TEXT    G=(none)   M=C:\DES\BUILD\FWH17\LIB\FIVEHC.LIB|DLOGBOX ACBP=A9
 0001:0002DAA4 000002B5 C=CODE    S=_TEXT    G=(none)   M=C:\DES\BUILD\FWH17\LIB\FIVEHC.LIB|DOTS ACBP=A9
 0001:0002DD5C 00000661 C=CODE    S=_TEXT    G=(none)   M=C:\DES\BUILD\FWH17\LIB\FIVEHC.LIB|DRAWING ACBP=A9
 0001:0002E3C0 00000106 C=CODE    S=_TEXT    G=(none)   M=C:\DES\BUILD\FWH17\LIB\FIVEHC.LIB|DRAWITEM ACBP=A9
 0001:0002E4C8 000000D8 C=CODE    S=_TEXT    G=(none)   M=C:\DES\BUILD\FWH17\LIB\FIVEHC.LIB|DRIVES ACBP=A9
 0001:0002E5A0 000000E8 C=CODE    S=_TEXT    G=(none)   M=C:\DES\BUILD\FWH17\LIB\FIVEHC.LIB|DROPFILE ACBP=A9
 0001:0002E688 0000025C C=CODE    S=_TEXT    G=(none)   M=C:\DES\BUILD\FWH17\LIB\FIVEHC.LIB|FGETCLIP ACBP=A9
 0001:0002E8E4 00001395 C=CODE    S=_TEXT    G=(none)   M=C:\DES\BUILD\FWH17\LIB\FIVEHC.LIB|FGETLINE ACBP=A9
 0001:0002FC7C 000000A9 C=CODE    S=_TEXT    G=(none)   M=C:\DES\BUILD\FWH17\LIB\FIVEHC.LIB|FINDTEXT ACBP=A9
 0001:0002FD28 00000BD2 C=CODE    S=_TEXT    G=(none)   M=C:\DES\BUILD\FWH17\LIB\FIVEHC.LIB|FONTS ACBP=A9
 0001:000308FC 000002DF C=CODE    S=_TEXT    G=(none)   M=C:\DES\BUILD\FWH17\LIB\FIVEHC.LIB|FTEXT ACBP=A9
 0001:00030BDC 00000556 C=CODE    S=_TEXT    G=(none)   M=C:\DES\BUILD\FWH17\LIB\FIVEHC.LIB|FWARRAY ACBP=A9
 0001:00031134 00001B69 C=CODE    S=_TEXT    G=(none)   M=C:\DES\BUILD\FWH17\LIB\FIVEHC.LIB|FWBMP ACBP=A9
 0001:00032CA0 000002DA C=CODE    S=_TEXT    G=(none)   M=C:\DES\BUILD\FWH17\LIB\FIVEHC.LIB|FWPALCTL ACBP=A9
 0001:00032F7C 000001E1 C=CODE    S=_TEXT    G=(none)   M=C:\DES\BUILD\FWH17\LIB\FIVEHC.LIB|FWSTR ACBP=A9
 0001:00033160 0000011A C=CODE    S=_TEXT    G=(none)   M=C:\DES\BUILD\FWH17\LIB\FIVEHC.LIB|GETDIR ACBP=A9
 0001:0003327C 0000006C C=CODE    S=_TEXT    G=(none)   M=C:\DES\BUILD\FWH17\LIB\FIVEHC.LIB|GETDLGIT ACBP=A9
 0001:000332E8 000004CD C=CODE    S=_TEXT    G=(none)   M=C:\DES\BUILD\FWH17\LIB\FIVEHC.LIB|GETFILE ACBP=A9
 0001:000337B8 000000DF C=CODE    S=_TEXT    G=(none)   M=C:\DES\BUILD\FWH17\LIB\FIVEHC.LIB|GETPROCA ACBP=A9
 0001:00033898 0000005E C=CODE    S=_TEXT    G=(none)   M=C:\DES\BUILD\FWH17\LIB\FIVEHC.LIB|GETSTKOB ACBP=A9
 0001:000338F8 0000027B C=CODE    S=_TEXT    G=(none)   M=C:\DES\BUILD\FWH17\LIB\FIVEHC.LIB|GETTEXT ACBP=A9
 0001:00033B74 0000018B C=CODE    S=_TEXT    G=(none)   M=C:\DES\BUILD\FWH17\LIB\FIVEHC.LIB|GETTEXTW ACBP=A9
 0001:00033D00 000000C4 C=CODE    S=_TEXT    G=(none)   M=C:\DES\BUILD\FWH17\LIB\FIVEHC.LIB|GETWND ACBP=A9
 0001:00033DC4 000004AA C=CODE    S=_TEXT    G=(none)   M=C:\DES\BUILD\FWH17\LIB\FIVEHC.LIB|HANDLIST ACBP=A9
 0001:00034270 0000026E C=CODE    S=_TEXT    G=(none)   M=C:\DES\BUILD\FWH17\LIB\FIVEHC.LIB|HELP ACBP=A9
 0001:000344E0 000000D4 C=CODE    S=_TEXT    G=(none)   M=C:\DES\BUILD\FWH17\LIB\FIVEHC.LIB|HILOWORD ACBP=A9
 0001:000345B4 00000987 C=CODE    S=_TEXT    G=(none)   M=C:\DES\BUILD\FWH17\LIB\FIVEHC.LIB|ICONS ACBP=A9
 0001:00034F3C 000001FF C=CODE    S=_TEXT    G=(none)   M=C:\DES\BUILD\FWH17\LIB\FIVEHC.LIB|IMAGELIS ACBP=A9
 0001:0003513C 00000119 C=CODE    S=_TEXT    G=(none)   M=C:\DES\BUILD\FWH17\LIB\FIVEHC.LIB|INSTANCE ACBP=A9
 0001:00035258 000001F9 C=CODE    S=_TEXT    G=(none)   M=C:\DES\BUILD\FWH17\LIB\FIVEHC.LIB|KEYBRD ACBP=A9
 0001:00035454 00000123 C=CODE    S=_TEXT    G=(none)   M=C:\DES\BUILD\FWH17\LIB\FIVEHC.LIB|LBX ACBP=A9
 0001:00035578 00000526 C=CODE    S=_TEXT    G=(none)   M=C:\DES\BUILD\FWH17\LIB\FIVEHC.LIB|LISTVIEW ACBP=A9
 0001:00035AA0 000000B1 C=CODE    S=_TEXT    G=(none)   M=C:\DES\BUILD\FWH17\LIB\FIVEHC.LIB|LOADBMP ACBP=A9
 0001:00035B54 00000034 C=CODE    S=_TEXT    G=(none)   M=C:\DES\BUILD\FWH17\LIB\FIVEHC.LIB|MAKELONG ACBP=A9
 0001:00035B88 00000F19 C=CODE    S=_TEXT    G=(none)   M=C:\DES\BUILD\FWH17\LIB\FIVEHC.LIB|MAPI ACBP=A9
 0001:00036AA4 00000240 C=CODE    S=_TEXT    G=(none)   M=C:\DES\BUILD\FWH17\LIB\FIVEHC.LIB|MDI ACBP=A9
 0001:00036CE4 000001BE C=CODE    S=_TEXT    G=(none)   M=C:\DES\BUILD\FWH17\LIB\FIVEHC.LIB|MEM ACBP=A9
 0001:00036EA4 00002D53 C=CODE    S=_TEXT    G=(none)   M=C:\DES\BUILD\FWH17\LIB\FIVEHC.LIB|MENUDRAW ACBP=A9
 0001:00039BF8 00000855 C=CODE    S=_TEXT    G=(none)   M=C:\DES\BUILD\FWH17\LIB\FIVEHC.LIB|MENUS ACBP=A9
 0001:0003A450 000002B8 C=CODE    S=_TEXT    G=(none)   M=C:\DES\BUILD\FWH17\LIB\FIVEHC.LIB|METAFI32 ACBP=A9
 0001:0003A708 0000032E C=CODE    S=_TEXT    G=(none)   M=C:\DES\BUILD\FWH17\LIB\FIVEHC.LIB|METAFILE ACBP=A9
 0001:0003AA38 00000181 C=CODE    S=_TEXT    G=(none)   M=C:\DES\BUILD\FWH17\LIB\FIVEHC.LIB|MGETCREA ACBP=A9
 0001:0003ABBC 00000293 C=CODE    S=_TEXT    G=(none)   M=C:\DES\BUILD\FWH17\LIB\FIVEHC.LIB|MKDIR ACBP=A9
 0001:0003AE50 00000069 C=CODE    S=_TEXT    G=(none)   M=C:\DES\BUILD\FWH17\LIB\FIVEHC.LIB|MOVETO ACBP=A9
 0001:0003AEBC 0000001F C=CODE    S=_TEXT    G=(none)   M=C:\DES\BUILD\FWH17\LIB\FIVEHC.LIB|MSGBEEP ACBP=A9
 0001:0003AEDC 000005D7 C=CODE    S=_TEXT    G=(none)   M=C:\DES\BUILD\FWH17\LIB\FIVEHC.LIB|MSGS ACBP=A9
 0001:0003B4B4 000003B6 C=CODE    S=_TEXT    G=(none)   M=C:\DES\BUILD\FWH17\LIB\FIVEHC.LIB|MSGSAPI ACBP=A9
 0001:0003B86C 0000040C C=CODE    S=_TEXT    G=(none)   M=C:\DES\BUILD\FWH17\LIB\FIVEHC.LIB|MSGTOOLS ACBP=A9
 0001:0003BC78 00000A02 C=CODE    S=_TEXT    G=(none)   M=C:\DES\BUILD\FWH17\LIB\FIVEHC.LIB|NONCLIENT ACBP=A9
 0001:0003C67C 0000006D C=CODE    S=_TEXT    G=(none)   M=C:\DES\BUILD\FWH17\LIB\FIVEHC.LIB|NOTIFY ACBP=A9
 0001:0003C6EC 000001D5 C=CODE    S=_TEXT    G=(none)   M=C:\DES\BUILD\FWH17\LIB\FIVEHC.LIB|OEMANSI ACBP=A9
 0001:0003C8C4 00000079 C=CODE    S=_TEXT    G=(none)   M=C:\DES\BUILD\FWH17\LIB\FIVEHC.LIB|ONOFFBMP ACBP=A9
 0001:0003C940 000001EF C=CODE    S=_TEXT    G=(none)   M=C:\DES\BUILD\FWH17\LIB\FIVEHC.LIB|OR ACBP=A9
 0001:0003CB30 00000058 C=CODE    S=_TEXT    G=(none)   M=C:\DES\BUILD\FWH17\LIB\FIVEHC.LIB|PAINT ACBP=A9
 0001:0003CB88 0000005C C=CODE    S=_TEXT    G=(none)   M=C:\DES\BUILD\FWH17\LIB\FIVEHC.LIB|PEEKMSG ACBP=A9
 0001:0003CBE4 00000C84 C=CODE    S=_TEXT    G=(none)   M=C:\DES\BUILD\FWH17\LIB\FIVEHC.LIB|PRINTDC ACBP=A9
 0001:0003D868 00000215 C=CODE    S=_TEXT    G=(none)   M=C:\DES\BUILD\FWH17\LIB\FIVEHC.LIB|PROFILE ACBP=A9
 0001:0003DA80 0000074F C=CODE    S=_TEXT    G=(none)   M=C:\DES\BUILD\FWH17\LIB\FIVEHC.LIB|RECTS ACBP=A9
 0001:0003E1D0 0000010D C=CODE    S=_TEXT    G=(none)   M=C:\DES\BUILD\FWH17\LIB\FIVEHC.LIB|REGCLASS ACBP=A9
 0001:0003E2E0 00000391 C=CODE    S=_TEXT    G=(none)   M=C:\DES\BUILD\FWH17\LIB\FIVEHC.LIB|REGEDIT ACBP=A9
 0001:0003E674 0000039C C=CODE    S=_TEXT    G=(none)   M=C:\DES\BUILD\FWH17\LIB\FIVEHC.LIB|REGIONS ACBP=A9
 0001:0003EA10 000002B5 C=CODE    S=_TEXT    G=(none)   M=C:\DES\BUILD\FWH17\LIB\FIVEHC.LIB|RESOURCE ACBP=A9
 0001:0003ECC8 00001A15 C=CODE    S=_TEXT    G=(none)   M=C:\DES\BUILD\FWH17\LIB\FIVEHC.LIB|RIBBON ACBP=A9
 0001:000406E0 0000212C C=CODE    S=_TEXT    G=(none)   M=C:\DES\BUILD\FWH17\LIB\FIVEHC.LIB|RICHEDIT ACBP=A9
 0001:0004280C 0000365E C=CODE    S=_TEXT    G=(none)   M=C:\DES\BUILD\FWH17\LIB\FIVEHC.LIB|RICHEDI5 ACBP=A9
 0001:00045E6C 00000A59 C=CODE    S=_TEXT    G=(none)   M=C:\DES\BUILD\FWH17\LIB\FIVEHC.LIB|SCINTILC ACBP=A9
 0001:000468C8 000001EC C=CODE    S=_TEXT    G=(none)   M=C:\DES\BUILD\FWH17\LIB\FIVEHC.LIB|SCROLL ACBP=A9
 0001:00046AB4 00000023 C=CODE    S=_TEXT    G=(none)   M=C:\DES\BUILD\FWH17\LIB\FIVEHC.LIB|SELOBJEC ACBP=A9
 0001:00046AD8 00000057 C=CODE    S=_TEXT    G=(none)   M=C:\DES\BUILD\FWH17\LIB\FIVEHC.LIB|SETMAPMO ACBP=A9
 0001:00046B30 0000005B C=CODE    S=_TEXT    G=(none)   M=C:\DES\BUILD\FWH17\LIB\FIVEHC.LIB|SETTEXT ACBP=A9
 0001:00046B8C 000002CC C=CODE    S=_TEXT    G=(none)   M=C:\DES\BUILD\FWH17\LIB\FIVEHC.LIB|STRTOKEN ACBP=A9
 0001:00046E58 000002B1 C=CODE    S=_TEXT    G=(none)   M=C:\DES\BUILD\FWH17\LIB\FIVEHC.LIB|TABCTRL ACBP=A9
 0001:0004710C 000002DB C=CODE    S=_TEXT    G=(none)   M=C:\DES\BUILD\FWH17\LIB\FIVEHC.LIB|TABCTRLW ACBP=A9
 0001:000473E8 00000A11 C=CODE    S=_TEXT    G=(none)   M=C:\DES\BUILD\FWH17\LIB\FIVEHC.LIB|TEXT ACBP=A9
 0001:00047DFC 0000103B C=CODE    S=_TEXT    G=(none)   M=C:\DES\BUILD\FWH17\LIB\FIVEHC.LIB|THEMES ACBP=A9
 0001:00048E38 000000CB C=CODE    S=_TEXT    G=(none)   M=C:\DES\BUILD\FWH17\LIB\FIVEHC.LIB|TIMEPICK ACBP=A9
 0001:00048F04 00000069 C=CODE    S=_TEXT    G=(none)   M=C:\DES\BUILD\FWH17\LIB\FIVEHC.LIB|TIMERS ACBP=A9
 0001:00048F70 00000346 C=CODE    S=_TEXT    G=(none)   M=C:\DES\BUILD\FWH17\LIB\FIVEHC.LIB|TOOLTIPW ACBP=A9
 0001:000492B8 00000240 C=CODE    S=_TEXT    G=(none)   M=C:\DES\BUILD\FWH17\LIB\FIVEHC.LIB|TOOLTIPA ACBP=A9
 0001:000494F8 000002DE C=CODE    S=_TEXT    G=(none)   M=C:\DES\BUILD\FWH17\LIB\FIVEHC.LIB|TOUCH ACBP=A9
 0001:000497D8 00001261 C=CODE    S=_TEXT    G=(none)   M=C:\DES\BUILD\FWH17\LIB\FIVEHC.LIB|UNICODE ACBP=A9
 0001:0004AA3C 00000035 C=CODE    S=_TEXT    G=(none)   M=C:\DES\BUILD\FWH17\LIB\FIVEHC.LIB|WIN2000 ACBP=A9
 0001:0004AA74 000001B6 C=CODE    S=_TEXT    G=(none)   M=C:\DES\BUILD\FWH17\LIB\FIVEHC.LIB|WINDOWS ACBP=A9
 0001:0004AC2C 0000021C C=CODE    S=_TEXT    G=(none)   M=C:\DES\BUILD\FWH17\LIB\FIVEHC.LIB|WINEXEC ACBP=A9
 0001:0004AE48 000000A9 C=CODE    S=_TEXT    G=(none)   M=C:\DES\BUILD\FWH17\LIB\FIVEHC.LIB|WMOUSE ACBP=A9
 0001:0004AEF4 00000760 C=CODE    S=_TEXT    G=(none)   M=C:\DES\BUILD\FWH17\LIB\FIVEHC.LIB|WNDBOXES ACBP=A9
 0001:0004B654 000001AB C=CODE    S=_TEXT    G=(none)   M=C:\DES\BUILD\FWH17\LIB\FIVEHC.LIB|WNDCENTE ACBP=A9
 0001:0004B800 00000033 C=CODE    S=_TEXT    G=(none)   M=C:\DES\BUILD\FWH17\LIB\FIVEHC.LIB|WNDDESTR ACBP=A9
 0001:0004B834 000005CF C=CODE    S=_TEXT    G=(none)   M=C:\DES\BUILD\FWH17\LIB\FIVEHC.LIB|WNDIS ACBP=A9
 0001:0004BE04 0000007B C=CODE    S=_TEXT    G=(none)   M=C:\DES\BUILD\FWH17\LIB\FIVEHC.LIB|WNDISOVE ACBP=A9
 0001:0004BE80 00000B95 C=CODE    S=_TEXT    G=(none)   M=C:\DES\BUILD\FWH17\LIB\FIVEHC.LIB|WNDMOVE ACBP=A9
 0001:0004CA18 00000050 C=CODE    S=_TEXT    G=(none)   M=C:\DES\BUILD\FWH17\LIB\FIVEHC.LIB|WNDPOS ACBP=A9
 0001:0004CA68 000001BA C=CODE    S=_TEXT    G=(none)   M=C:\DES\BUILD\FWH17\LIB\FIVEHC.LIB|WNDPRINT ACBP=A9
 0001:0004CC24 0000039C C=CODE    S=_TEXT    G=(none)   M=C:\DES\BUILD\FWH17\LIB\FIVEHC.LIB|WNDSAY ACBP=A9
 0001:0004CFC0 00000242 C=CODE    S=_TEXT    G=(none)   M=C:\DES\BUILD\FWH17\LIB\FIVEHC.LIB|WNDSCROL ACBP=A9
 0001:0004D204 0000003B C=CODE    S=_TEXT    G=(none)   M=C:\DES\BUILD\FWH17\LIB\FIVEHC.LIB|WNDUPDAT ACBP=A9
 0001:0004D240 0000029A C=CODE    S=_TEXT    G=(none)   M=C:\DES\BUILD\FWH17\LIB\FIVEHC.LIB|XBROWSEC ACBP=A9
 0001:0004D4DC 000001BC C=CODE    S=_TEXT    G=(none)   M=C:\DES\BUILD\XHB17\LIB\RTL.LIB|abs ACBP=A9
 0001:0004D698 00000497 C=CODE    S=_TEXT    G=(none)   M=C:\DES\BUILD\XHB17\LIB\RTL.LIB|at ACBP=A9
 0001:0004DB30 00000130 C=CODE    S=_TEXT    G=(none)   M=C:\DES\BUILD\XHB17\LIB\RTL.LIB|binnum ACBP=A9
 0001:0004DC60 00000161 C=CODE    S=_TEXT    G=(none)   M=C:\DES\BUILD\XHB17\LIB\RTL.LIB|binnumx ACBP=A9
 0001:0004DDC4 000025C6 C=CODE    S=_TEXT    G=(none)   M=C:\DES\BUILD\XHB17\LIB\RTL.LIB|cdpapi ACBP=A9
 0001:0005038C 000000AF C=CODE    S=_TEXT    G=(none)   M=C:\DES\BUILD\XHB17\LIB\RTL.LIB|chrasc ACBP=A9
 0001:0005043C 000000D5 C=CODE    S=_TEXT    G=(none)   M=C:\DES\BUILD\XHB17\LIB\RTL.LIB|colorind ACBP=A9
 0001:00050514 00000B75 C=CODE    S=_TEXT    G=(none)   M=C:\DES\BUILD\XHB17\LIB\RTL.LIB|console ACBP=A9
 0001:0005108C 00000167 C=CODE    S=_TEXT    G=(none)   M=C:\DES\BUILD\XHB17\LIB\RTL.LIB|datec ACBP=A9
 0001:000511F4 000011E7 C=CODE    S=_TEXT    G=(none)   M=C:\DES\BUILD\XHB17\LIB\RTL.LIB|dateshb ACBP=A9
 0001:000523DC 0000054A C=CODE    S=_TEXT    G=(none)   M=C:\DES\BUILD\XHB17\LIB\RTL.LIB|dirdrive ACBP=A9
 0001:00052928 00000848 C=CODE    S=_TEXT    G=(none)   M=C:\DES\BUILD\XHB17\LIB\RTL.LIB|direct ACBP=A9
 0001:00053170 00000254 C=CODE    S=_TEXT    G=(none)   M=C:\DES\BUILD\XHB17\LIB\RTL.LIB|empty ACBP=A9
 0001:000533C4 00000154 C=CODE    S=_TEXT    G=(none)   M=C:\DES\BUILD\XHB17\LIB\RTL.LIB|file ACBP=A9
 0001:00053518 00000C39 C=CODE    S=_TEXT    G=(none)   M=C:\DES\BUILD\XHB17\LIB\RTL.LIB|filebuf ACBP=A9
 0001:00054154 00000074 C=CODE    S=_TEXT    G=(none)   M=C:\DES\BUILD\XHB17\LIB\RTL.LIB|filehb ACBP=A9
 0001:000541C8 00001D92 C=CODE    S=_TEXT    G=(none)   M=C:\DES\BUILD\XHB17\LIB\RTL.LIB|filesys ACBP=A9
 0001:00055F5C 000000D5 C=CODE    S=_TEXT    G=(none)   M=C:\DES\BUILD\XHB17\LIB\RTL.LIB|fserror ACBP=A9
 0001:00056034 000000D0 C=CODE    S=_TEXT    G=(none)   M=C:\DES\BUILD\XHB17\LIB\RTL.LIB|fnsplit ACBP=A9
 0001:00056104 00000996 C=CODE    S=_TEXT    G=(none)   M=C:\DES\BUILD\XHB17\LIB\RTL.LIB|fparse ACBP=A9
 0001:00056A9C 00000107 C=CODE    S=_TEXT    G=(none)   M=C:\DES\BUILD\XHB17\LIB\RTL.LIB|fssize ACBP=A9
 0001:00056BA4 000003EF C=CODE    S=_TEXT    G=(none)   M=C:\DES\BUILD\XHB17\LIB\RTL.LIB|fstemp ACBP=A9
 0001:00056F94 00000116 C=CODE    S=_TEXT    G=(none)   M=C:\DES\BUILD\XHB17\LIB\RTL.LIB|gete ACBP=A9
 0001:000570AC 00000028 C=CODE    S=_TEXT    G=(none)   M=C:\DES\BUILD\XHB17\LIB\RTL.LIB|gt ACBP=A9
 0001:000570D4 00000F46 C=CODE    S=_TEXT    G=(none)   M=C:\DES\BUILD\XHB17\LIB\RTL.LIB|gtapi ACBP=A9
 0001:0005801C 000002B7 C=CODE    S=_TEXT    G=(none)   M=C:\DES\BUILD\XHB17\LIB\RTL.LIB|gtclip ACBP=A9
 0001:000582D4 00000001 C=CODE    S=_TEXT    G=(none)   M=C:\DES\BUILD\XHB17\LIB\RTL.LIB|gtsys ACBP=A9
 0001:000582D8 00000496 C=CODE    S=_TEXT    G=(none)   M=C:\DES\BUILD\XHB17\LIB\RTL.LIB|hbbitf ACBP=A9
 0001:00058770 000007F7 C=CODE    S=_TEXT    G=(none)   M=C:\DES\BUILD\XHB17\LIB\RTL.LIB|hbserv ACBP=A9
 0001:00058F68 000007F9 C=CODE    S=_TEXT    G=(none)   M=C:\DES\BUILD\XHB17\LIB\RTL.LIB|hbffind ACBP=A9
 0001:00059764 00003D75 C=CODE    S=_TEXT    G=(none)   M=C:\DES\BUILD\XHB17\LIB\RTL.LIB|hbgtcore ACBP=A9
 0001:0005D4DC 00000489 C=CODE    S=_TEXT    G=(none)   M=C:\DES\BUILD\XHB17\LIB\RTL.LIB|hbhex2n ACBP=A9
 0001:0005D968 000002DC C=CODE    S=_TEXT    G=(none)   M=C:\DES\BUILD\XHB17\LIB\RTL.LIB|hbrandom ACBP=A9
 0001:0005DC44 0000062A C=CODE    S=_TEXT    G=(none)   M=C:\DES\BUILD\XHB17\LIB\RTL.LIB|hbtoken ACBP=A9
 0001:0005E270 0000047E C=CODE    S=_TEXT    G=(none)   M=C:\DES\BUILD\XHB17\LIB\RTL.LIB|idle ACBP=A9
 0001:0005E6F0 00000487 C=CODE    S=_TEXT    G=(none)   M=C:\DES\BUILD\XHB17\LIB\RTL.LIB|inkey ACBP=A9
 0001:0005EB78 00000119 C=CODE    S=_TEXT    G=(none)   M=C:\DES\BUILD\XHB17\LIB\RTL.LIB|inkeyapi ACBP=A9
 0001:0005EC94 0000049E C=CODE    S=_TEXT    G=(none)   M=C:\DES\BUILD\XHB17\LIB\RTL.LIB|is ACBP=A9
 0001:0005F134 0000029F C=CODE    S=_TEXT    G=(none)   M=C:\DES\BUILD\XHB17\LIB\RTL.LIB|langapi ACBP=A9
 0001:0005F3D4 000000CC C=CODE    S=_TEXT    G=(none)   M=C:\DES\BUILD\XHB17\LIB\RTL.LIB|left ACBP=A9
 0001:0005F4A0 00000093 C=CODE    S=_TEXT    G=(none)   M=C:\DES\BUILD\XHB17\LIB\RTL.LIB|len ACBP=A9
 0001:0005F534 00000A80 C=CODE    S=_TEXT    G=(none)   M=C:\DES\BUILD\XHB17\LIB\RTL.LIB|math ACBP=A9
 0001:0005FFB4 0000014F C=CODE    S=_TEXT    G=(none)   M=C:\DES\BUILD\XHB17\LIB\RTL.LIB|maxrow ACBP=A9
 0001:00060104 0000020B C=CODE    S=_TEXT    G=(none)   M=C:\DES\BUILD\XHB17\LIB\RTL.LIB|memofile ACBP=A9
 0001:00060310 000006A6 C=CODE    S=_TEXT    G=(none)   M=C:\DES\BUILD\XHB17\LIB\RTL.LIB|minmax ACBP=A9
 0001:000609B8 00000976 C=CODE    S=_TEXT    G=(none)   M=C:\DES\BUILD\XHB17\LIB\RTL.LIB|mlcfunc ACBP=A9
 0001:00061330 00000071 C=CODE    S=_TEXT    G=(none)   M=C:\DES\BUILD\XHB17\LIB\RTL.LIB|net ACBP=A9
 0001:000613A4 00000006 C=CODE    S=_TEXT    G=(none)   M=C:\DES\BUILD\XHB17\LIB\RTL.LIB|pad ACBP=A9
 0001:000613AC 00000141 C=CODE    S=_TEXT    G=(none)   M=C:\DES\BUILD\XHB17\LIB\RTL.LIB|padc ACBP=A9
 0001:000614F0 0000010F C=CODE    S=_TEXT    G=(none)   M=C:\DES\BUILD\XHB17\LIB\RTL.LIB|padl ACBP=A9
 0001:00061600 00000108 C=CODE    S=_TEXT    G=(none)   M=C:\DES\BUILD\XHB17\LIB\RTL.LIB|padr ACBP=A9
 0001:00061708 00000CEE C=CODE    S=_TEXT    G=(none)   M=C:\DES\BUILD\XHB17\LIB\RTL.LIB|philes ACBP=A9
 0001:000623F8 0000008D C=CODE    S=_TEXT    G=(none)   M=C:\DES\BUILD\XHB17\LIB\RTL.LIB|philesx ACBP=A9
 0001:00062488 000000F8 C=CODE    S=_TEXT    G=(none)   M=C:\DES\BUILD\XHB17\LIB\RTL.LIB|rat ACBP=A9
 0001:00062580 0000012F C=CODE    S=_TEXT    G=(none)   M=C:\DES\BUILD\XHB17\LIB\RTL.LIB|replic ACBP=A9
 0001:000626B0 00000093 C=CODE    S=_TEXT    G=(none)   M=C:\DES\BUILD\XHB17\LIB\RTL.LIB|right ACBP=A9
 0001:00062744 00000132 C=CODE    S=_TEXT    G=(none)   M=C:\DES\BUILD\XHB17\LIB\RTL.LIB|round ACBP=A9
 0001:00062878 000001FC C=CODE    S=_TEXT    G=(none)   M=C:\DES\BUILD\XHB17\LIB\RTL.LIB|samples ACBP=A9
 0001:00062A74 000002E4 C=CODE    S=_TEXT    G=(none)   M=C:\DES\BUILD\XHB17\LIB\RTL.LIB|seconds ACBP=A9
 0001:00062D58 000011EA C=CODE    S=_TEXT    G=(none)   M=C:\DES\BUILD\XHB17\LIB\RTL.LIB|regex ACBP=A9
 0001:00063F44 00000155 C=CODE    S=_TEXT    G=(none)   M=C:\DES\BUILD\XHB17\LIB\RTL.LIB|setcolor ACBP=A9
 0001:0006409C 00000064 C=CODE    S=_TEXT    G=(none)   M=C:\DES\BUILD\XHB17\LIB\RTL.LIB|setcurs ACBP=A9
 0001:00064100 0000059D C=CODE    S=_TEXT    G=(none)   M=C:\DES\BUILD\XHB17\LIB\RTL.LIB|setkey ACBP=A9
 0001:000646A0 0000008D C=CODE    S=_TEXT    G=(none)   M=C:\DES\BUILD\XHB17\LIB\RTL.LIB|setpos ACBP=A9
 0001:00064730 0000002A C=CODE    S=_TEXT    G=(none)   M=C:\DES\BUILD\XHB17\LIB\RTL.LIB|setposbs ACBP=A9
 0001:0006475C 00000086 C=CODE    S=_TEXT    G=(none)   M=C:\DES\BUILD\XHB17\LIB\RTL.LIB|space ACBP=A9
 0001:000647E4 000002FA C=CODE    S=_TEXT    G=(none)   M=C:\DES\BUILD\XHB17\LIB\RTL.LIB|spfiles ACBP=A9
 0001:00064AE0 0000023D C=CODE    S=_TEXT    G=(none)   M=C:\DES\BUILD\XHB17\LIB\RTL.LIB|str ACBP=A9
 0001:00064D20 00000336 C=CODE    S=_TEXT    G=(none)   M=C:\DES\BUILD\XHB17\LIB\RTL.LIB|strcase ACBP=A9
 0001:00065058 00000141 C=CODE    S=_TEXT    G=(none)   M=C:\DES\BUILD\XHB17\LIB\RTL.LIB|strdel ACBP=A9
 0001:0006519C 00000035 C=CODE    S=_TEXT    G=(none)   M=C:\DES\BUILD\XHB17\LIB\RTL.LIB|strings ACBP=A9
 0001:000651D4 0000068D C=CODE    S=_TEXT    G=(none)   M=C:\DES\BUILD\XHB17\LIB\RTL.LIB|strmatch ACBP=A9
 0001:00065864 00000324 C=CODE    S=_TEXT    G=(none)   M=C:\DES\BUILD\XHB17\LIB\RTL.LIB|strtran ACBP=A9
 0001:00065B88 00000143 C=CODE    S=_TEXT    G=(none)   M=C:\DES\BUILD\XHB17\LIB\RTL.LIB|strzero ACBP=A9
 0001:00065CCC 0000017E C=CODE    S=_TEXT    G=(none)   M=C:\DES\BUILD\XHB17\LIB\RTL.LIB|stuff ACBP=A9
 0001:00065E4C 00000153 C=CODE    S=_TEXT    G=(none)   M=C:\DES\BUILD\XHB17\LIB\RTL.LIB|substr ACBP=A9
 0001:00065FA0 0000035C C=CODE    S=_TEXT    G=(none)   M=C:\DES\BUILD\XHB17\LIB\RTL.LIB|tone ACBP=A9
 0001:000662FC 00001174 C=CODE    S=_TEXT    G=(none)   M=C:\DES\BUILD\XHB17\LIB\RTL.LIB|tprinter ACBP=A9
 0001:00067470 000001B0 C=CODE    S=_TEXT    G=(none)   M=C:\DES\BUILD\XHB17\LIB\RTL.LIB|trace ACBP=A9
 0001:00067620 00001D00 C=CODE    S=_TEXT    G=(none)   M=C:\DES\BUILD\XHB17\LIB\RTL.LIB|transfrm ACBP=A9
 0001:00069320 0000025E C=CODE    S=_TEXT    G=(none)   M=C:\DES\BUILD\XHB17\LIB\RTL.LIB|trim ACBP=A9
 0001:00069580 00000077 C=CODE    S=_TEXT    G=(none)   M=C:\DES\BUILD\XHB17\LIB\RTL.LIB|type ACBP=A9
 0001:000695F8 0000009D C=CODE    S=_TEXT    G=(none)   M=C:\DES\BUILD\XHB17\LIB\RTL.LIB|val ACBP=A9
 0001:00069698 0000042E C=CODE    S=_TEXT    G=(none)   M=C:\DES\BUILD\XHB17\LIB\RTL.LIB|valtype ACBP=A9
 0001:00069AC8 00000394 C=CODE    S=_TEXT    G=(none)   M=C:\DES\BUILD\XHB17\LIB\RTL.LIB|version ACBP=A9
 0001:00069E5C 0000004A C=CODE    S=_TEXT    G=(none)   M=C:\DES\BUILD\XHB17\LIB\RTL.LIB|word ACBP=A9
 0001:00069EA8 0000005C C=CODE    S=_TEXT    G=(none)   M=C:\DES\BUILD\XHB17\LIB\RTL.LIB|xhelp ACBP=A9
 0001:00069F04 000000E4 C=CODE    S=_TEXT    G=(none)   M=C:\DES\BUILD\XHB17\LIB\RTL.LIB|xsavescr ACBP=A9
 0001:00069FE8 00000164 C=CODE    S=_TEXT    G=(none)   M=C:\DES\BUILD\XHB17\LIB\RTL.LIB|cstr ACBP=A9
 0001:0006A14C 00000074 C=CODE    S=_TEXT    G=(none)   M=C:\DES\BUILD\XHB17\LIB\RTL.LIB|decode ACBP=A9
 0001:0006A1C0 00000060 C=CODE    S=_TEXT    G=(none)   M=C:\DES\BUILD\XHB17\LIB\RTL.LIB|fieldbl ACBP=A9
 0001:0006A220 0000004C C=CODE    S=_TEXT    G=(none)   M=C:\DES\BUILD\XHB17\LIB\RTL.LIB|memvarbl ACBP=A9
 0001:0006A26C 000001DC C=CODE    S=_TEXT    G=(none)   M=C:\DES\BUILD\XHB17\LIB\RTL.LIB|objfunc ACBP=A9
 0001:0006A448 00000060 C=CODE    S=_TEXT    G=(none)   M=C:\DES\BUILD\XHB17\LIB\RTL.LIB|regexrpl ACBP=A9
 0001:0006A4A8 00000204 C=CODE    S=_TEXT    G=(none)   M=C:\DES\BUILD\XHB17\LIB\RTL.LIB|tclass ACBP=A9
 0001:0006A6AC 000003D4 C=CODE    S=_TEXT    G=(none)   M=C:\DES\BUILD\XHB17\LIB\RTL.LIB|tget ACBP=A9
 0001:0006AA80 000001A3 C=CODE    S=_TEXT    G=(none)   M=C:\DES\BUILD\XHB17\LIB\RTL.LIB|tobject ACBP=A9
 0001:0006AC24 00000060 C=CODE    S=_TEXT    G=(none)   M=C:\DES\BUILD\XHB17\LIB\RTL.LIB|traceprg ACBP=A9
 0001:0006AC84 0000026E C=CODE    S=_TEXT    G=(none)   M=C:\DES\BUILD\XHB17\LIB\RTL.LIB|tscalar ACBP=A9
 0001:0006AEF4 00000240 C=CODE    S=_TEXT    G=(none)   M=C:\DES\BUILD\XHB17\LIB\RTL.LIB|win32ole ACBP=A9
 0001:0006B134 00002858 C=CODE    S=_TEXT    G=(none)   M=C:\DES\BUILD\XHB17\LIB\RTL.LIB|hbwinole ACBP=A9
 0001:0006D98C 000005B8 C=CODE    S=_TEXT    G=(none)   M=C:\DES\BUILD\XHB17\LIB\RTL.LIB|winos ACBP=A9
 0001:0006DF44 0000035A C=CODE    S=_TEXT    G=(none)   M=C:\DES\BUILD\XHB17\LIB\RTL.LIB|winreg ACBP=A9
 0001:0006E2A0 0000015D C=CODE    S=_TEXT    G=(none)   M=C:\DES\BUILD\XHB17\LIB\RTL.LIB|win_misc ACBP=A9
 0001:0006E400 00038F55 C=CODE    S=_TEXT    G=(none)   M=C:\DES\BUILD\XHB17\LIB\VM.LIB|hvmall ACBP=A9
 0001:000A7358 000005CF C=CODE    S=_TEXT    G=(none)   M=C:\DES\BUILD\XHB17\LIB\VM.LIB|cmdarg ACBP=A9
 0001:000A7928 000011C9 C=CODE    S=_TEXT    G=(none)   M=C:\DES\BUILD\XHB17\LIB\VM.LIB|hbi18n ACBP=A9
 0001:000A8AF4 00000014 C=CODE    S=_TEXT    G=(none)   M=C:\DES\BUILD\XHB17\LIB\VM.LIB|break ACBP=A9
 0001:000A8B08 00000019 C=CODE    S=_TEXT    G=(none)   M=C:\DES\BUILD\XHB17\LIB\VM.LIB|initsymb ACBP=A9
 0001:000A8B24 00000076 C=CODE    S=_TEXT    G=(none)   M=C:\DES\BUILD\XHB17\LIB\VM.LIB|throw ACBP=A9
 0001:000A8B9C 00000100 C=CODE    S=_TEXT    G=(none)   M=C:\DES\BUILD\XHB17\LIB\VM.LIB|harbinit ACBP=A9
 0001:000A8C9C 00000674 C=CODE    S=_TEXT    G=(none)   M=C:\DES\BUILD\XHB17\LIB\VM.LIB|bkgtsks ACBP=A9
 0001:000A9310 0000012C C=CODE    S=_TEXT    G=(none)   M=C:\DES\BUILD\XHB17\LIB\VM.LIB|mainwin ACBP=A9
 0001:000A943C 00000010 C=CODE    S=_TEXT    G=(none)   M=C:\DES\BUILD\XHB17\LIB\LANG.LIB|msgen ACBP=A9
 0001:000A944C 00002A35 C=CODE    S=_TEXT    G=(none)   M=C:\DES\BUILD\XHB17\LIB\MACRO.LIB|macroy ACBP=A9
 0001:000ABE84 00000359 C=CODE    S=_TEXT    G=(none)   M=C:\DES\BUILD\XHB17\LIB\MACRO.LIB|macroa ACBP=A9
 0001:000AC1E0 00005D7D C=CODE    S=_TEXT    G=(none)   M=C:\DES\BUILD\XHB17\LIB\MACRO.LIB|macrob ACBP=A9
 0001:000B1F60 000008B4 C=CODE    S=_TEXT    G=(none)   M=C:\DES\BUILD\XHB17\LIB\MACRO.LIB|macroc ACBP=A9
 0001:000B2814 00002369 C=CODE    S=_TEXT    G=(none)   M=C:\DES\BUILD\XHB17\LIB\MACRO.LIB|macroslx ACBP=A9
 0001:000B4B80 000037F3 C=CODE    S=_TEXT    G=(none)   M=C:\DES\BUILD\XHB17\LIB\RDD.LIB|dbcmd ACBP=A9
 0001:000B8374 00000C62 C=CODE    S=_TEXT    G=(none)   M=C:\DES\BUILD\XHB17\LIB\RDD.LIB|dbcmd53 ACBP=A9
 0001:000B8FD8 0000028E C=CODE    S=_TEXT    G=(none)   M=C:\DES\BUILD\XHB17\LIB\RDD.LIB|dbcmdx ACBP=A9
 0001:000B9268 0000000E C=CODE    S=_TEXT    G=(none)   M=C:\DES\BUILD\XHB17\LIB\RDD.LIB|dbcmdhb ACBP=A9
 0001:000B9278 00000026 C=CODE    S=_TEXT    G=(none)   M=C:\DES\BUILD\XHB17\LIB\RDD.LIB|fieldhb ACBP=A9
 0001:000B92A0 000025FE C=CODE    S=_TEXT    G=(none)   M=C:\DES\BUILD\XHB17\LIB\RDD.LIB|workarea ACBP=A9
 0001:000BB8A0 0000086B C=CODE    S=_TEXT    G=(none)   M=C:\DES\BUILD\XHB17\LIB\RDD.LIB|wacore ACBP=A9
 0001:000BC10C 000014B3 C=CODE    S=_TEXT    G=(none)   M=C:\DES\BUILD\XHB17\LIB\RDD.LIB|wafunc ACBP=A9
 0001:000BD5C0 00008504 C=CODE    S=_TEXT    G=(none)   M=C:\DES\BUILD\XHB17\LIB\RDD.LIB|dbf1 ACBP=A9
 0001:000C5AC4 000006AB C=CODE    S=_TEXT    G=(none)   M=C:\DES\BUILD\XHB17\LIB\RDD.LIB|hbdbsort ACBP=A9
 0001:000C6170 000000D8 C=CODE    S=_TEXT    G=(none)   M=C:\DES\BUILD\XHB17\LIB\RDD.LIB|rddord ACBP=A9
 0001:000C6248 0000004C C=CODE    S=_TEXT    G=(none)   M=C:\DES\BUILD\XHB17\LIB\RDD.LIB|rddsys ACBP=A9
 0001:000C6294 0000ABE4 C=CODE    S=_TEXT    G=(none)   M=C:\DES\BUILD\XHB17\LIB\DBFNTX.LIB|dbfntx1 ACBP=A9
 0001:000D0E78 000076A4 C=CODE    S=_TEXT    G=(none)   M=C:\DES\BUILD\XHB17\LIB\DBFFPT.LIB|dbffpt1 ACBP=A9
 0001:000D851C 000003BF C=CODE    S=_TEXT    G=(none)   M=C:\DES\BUILD\XHB17\LIB\HBSIX.LIB|sxcrypt ACBP=A9
 0001:000D88DC 000000F8 C=CODE    S=_TEXT    G=(none)   M=C:\DES\BUILD\XHB17\LIB\HBSIX.LIB|sxdate ACBP=A9
 0001:000D89D4 0000003F C=CODE    S=_TEXT    G=(none)   M=C:\DES\BUILD\XHB17\LIB\COMMON.LIB|hbfopen ACBP=A9
 0001:000D8A14 000003DF C=CODE    S=_TEXT    G=(none)   M=C:\DES\BUILD\XHB17\LIB\COMMON.LIB|hbfsapi ACBP=A9
 0001:000D8DF4 000000F7 C=CODE    S=_TEXT    G=(none)   M=C:\DES\BUILD\XHB17\LIB\COMMON.LIB|hbgete ACBP=A9
 0001:000D8EEC 000005CA C=CODE    S=_TEXT    G=(none)   M=C:\DES\BUILD\XHB17\LIB\COMMON.LIB|hbmem ACBP=A9
 0001:000D94B8 0000169E C=CODE    S=_TEXT    G=(none)   M=C:\DES\BUILD\XHB17\LIB\COMMON.LIB|hbstr ACBP=A9
 0001:000DAB58 00001AB1 C=CODE    S=_TEXT    G=(none)   M=C:\DES\BUILD\XHB17\LIB\COMMON.LIB|hbprintf ACBP=A9
 0001:000DC60C 00000226 C=CODE    S=_TEXT    G=(none)   M=C:\DES\BUILD\XHB17\LIB\COMMON.LIB|hbtrace ACBP=A9
 0001:000DC834 0000102A C=CODE    S=_TEXT    G=(none)   M=C:\DES\BUILD\XHB17\LIB\COMMON.LIB|hbver ACBP=A9
 0001:000DD860 00000B1A C=CODE    S=_TEXT    G=(none)   M=C:\DES\BUILD\XHB17\LIB\COMMON.LIB|expropt1 ACBP=A9
 0001:000DE37C 00001645 C=CODE    S=_TEXT    G=(none)   M=C:\DES\BUILD\XHB17\LIB\COMMON.LIB|expropt2 ACBP=A9
 0001:000DF9C4 00000060 C=CODE    S=_TEXT    G=(none)   M=C:\DES\BUILD\XHB17\LIB\COMMON.LIB|reserved ACBP=A9
 0001:000DFA24 00001949 C=CODE    S=_TEXT    G=(none)   M=C:\DES\BUILD\XHB17\LIB\COMMON.LIB|hbdate ACBP=A9
 0001:000E1370 00000181 C=CODE    S=_TEXT    G=(none)   M=C:\DES\BUILD\XHB17\LIB\COMMON.LIB|hbwince ACBP=A9
 0001:000E14F4 00000559 C=CODE    S=_TEXT    G=(none)   M=C:\DES\BUILD\XHB17\LIB\CT.LIB|atnum ACBP=A9
 0001:000E1A50 000001E3 C=CODE    S=_TEXT    G=(none)   M=C:\DES\BUILD\XHB17\LIB\CT.LIB|blank ACBP=A9
 0001:000E1C34 000001E7 C=CODE    S=_TEXT    G=(none)   M=C:\DES\BUILD\XHB17\LIB\CT.LIB|charmirr ACBP=A9
 0001:000E1E1C 00000381 C=CODE    S=_TEXT    G=(none)   M=C:\DES\BUILD\XHB17\LIB\CT.LIB|charone ACBP=A9
 0001:000E21A0 0000031D C=CODE    S=_TEXT    G=(none)   M=C:\DES\BUILD\XHB17\LIB\CT.LIB|charonly ACBP=A9
 0001:000E24C0 000002B3 C=CODE    S=_TEXT    G=(none)   M=C:\DES\BUILD\XHB17\LIB\CT.LIB|charrepl ACBP=A9
 0001:000E2774 00000289 C=CODE    S=_TEXT    G=(none)   M=C:\DES\BUILD\XHB17\LIB\CT.LIB|charswap ACBP=A9
 0001:000E2A00 000002A2 C=CODE    S=_TEXT    G=(none)   M=C:\DES\BUILD\XHB17\LIB\CT.LIB|ctc ACBP=A9
 0001:000E2CA4 00000105 C=CODE    S=_TEXT    G=(none)   M=C:\DES\BUILD\XHB17\LIB\CT.LIB|ctmath ACBP=A9
 0001:000E2DAC 0000045A C=CODE    S=_TEXT    G=(none)   M=C:\DES\BUILD\XHB17\LIB\CT.LIB|ctmath2 ACBP=A9
 0001:000E3208 000004FD C=CODE    S=_TEXT    G=(none)   M=C:\DES\BUILD\XHB17\LIB\CT.LIB|ctstr ACBP=A9
 0001:000E3708 0000056F C=CODE    S=_TEXT    G=(none)   M=C:\DES\BUILD\XHB17\LIB\CT.LIB|datetime ACBP=A9
 0001:000E3C78 00000B94 C=CODE    S=_TEXT    G=(none)   M=C:\DES\BUILD\XHB17\LIB\CT.LIB|dattime2 ACBP=A9
 0001:000E480C 00000481 C=CODE    S=_TEXT    G=(none)   M=C:\DES\BUILD\XHB17\LIB\CT.LIB|disk ACBP=A9
 0001:000E4C90 000001F9 C=CODE    S=_TEXT    G=(none)   M=C:\DES\BUILD\XHB17\LIB\CT.LIB|numat ACBP=A9
 0001:000E4E8C 00000516 C=CODE    S=_TEXT    G=(none)   M=C:\DES\BUILD\XHB17\LIB\CT.LIB|range ACBP=A9
 0001:000E53A4 00000175 C=CODE    S=_TEXT    G=(none)   M=C:\DES\BUILD\XHB17\LIB\CT.LIB|remove ACBP=A9
 0001:000E551C 0000054B C=CODE    S=_TEXT    G=(none)   M=C:\DES\BUILD\XHB17\LIB\CT.LIB|strfile ACBP=A9
 0001:000E5A68 000009C7 C=CODE    S=_TEXT    G=(none)   M=C:\DES\BUILD\XHB17\LIB\CT.LIB|token1 ACBP=A9
 0001:000E6430 00000160 C=CODE    S=_TEXT    G=(none)   M=C:\DES\BUILD\XHB17\LIB\CT.LIB|ctmisc ACBP=A9
 0001:000E6590 0000030B C=CODE    S=_TEXT    G=(none)   M=C:\DES\BUILD\XHB17\LIB\CT.LIB|dattime3 ACBP=A9
 0001:000E689C 00000074 C=CODE    S=_TEXT    G=(none)   M=C:\DES\BUILD\XHB17\LIB\CT.LIB|cttime ACBP=A9
 0001:000E6910 00000074 C=CODE    S=_TEXT    G=(none)   M=C:\DES\BUILD\XHB17\LIB\CT.LIB|util ACBP=A9
 0001:000E6984 00007DF8 C=CODE    S=_TEXT    G=(none)   M=C:\DES\BUILD\XHB17\LIB\PCREPOS.LIB|pcre_compile ACBP=A9
 0001:000EE77C 0000B8A8 C=CODE    S=_TEXT    G=(none)   M=C:\DES\BUILD\XHB17\LIB\PCREPOS.LIB|pcre_exec ACBP=A9
 0001:000FA024 0000025E C=CODE    S=_TEXT    G=(none)   M=C:\DES\BUILD\XHB17\LIB\PCREPOS.LIB|pcre_fullinfo ACBP=A9
 0001:000FA284 000003E6 C=CODE    S=_TEXT    G=(none)   M=C:\DES\BUILD\XHB17\LIB\PCREPOS.LIB|pcre_newline ACBP=A9
 0001:000FA66C 0000004F C=CODE    S=_TEXT    G=(none)   M=C:\DES\BUILD\XHB17\LIB\PCREPOS.LIB|pcre_ord2utf8 ACBP=A9
 0001:000FA6BC 00000474 C=CODE    S=_TEXT    G=(none)   M=C:\DES\BUILD\XHB17\LIB\PCREPOS.LIB|pcre_valid_utf8 ACBP=A9
 0001:000FAB30 00000016 C=CODE    S=_TEXT    G=(none)   M=C:\DES\BUILD\XHB17\LIB\PCREPOS.LIB|pcre_version ACBP=A9
 0001:000FAB48 00000411 C=CODE    S=_TEXT    G=(none)   M=C:\DES\BUILD\XHB17\LIB\PCREPOS.LIB|pcre_xclass ACBP=A9
 0001:000FAF5C 000003C5 C=CODE    S=_TEXT    G=(none)   M=C:\DES\BUILD\XHB17\LIB\PCREPOS.LIB|pcreposix ACBP=A9
 0001:000FB324 00000377 C=CODE    S=_TEXT    G=(none)   M=C:\DES\BUILD\XHB17\LIB\ZLIB.LIB|adler32 ACBP=A9
 0001:000FB69C 0000091F C=CODE    S=_TEXT    G=(none)   M=C:\DES\BUILD\XHB17\LIB\ZLIB.LIB|crc32 ACBP=A9
 0001:000FBFBC 00002605 C=CODE    S=_TEXT    G=(none)   M=C:\DES\BUILD\XHB17\LIB\ZLIB.LIB|deflate ACBP=A9
 0001:000FE5C4 00000495 C=CODE    S=_TEXT    G=(none)   M=C:\DES\BUILD\XHB17\LIB\ZLIB.LIB|inffast ACBP=A9
 0001:000FEA5C 00001D89 C=CODE    S=_TEXT    G=(none)   M=C:\DES\BUILD\XHB17\LIB\ZLIB.LIB|inflate ACBP=A9
 0001:001007E8 00000429 C=CODE    S=_TEXT    G=(none)   M=C:\DES\BUILD\XHB17\LIB\ZLIB.LIB|inftrees ACBP=A9
 0001:00100C14 00001CE7 C=CODE    S=_TEXT    G=(none)   M=C:\DES\BUILD\XHB17\LIB\ZLIB.LIB|trees ACBP=A9
 0001:001028FC 000000EF C=CODE    S=_TEXT    G=(none)   M=C:\DES\BUILD\XHB17\LIB\ZLIB.LIB|zutil ACBP=A9
 0001:001029EB 000266D5 C=CODE    S=_TEXT    G=(none)   M=C:\DES\BUILD\XHB17\LIB\HBZIP.LIB|ziparchive ACBP=A9
 0001:001290C0 00001B6A C=CODE    S=_TEXT    G=(none)   M=C:\DES\BUILD\XHB17\LIB\HBZIP.LIB|zip ACBP=A9
 0001:0012AC2A 0000817D C=CODE    S=_TEXT    G=(none)   M=C:\DES\BUILD\XHB17\LIB\HBZIP.LIB|zipplatform ACBP=A9
 0001:00132D7F 00008BB3 C=CODE    S=_TEXT    G=(none)   M=C:\DES\BUILD\XHB17\LIB\HBZIP.LIB|zipstorage ACBP=A9
 0001:0013B92B 00002A61 C=CODE    S=_TEXT    G=(none)   M=C:\DES\BUILD\XHB17\LIB\HBZIP.LIB|zipstring ACBP=A9
 0001:0013E364 00001464 C=CODE    S=_TEXT    G=(none)   M=C:\DES\BUILD\XHB17\LIB\HBZIP.LIB|zipplatformcomm ACBP=A9
 0001:0013F7A0 00006C5E C=CODE    S=_TEXT    G=(none)   M=C:\DES\BUILD\XHB17\LIB\HBZIP.LIB|zippathcomponent ACBP=A9
 0001:001463D6 000010DF C=CODE    S=_TEXT    G=(none)   M=C:\DES\BUILD\XHB17\LIB\HBZIP.LIB|zipmemfile ACBP=A9
 0001:0014748D 00001437 C=CODE    S=_TEXT    G=(none)   M=C:\DES\BUILD\XHB17\LIB\HBZIP.LIB|zipfileheader ACBP=A9
 0001:0014889C 0000100E C=CODE    S=_TEXT    G=(none)   M=C:\DES\BUILD\XHB17\LIB\HBZIP.LIB|zipfile ACBP=A9
 0001:00149882 0000EEE1 C=CODE    S=_TEXT    G=(none)   M=C:\DES\BUILD\XHB17\LIB\HBZIP.LIB|zipnew ACBP=A9
 0001:00158673 00001299 C=CODE    S=_TEXT    G=(none)   M=C:\DES\BUILD\XHB17\LIB\HBZIP.LIB|zipcomp ACBP=A9
 0001:0015981C 00000AB4 C=CODE    S=_TEXT    G=(none)   M=C:\DES\BUILD\XHB17\LIB\HBZIP.LIB|zipexception ACBP=A9
 0001:0015A2A8 00000692 C=CODE    S=_TEXT    G=(none)   M=C:\DES\BUILD\XHB17\LIB\HBZIP.LIB|zipcompatibility ACBP=A9
 0001:0015A912 000069F5 C=CODE    S=_TEXT    G=(none)   M=C:\DES\BUILD\XHB17\LIB\HBZIP.LIB|zipcentraldir ACBP=A9
 0001:00161273 00000282 C=CODE    S=_TEXT    G=(none)   M=C:\DES\BUILD\XHB17\LIB\HBZIP.LIB|zipautobuffer ACBP=A9
 0001:001614AC 00000028 C=CODE    S=_TEXT    G=(none)   M=C:\DES\BUILD\BCC17\LIB\CW32.LIB|delaop ACBP=A9
 0001:001614D4 0000002E C=CODE    S=_TEXT    G=(none)   M=C:\DES\BUILD\BCC17\LIB\CW32.LIB|delop ACBP=A9
 0001:00161504 0000004E C=CODE    S=_TEXT    G=(none)   M=C:\DES\BUILD\BCC17\LIB\CW32.LIB|exceptio ACBP=A9
 0001:00161539 00000099 C=CODE    S=_TEXT    G=(none)   M=C:\DES\BUILD\BCC17\LIB\CW32.LIB|gccex ACBP=A9
 0001:00161586 000005CE C=CODE    S=_TEXT    G=(none)   M=C:\DES\BUILD\BCC17\LIB\CW32.LIB|inst ACBP=A9
 0001:00161B2C 0000245C C=CODE    S=_TEXT    G=(none)   M=C:\DES\BUILD\BCC17\LIB\CW32.LIB|ios ACBP=A9
 0001:00163F60 000049C2 C=CODE    S=_TEXT    G=(none)   M=C:\DES\BUILD\BCC17\LIB\CW32.LIB|iostream ACBP=A9
 0001:001688FC 000002EF C=CODE    S=_TEXT    G=(none)   M=C:\DES\BUILD\BCC17\LIB\CW32.LIB|dwlocale ACBP=A9
 0001:00168BC4 00002106 C=CODE    S=_TEXT    G=(none)   M=C:\DES\BUILD\BCC17\LIB\CW32.LIB|locale0 ACBP=A9
 0001:0016ACCA 00000019 C=CODE    S=_TEXT    G=(none)   M=C:\DES\BUILD\BCC17\LIB\CW32.LIB|new ACBP=A9
 0001:0016ACCC 00000074 C=CODE    S=_TEXT    G=(none)   M=C:\DES\BUILD\BCC17\LIB\CW32.LIB|newaop ACBP=A9
 0001:0016ACF4 0000011E C=CODE    S=_TEXT    G=(none)   M=C:\DES\BUILD\BCC17\LIB\CW32.LIB|newop ACBP=A9
 0001:0016ADEF 00000EB1 C=CODE    S=_TEXT    G=(none)   M=C:\DES\BUILD\BCC17\LIB\CW32.LIB|string ACBP=A9
 0001:0016BC78 000043B1 C=CODE    S=_TEXT    G=(none)   M=C:\DES\BUILD\BCC17\LIB\CW32.LIB|wiostrea ACBP=A9
 0001:00170001 000000D4 C=CODE    S=_TEXT    G=(none)   M=C:\DES\BUILD\BCC17\LIB\CW32.LIB|xlocinfo ACBP=A9
 0001:001700D8 00000110 C=CODE    S=_TEXT    G=(none)   M=C:\DES\BUILD\BCC17\LIB\CW32.LIB|xstart ACBP=A9
 0001:001701E8 00000027 C=CODE    S=_TEXT    G=(none)   M=C:\DES\BUILD\BCC17\LIB\CW32.LIB|wchar ACBP=A9
 0001:00170210 0000014B C=CODE    S=_TEXT    G=(none)   M=C:\DES\BUILD\BCC17\LIB\CW32.LIB|hrdir_b ACBP=A9
 0001:0017035C 00000020 C=CODE    S=_TEXT    G=(none)   M=C:\DES\BUILD\BCC17\LIB\CW32.LIB|hrdir_mf ACBP=A9
 0001:0017037C 000000DC C=CODE    S=_TEXT    G=(none)   M=C:\DES\BUILD\BCC17\LIB\CW32.LIB|hrdir_s ACBP=A9
 0001:00170458 00000001 C=CODE    S=_TEXT    G=(none)   M=C:\DES\BUILD\BCC17\LIB\CW32.LIB|hrdir_us ACBP=A9
 0001:0017045C 000001DF C=CODE    S=_TEXT    G=(none)   M=C:\DES\BUILD\BCC17\LIB\CW32.LIB|vnewldtc ACBP=A9
 0001:0017063C 00000DC2 C=CODE    S=_TEXT    G=(none)   M=C:\DES\BUILD\BCC17\LIB\CW32.LIB|_fastmm ACBP=A9
 0001:00171400 00000B42 C=CODE    S=_TEXT    G=(none)   M=C:\DES\BUILD\BCC17\LIB\CW32.LIB|_fastmma ACBP=A9
 0001:00171F44 0000004A C=CODE    S=_TEXT    G=(none)   M=C:\DES\BUILD\BCC17\LIB\CW32.LIB|heap ACBP=A9
 0001:00171F90 00000065 C=CODE    S=_TEXT    G=(none)   M=C:\DES\BUILD\BCC17\LIB\CW32.LIB|realloc ACBP=A9
 0001:00171FF8 00000001 C=CODE    S=_TEXT    G=(none)   M=C:\DES\BUILD\BCC17\LIB\CW32.LIB|crtlst_i ACBP=A9
 0001:00171FFC 00000001 C=CODE    S=_TEXT    G=(none)   M=C:\DES\BUILD\BCC17\LIB\CW32.LIB|crtlst_l ACBP=A9
 0001:00172000 00000032 C=CODE    S=_TEXT    G=(none)   M=C:\DES\BUILD\BCC17\LIB\CW32.LIB|strdup ACBP=A9
 0001:00172034 000000A3 C=CODE    S=_TEXT    G=(none)   M=C:\DES\BUILD\BCC17\LIB\CW32.LIB|strerror ACBP=A9
 0001:001720D8 0000004F C=CODE    S=_TEXT    G=(none)   M=C:\DES\BUILD\BCC17\LIB\CW32.LIB|strncpy ACBP=A9
 0001:00172128 0000002D C=CODE    S=_TEXT    G=(none)   M=C:\DES\BUILD\BCC17\LIB\CW32.LIB|strpbrk ACBP=A9
 0001:00172158 00000029 C=CODE    S=_TEXT    G=(none)   M=C:\DES\BUILD\BCC17\LIB\CW32.LIB|strrchr ACBP=A9
 0001:00172184 00000060 C=CODE    S=_TEXT    G=(none)   M=C:\DES\BUILD\BCC17\LIB\CW32.LIB|strstr ACBP=A9
 0001:001721E4 0000003F C=CODE    S=_TEXT    G=(none)   M=C:\DES\BUILD\BCC17\LIB\CW32.LIB|wcscpy ACBP=A9
 0001:00172224 00000018 C=CODE    S=_TEXT    G=(none)   M=C:\DES\BUILD\BCC17\LIB\CW32.LIB|wcslen ACBP=A9
 0001:0017223C 00000014 C=CODE    S=_TEXT    G=(none)   M=C:\DES\BUILD\BCC17\LIB\CW32.LIB|__memchr ACBP=A9
 0001:00172250 0000000A C=CODE    S=_TEXT    G=(none)   M=C:\DES\BUILD\BCC17\LIB\CW32.LIB|__strchr ACBP=A9
 0001:0017225C 0000000A C=CODE    S=_TEXT    G=(none)   M=C:\DES\BUILD\BCC17\LIB\CW32.LIB|__strstr ACBP=A9
 0001:00172268 00000037 C=CODE    S=_TEXT    G=(none)   M=C:\DES\BUILD\BCC17\LIB\CW32.LIB|_stpcpy ACBP=A9
 0001:001722A0 00000055 C=CODE    S=_TEXT    G=(none)   M=C:\DES\BUILD\BCC17\LIB\CW32.LIB|memchr ACBP=A9
 0001:001722F8 0000006C C=CODE    S=_TEXT    G=(none)   M=C:\DES\BUILD\BCC17\LIB\CW32.LIB|memcmp ACBP=A9
 0001:00172364 00000016 C=CODE    S=_TEXT    G=(none)   M=C:\DES\BUILD\BCC17\LIB\CW32.LIB|memcpy ACBP=A9
 0001:0017237C 00000117 C=CODE    S=_TEXT    G=(none)   M=C:\DES\BUILD\BCC17\LIB\CW32.LIB|memmove ACBP=A9
 0001:00172494 000000B3 C=CODE    S=_TEXT    G=(none)   M=C:\DES\BUILD\BCC17\LIB\CW32.LIB|memset ACBP=A9
 0001:00172548 0000005D C=CODE    S=_TEXT    G=(none)   M=C:\DES\BUILD\BCC17\LIB\CW32.LIB|strcat ACBP=A9
 0001:001725A8 0000004E C=CODE    S=_TEXT    G=(none)   M=C:\DES\BUILD\BCC17\LIB\CW32.LIB|strchr ACBP=A9
 0001:001725F8 0000004D C=CODE    S=_TEXT    G=(none)   M=C:\DES\BUILD\BCC17\LIB\CW32.LIB|strcmp ACBP=A9
 0001:00172648 00000049 C=CODE    S=_TEXT    G=(none)   M=C:\DES\BUILD\BCC17\LIB\CW32.LIB|strcpy ACBP=A9
 0001:00172694 0000005A C=CODE    S=_TEXT    G=(none)   M=C:\DES\BUILD\BCC17\LIB\CW32.LIB|strlen ACBP=A9
 0001:001726F0 0000007A C=CODE    S=_TEXT    G=(none)   M=C:\DES\BUILD\BCC17\LIB\CW32.LIB|strncat ACBP=A9
 0001:0017276C 0000005F C=CODE    S=_TEXT    G=(none)   M=C:\DES\BUILD\BCC17\LIB\CW32.LIB|strncmp ACBP=A9
 0001:001727CC 00000071 C=CODE    S=_TEXT    G=(none)   M=C:\DES\BUILD\BCC17\LIB\CW32.LIB|wmemchr ACBP=A9
 0001:00172840 0000001C C=CODE    S=_TEXT    G=(none)   M=C:\DES\BUILD\BCC17\LIB\CW32.LIB|wmemcpy ACBP=A9
 0001:0017285C 000000DF C=CODE    S=_TEXT    G=(none)   M=C:\DES\BUILD\BCC17\LIB\CW32.LIB|wmemset ACBP=A9
 0001:0017293C 00000040 C=CODE    S=_TEXT    G=(none)   M=C:\DES\BUILD\BCC17\LIB\CW32.LIB|__access ACBP=A9
 0001:0017297C 00000063 C=CODE    S=_TEXT    G=(none)   M=C:\DES\BUILD\BCC17\LIB\CW32.LIB|__close ACBP=A9
 0001:001729E0 00000013 C=CODE    S=_TEXT    G=(none)   M=C:\DES\BUILD\BCC17\LIB\CW32.LIB|__dup ACBP=A9
 0001:001729F4 000000EF C=CODE    S=_TEXT    G=(none)   M=C:\DES\BUILD\BCC17\LIB\CW32.LIB|__dup2 ACBP=A9
 0001:00172AE4 00000086 C=CODE    S=_TEXT    G=(none)   M=C:\DES\BUILD\BCC17\LIB\CW32.LIB|__eof ACBP=A9
 0001:00172B6C 00000123 C=CODE    S=_TEXT    G=(none)   M=C:\DES\BUILD\BCC17\LIB\CW32.LIB|__ftrunc ACBP=A9
 0001:00172C90 00000047 C=CODE    S=_TEXT    G=(none)   M=C:\DES\BUILD\BCC17\LIB\CW32.LIB|__isatty ACBP=A9
 0001:00172CD8 00000076 C=CODE    S=_TEXT    G=(none)   M=C:\DES\BUILD\BCC17\LIB\CW32.LIB|__lseek ACBP=A9
 0001:00172D50 00000214 C=CODE    S=_TEXT    G=(none)   M=C:\DES\BUILD\BCC17\LIB\CW32.LIB|__open ACBP=A9
 0001:00172F64 0000019A C=CODE    S=_TEXT    G=(none)   M=C:\DES\BUILD\BCC17\LIB\CW32.LIB|__read ACBP=A9
 0001:00173100 00000214 C=CODE    S=_TEXT    G=(none)   M=C:\DES\BUILD\BCC17\LIB\CW32.LIB|__wopen ACBP=A9
 0001:00173314 000001DD C=CODE    S=_TEXT    G=(none)   M=C:\DES\BUILD\BCC17\LIB\CW32.LIB|__wread ACBP=A9
 0001:001734F4 0000011C C=CODE    S=_TEXT    G=(none)   M=C:\DES\BUILD\BCC17\LIB\CW32.LIB|__write ACBP=A9
 0001:00173610 00000011 C=CODE    S=_TEXT    G=(none)   M=C:\DES\BUILD\BCC17\LIB\CW32.LIB|_cfinfo ACBP=A9
 0001:00173624 0000001F C=CODE    S=_TEXT    G=(none)   M=C:\DES\BUILD\BCC17\LIB\CW32.LIB|_close ACBP=A9
 0001:00173644 0000003D C=CODE    S=_TEXT    G=(none)   M=C:\DES\BUILD\BCC17\LIB\CW32.LIB|_commit ACBP=A9
 0001:00173684 00000075 C=CODE    S=_TEXT    G=(none)   M=C:\DES\BUILD\BCC17\LIB\CW32.LIB|_read ACBP=A9
 0001:001736F9 00000017 C=CODE    S=_TEXT    G=(none)   M=C:\DES\BUILD\BCC17\LIB\CW32.LIB|_umask ACBP=A9
 0001:001736FC 00000061 C=CODE    S=_TEXT    G=(none)   M=C:\DES\BUILD\BCC17\LIB\CW32.LIB|_write ACBP=A9
 0001:00173760 0000007D C=CODE    S=_TEXT    G=(none)   M=C:\DES\BUILD\BCC17\LIB\CW32.LIB|allocbuf ACBP=A9
 0001:001737E0 0000008F C=CODE    S=_TEXT    G=(none)   M=C:\DES\BUILD\BCC17\LIB\CW32.LIB|chdir ACBP=A9
 0001:00173870 0000009C C=CODE    S=_TEXT    G=(none)   M=C:\DES\BUILD\BCC17\LIB\CW32.LIB|chdrive ACBP=A9
 0001:0017390C 0000008E C=CODE    S=_TEXT    G=(none)   M=C:\DES\BUILD\BCC17\LIB\CW32.LIB|fclose ACBP=A9
 0001:0017399C 0000007F C=CODE    S=_TEXT    G=(none)   M=C:\DES\BUILD\BCC17\LIB\CW32.LIB|fflush ACBP=A9
 0001:00173A1C 0000001E C=CODE    S=_TEXT    G=(none)   M=C:\DES\BUILD\BCC17\LIB\CW32.LIB|fgetpos ACBP=A9
 0001:00173A3C 0000005A C=CODE    S=_TEXT    G=(none)   M=C:\DES\BUILD\BCC17\LIB\CW32.LIB|flushout ACBP=A9
 0001:00173A98 00000023 C=CODE    S=_TEXT    G=(none)   M=C:\DES\BUILD\BCC17\LIB\CW32.LIB|fmodeptr ACBP=A9
 0001:00173ABC 0000021B C=CODE    S=_TEXT    G=(none)   M=C:\DES\BUILD\BCC17\LIB\CW32.LIB|fopen ACBP=A9
 0001:00173CD8 00000022 C=CODE    S=_TEXT    G=(none)   M=C:\DES\BUILD\BCC17\LIB\CW32.LIB|fprintf ACBP=A9
 0001:00173CFC 000000DC C=CODE    S=_TEXT    G=(none)   M=C:\DES\BUILD\BCC17\LIB\CW32.LIB|fputn ACBP=A9
 0001:00173DD8 00000167 C=CODE    S=_TEXT    G=(none)   M=C:\DES\BUILD\BCC17\LIB\CW32.LIB|fread ACBP=A9
 0001:00173F40 0000014C C=CODE    S=_TEXT    G=(none)   M=C:\DES\BUILD\BCC17\LIB\CW32.LIB|fseek ACBP=A9
 0001:0017408C 00000019 C=CODE    S=_TEXT    G=(none)   M=C:\DES\BUILD\BCC17\LIB\CW32.LIB|fsetpos ACBP=A9
 0001:001740A8 000000DB C=CODE    S=_TEXT    G=(none)   M=C:\DES\BUILD\BCC17\LIB\CW32.LIB|fullpath ACBP=A9
 0001:00174184 00000031 C=CODE    S=_TEXT    G=(none)   M=C:\DES\BUILD\BCC17\LIB\CW32.LIB|fwrite ACBP=A9
 0001:001741B8 000002B9 C=CODE    S=_TEXT    G=(none)   M=C:\DES\BUILD\BCC17\LIB\CW32.LIB|handles ACBP=A9
 0001:00174474 0000007E C=CODE    S=_TEXT    G=(none)   M=C:\DES\BUILD\BCC17\LIB\CW32.LIB|ioerror ACBP=A9
 0001:001744F4 000001A6 C=CODE    S=_TEXT    G=(none)   M=C:\DES\BUILD\BCC17\LIB\CW32.LIB|lgetc ACBP=A9
 0001:0017469C 000001A8 C=CODE    S=_TEXT    G=(none)   M=C:\DES\BUILD\BCC17\LIB\CW32.LIB|lgetwc ACBP=A9
 0001:00174844 0000011A C=CODE    S=_TEXT    G=(none)   M=C:\DES\BUILD\BCC17\LIB\CW32.LIB|lputc ACBP=A9
 0001:00174960 00000144 C=CODE    S=_TEXT    G=(none)   M=C:\DES\BUILD\BCC17\LIB\CW32.LIB|lputwc ACBP=A9
 0001:00174AA4 00000091 C=CODE    S=_TEXT    G=(none)   M=C:\DES\BUILD\BCC17\LIB\CW32.LIB|mkname ACBP=A9
 0001:00174B38 0000006D C=CODE    S=_TEXT    G=(none)   M=C:\DES\BUILD\BCC17\LIB\CW32.LIB|oshandle ACBP=A9
 0001:00174BA5 00000083 C=CODE    S=_TEXT    G=(none)   M=C:\DES\BUILD\BCC17\LIB\CW32.LIB|perror ACBP=A9
 0001:00174BA8 00000023 C=CODE    S=_TEXT    G=(none)   M=C:\DES\BUILD\BCC17\LIB\CW32.LIB|printf ACBP=A9
 0001:00174BCC 0000006E C=CODE    S=_TEXT    G=(none)   M=C:\DES\BUILD\BCC17\LIB\CW32.LIB|setmode ACBP=A9
 0001:00174C3C 0000004D C=CODE    S=_TEXT    G=(none)   M=C:\DES\BUILD\BCC17\LIB\CW32.LIB|setvbuf ACBP=A9
 0001:00174C8C 00000100 C=CODE    S=_TEXT    G=(none)   M=C:\DES\BUILD\BCC17\LIB\CW32.LIB|snprntf ACBP=A9
 0001:00174D8C 00000038 C=CODE    S=_TEXT    G=(none)   M=C:\DES\BUILD\BCC17\LIB\CW32.LIB|sopen ACBP=A9
 0001:00174DC4 000002CD C=CODE    S=_TEXT    G=(none)   M=C:\DES\BUILD\BCC17\LIB\CW32.LIB|splitpth ACBP=A9
 0001:00175094 00000078 C=CODE    S=_TEXT    G=(none)   M=C:\DES\BUILD\BCC17\LIB\CW32.LIB|sprintf ACBP=A9
 0001:0017510C 00000207 C=CODE    S=_TEXT    G=(none)   M=C:\DES\BUILD\BCC17\LIB\CW32.LIB|stat ACBP=A9
 0001:00175314 00000101 C=CODE    S=_TEXT    G=(none)   M=C:\DES\BUILD\BCC17\LIB\CW32.LIB|streams ACBP=A9
 0001:00175418 00000015 C=CODE    S=_TEXT    G=(none)   M=C:\DES\BUILD\BCC17\LIB\CW32.LIB|tell ACBP=A9
 0001:00175430 00000052 C=CODE    S=_TEXT    G=(none)   M=C:\DES\BUILD\BCC17\LIB\CW32.LIB|ungetc ACBP=A9
 0001:00175484 0000005C C=CODE    S=_TEXT    G=(none)   M=C:\DES\BUILD\BCC17\LIB\CW32.LIB|ungetwc ACBP=A9
 0001:001754E0 0000001A C=CODE    S=_TEXT    G=(none)   M=C:\DES\BUILD\BCC17\LIB\CW32.LIB|unlink ACBP=A9
 0001:001754FC 0000025C C=CODE    S=_TEXT    G=(none)   M=C:\DES\BUILD\BCC17\LIB\CW32.LIB|utime ACBP=A9
 0001:00175758 00000022 C=CODE    S=_TEXT    G=(none)   M=C:\DES\BUILD\BCC17\LIB\CW32.LIB|vfprintf ACBP=A9
 0001:0017577C 00000A98 C=CODE    S=_TEXT    G=(none)   M=C:\DES\BUILD\BCC17\LIB\CW32.LIB|vprinter ACBP=A9
 0001:00176214 0000020F C=CODE    S=_TEXT    G=(none)   M=C:\DES\BUILD\BCC17\LIB\CW32.LIB|wfopen ACBP=A9
 0001:00176424 0000001A C=CODE    S=_TEXT    G=(none)   M=C:\DES\BUILD\BCC17\LIB\CW32.LIB|wunlink ACBP=A9
 0001:00176440 0000002E C=CODE    S=_TEXT    G=(none)   M=C:\DES\BUILD\BCC17\LIB\CW32.LIB|xfclose ACBP=A9
 0001:00176470 00000027 C=CODE    S=_TEXT    G=(none)   M=C:\DES\BUILD\BCC17\LIB\CW32.LIB|xfflush ACBP=A9
 0001:00176498 00000008 C=CODE    S=_TEXT    G=(none)   M=C:\DES\BUILD\BCC17\LIB\CW32.LIB|_stat ACBP=A9
 0001:001764A0 00000008 C=CODE    S=_TEXT    G=(none)   M=C:\DES\BUILD\BCC17\LIB\CW32.LIB|access ACBP=A9
 0001:001764A8 00000008 C=CODE    S=_TEXT    G=(none)   M=C:\DES\BUILD\BCC17\LIB\CW32.LIB|chsize ACBP=A9
 0001:001764B0 00000008 C=CODE    S=_TEXT    G=(none)   M=C:\DES\BUILD\BCC17\LIB\CW32.LIB|close ACBP=A9
 0001:001764B8 00000008 C=CODE    S=_TEXT    G=(none)   M=C:\DES\BUILD\BCC17\LIB\CW32.LIB|dup ACBP=A9
 0001:001764C0 00000008 C=CODE    S=_TEXT    G=(none)   M=C:\DES\BUILD\BCC17\LIB\CW32.LIB|lseek ACBP=A9
 0001:001764C8 00000010 C=CODE    S=_TEXT    G=(none)   M=C:\DES\BUILD\BCC17\LIB\CW32.LIB|open ACBP=A9
 0001:001764D8 00000008 C=CODE    S=_TEXT    G=(none)   M=C:\DES\BUILD\BCC17\LIB\CW32.LIB|read ACBP=A9
 0001:001764E0 00000010 C=CODE    S=_TEXT    G=(none)   M=C:\DES\BUILD\BCC17\LIB\CW32.LIB|remove ACBP=A9
 0001:001764F0 00000008 C=CODE    S=_TEXT    G=(none)   M=C:\DES\BUILD\BCC17\LIB\CW32.LIB|write ACBP=A9
 0001:001764F8 00000006 C=CODE    S=_TEXT    G=(none)   M=C:\DES\BUILD\BCC17\LIB\CW32.LIB|cconv ACBP=A9
 0001:00176500 000002CC C=CODE    S=_TEXT    G=(none)   M=C:\DES\BUILD\BCC17\LIB\CW32.LIB|convt ACBP=A9
 0001:001767CC 0000006C C=CODE    S=_TEXT    G=(none)   M=C:\DES\BUILD\BCC17\LIB\CW32.LIB|getinfo ACBP=A9
 0001:00176838 00000116 C=CODE    S=_TEXT    G=(none)   M=C:\DES\BUILD\BCC17\LIB\CW32.LIB|is ACBP=A9
 0001:00176950 0000011B C=CODE    S=_TEXT    G=(none)   M=C:\DES\BUILD\BCC17\LIB\CW32.LIB|wis ACBP=A9
 0001:00176A6C 0000009F C=CODE    S=_TEXT    G=(none)   M=C:\DES\BUILD\BCC17\LIB\CW32.LIB|isctype ACBP=A9
 0001:00176B0C 000000E6 C=CODE    S=_TEXT    G=(none)   M=C:\DES\BUILD\BCC17\LIB\CW32.LIB|iswctype ACBP=A9
 0001:00176BF4 0000118F C=CODE    S=_TEXT    G=(none)   M=C:\DES\BUILD\BCC17\LIB\CW32.LIB|locale ACBP=A9
 0001:00177D84 00000816 C=CODE    S=_TEXT    G=(none)   M=C:\DES\BUILD\BCC17\LIB\CW32.LIB|initcat ACBP=A9
 0001:0017859C 000000DD C=CODE    S=_TEXT    G=(none)   M=C:\DES\BUILD\BCC17\LIB\CW32.LIB|lconv ACBP=A9
 0001:0017867C 0000005A C=CODE    S=_TEXT    G=(none)   M=C:\DES\BUILD\BCC17\LIB\CW32.LIB|lstrcoll ACBP=A9
 0001:001786D8 00000024 C=CODE    S=_TEXT    G=(none)   M=C:\DES\BUILD\BCC17\LIB\CW32.LIB|lstrlwr ACBP=A9
 0001:001786FC 000000C0 C=CODE    S=_TEXT    G=(none)   M=C:\DES\BUILD\BCC17\LIB\CW32.LIB|ltolower ACBP=A9
 0001:001787BC 000000C0 C=CODE    S=_TEXT    G=(none)   M=C:\DES\BUILD\BCC17\LIB\CW32.LIB|ltoupper ACBP=A9
 0001:0017887C 00000681 C=CODE    S=_TEXT    G=(none)   M=C:\DES\BUILD\BCC17\LIB\CW32.LIB|mbyte1 ACBP=A9
 0001:00178F00 00000252 C=CODE    S=_TEXT    G=(none)   M=C:\DES\BUILD\BCC17\LIB\CW32.LIB|mbrtowc ACBP=A9
 0001:00179154 00000016 C=CODE    S=_TEXT    G=(none)   M=C:\DES\BUILD\BCC17\LIB\CW32.LIB|lsetlocl ACBP=A9
 0001:0017916C 00000268 C=CODE    S=_TEXT    G=(none)   M=C:\DES\BUILD\BCC17\LIB\CW32.LIB|_ll ACBP=A9
 0001:001793D4 0000001D C=CODE    S=_TEXT    G=(none)   M=C:\DES\BUILD\BCC17\LIB\CW32.LIB|_finite ACBP=A9
 0001:001793F4 0000001E C=CODE    S=_TEXT    G=(none)   M=C:\DES\BUILD\BCC17\LIB\CW32.LIB|_finitel ACBP=A9
 0001:00179414 0000002B C=CODE    S=_TEXT    G=(none)   M=C:\DES\BUILD\BCC17\LIB\CW32.LIB|_ftoul ACBP=A9
 0001:00179440 00000045 C=CODE    S=_TEXT    G=(none)   M=C:\DES\BUILD\BCC17\LIB\CW32.LIB|_isnan ACBP=A9
 0001:00179488 00000049 C=CODE    S=_TEXT    G=(none)   M=C:\DES\BUILD\BCC17\LIB\CW32.LIB|_isnanl ACBP=A9
 0001:001794D4 000000B0 C=CODE    S=_TEXT    G=(none)   M=C:\DES\BUILD\BCC17\LIB\CW32.LIB|_matherr ACBP=A9
 0001:00179584 00000184 C=CODE    S=_TEXT    G=(none)   M=C:\DES\BUILD\BCC17\LIB\CW32.LIB|_pow10 ACBP=A9
 0001:00179708 0000011C C=CODE    S=_TEXT    G=(none)   M=C:\DES\BUILD\BCC17\LIB\CW32.LIB|acosasin ACBP=A9
 0001:00179824 00000077 C=CODE    S=_TEXT    G=(none)   M=C:\DES\BUILD\BCC17\LIB\CW32.LIB|atol ACBP=A9
 0001:0017989C 0000001C C=CODE    S=_TEXT    G=(none)   M=C:\DES\BUILD\BCC17\LIB\CW32.LIB|ceil ACBP=A9
 0001:001798B8 00000013 C=CODE    S=_TEXT    G=(none)   M=C:\DES\BUILD\BCC17\LIB\CW32.LIB|clear87 ACBP=A9
 0001:001798CC 0000003F C=CODE    S=_TEXT    G=(none)   M=C:\DES\BUILD\BCC17\LIB\CW32.LIB|cos ACBP=A9
 0001:0017990C 0000002F C=CODE    S=_TEXT    G=(none)   M=C:\DES\BUILD\BCC17\LIB\CW32.LIB|ctrl87 ACBP=A9
 0001:0017993C 00000018 C=CODE    S=_TEXT    G=(none)   M=C:\DES\BUILD\BCC17\LIB\CW32.LIB|cvtentry ACBP=A9
 0001:00179954 00000018 C=CODE    S=_TEXT    G=(none)   M=C:\DES\BUILD\BCC17\LIB\CW32.LIB|cvtfak ACBP=A9
 0001:0017996C 00000018 C=CODE    S=_TEXT    G=(none)   M=C:\DES\BUILD\BCC17\LIB\CW32.LIB|cvtfakw ACBP=A9
 0001:00179984 00000016 C=CODE    S=_TEXT    G=(none)   M=C:\DES\BUILD\BCC17\LIB\CW32.LIB|div ACBP=A9
 0001:0017999C 0000006C C=CODE    S=_TEXT    G=(none)   M=C:\DES\BUILD\BCC17\LIB\CW32.LIB|exp ACBP=A9
 0001:00179A08 000000D2 C=CODE    S=_TEXT    G=(none)   M=C:\DES\BUILD\BCC17\LIB\CW32.LIB|f87exp ACBP=A9
 0001:00179ADC 00000048 C=CODE    S=_TEXT    G=(none)   M=C:\DES\BUILD\BCC17\LIB\CW32.LIB|f87log ACBP=A9
 0001:00179B24 0000000D C=CODE    S=_TEXT    G=(none)   M=C:\DES\BUILD\BCC17\LIB\CW32.LIB|fabs ACBP=A9
 0001:00179B34 0000001C C=CODE    S=_TEXT    G=(none)   M=C:\DES\BUILD\BCC17\LIB\CW32.LIB|floor ACBP=A9
 0001:00179B50 0000004D C=CODE    S=_TEXT    G=(none)   M=C:\DES\BUILD\BCC17\LIB\CW32.LIB|fmod ACBP=A9
 0001:00179BA0 00000016 C=CODE    S=_TEXT    G=(none)   M=C:\DES\BUILD\BCC17\LIB\CW32.LIB|fpreset ACBP=A9
 0001:00179BB8 00000030 C=CODE    S=_TEXT    G=(none)   M=C:\DES\BUILD\BCC17\LIB\CW32.LIB|ftol ACBP=A9
 0001:00179BE8 0000002D C=CODE    S=_TEXT    G=(none)   M=C:\DES\BUILD\BCC17\LIB\CW32.LIB|fuildq ACBP=A9
 0001:00179C18 00000021 C=CODE    S=_TEXT    G=(none)   M=C:\DES\BUILD\BCC17\LIB\CW32.LIB|fuistq ACBP=A9
 0001:00179C3C 00000011 C=CODE    S=_TEXT    G=(none)   M=C:\DES\BUILD\BCC17\LIB\CW32.LIB|fxam ACBP=A9
 0001:00179C50 000000B1 C=CODE    S=_TEXT    G=(none)   M=C:\DES\BUILD\BCC17\LIB\CW32.LIB|int64toa ACBP=A9
 0001:00179D04 0000011B C=CODE    S=_TEXT    G=(none)   M=C:\DES\BUILD\BCC17\LIB\CW32.LIB|ldtrunc ACBP=A9
 0001:00179E20 0000006D C=CODE    S=_TEXT    G=(none)   M=C:\DES\BUILD\BCC17\LIB\CW32.LIB|log ACBP=A9
 0001:00179E90 0000006D C=CODE    S=_TEXT    G=(none)   M=C:\DES\BUILD\BCC17\LIB\CW32.LIB|log10 ACBP=A9
 0001:00179F00 0000008F C=CODE    S=_TEXT    G=(none)   M=C:\DES\BUILD\BCC17\LIB\CW32.LIB|longtoa ACBP=A9
 0001:00179F90 00000075 C=CODE    S=_TEXT    G=(none)   M=C:\DES\BUILD\BCC17\LIB\CW32.LIB|ltoa1 ACBP=A9
 0001:0017A008 0000002E C=CODE    S=_TEXT    G=(none)   M=C:\DES\BUILD\BCC17\LIB\CW32.LIB|matherrl ACBP=A9
 0001:0017A038 00000016 C=CODE    S=_TEXT    G=(none)   M=C:\DES\BUILD\BCC17\LIB\CW32.LIB|mathptr ACBP=A9
 0001:0017A050 00000030 C=CODE    S=_TEXT    G=(none)   M=C:\DES\BUILD\BCC17\LIB\CW32.LIB|modf ACBP=A9
 0001:0017A080 00000030 C=CODE    S=_TEXT    G=(none)   M=C:\DES\BUILD\BCC17\LIB\CW32.LIB|modfl ACBP=A9
 0001:0017A0B0 000001DC C=CODE    S=_TEXT    G=(none)   M=C:\DES\BUILD\BCC17\LIB\CW32.LIB|pow ACBP=A9
 0001:0017A28C 00000025 C=CODE    S=_TEXT    G=(none)   M=C:\DES\BUILD\BCC17\LIB\CW32.LIB|qdiv10 ACBP=A9
 0001:0017A2B4 0000002E C=CODE    S=_TEXT    G=(none)   M=C:\DES\BUILD\BCC17\LIB\CW32.LIB|qmul10 ACBP=A9
 0001:0017A2E4 00000084 C=CODE    S=_TEXT    G=(none)   M=C:\DES\BUILD\BCC17\LIB\CW32.LIB|rand ACBP=A9
 0001:0017A368 000002F9 C=CODE    S=_TEXT    G=(none)   M=C:\DES\BUILD\BCC17\LIB\CW32.LIB|realcvt ACBP=A9
 0001:0017A664 00000331 C=CODE    S=_TEXT    G=(none)   M=C:\DES\BUILD\BCC17\LIB\CW32.LIB|realcvtw ACBP=A9
 0001:0017A998 0000002C C=CODE    S=_TEXT    G=(none)   M=C:\DES\BUILD\BCC17\LIB\CW32.LIB|round ACBP=A9
 0001:0017A9C4 000004E9 C=CODE    S=_TEXT    G=(none)   M=C:\DES\BUILD\BCC17\LIB\CW32.LIB|scantod ACBP=A9
 0001:0017AEB0 000004F5 C=CODE    S=_TEXT    G=(none)   M=C:\DES\BUILD\BCC17\LIB\CW32.LIB|scanwtod ACBP=A9
 0001:0017B3A8 0000003F C=CODE    S=_TEXT    G=(none)   M=C:\DES\BUILD\BCC17\LIB\CW32.LIB|sin ACBP=A9
 0001:0017B3E8 0000003A C=CODE    S=_TEXT    G=(none)   M=C:\DES\BUILD\BCC17\LIB\CW32.LIB|sqrt ACBP=A9
 0001:0017B424 000002D8 C=CODE    S=_TEXT    G=(none)   M=C:\DES\BUILD\BCC17\LIB\CW32.LIB|xcvt ACBP=A9
 0001:0017B6FC 000002F7 C=CODE    S=_TEXT    G=(none)   M=C:\DES\BUILD\BCC17\LIB\CW32.LIB|xcvtw ACBP=A9
 0001:0017B9F4 0000006D C=CODE    S=_TEXT    G=(none)   M=C:\DES\BUILD\BCC17\LIB\CW32.LIB|mbbtype ACBP=A9
 0001:0017BA64 0000014D C=CODE    S=_TEXT    G=(none)   M=C:\DES\BUILD\BCC17\LIB\CW32.LIB|mbctype ACBP=A9
 0001:0017BBB4 0000003D C=CODE    S=_TEXT    G=(none)   M=C:\DES\BUILD\BCC17\LIB\CW32.LIB|mbisalp ACBP=A9
 0001:0017BBF4 0000001A C=CODE    S=_TEXT    G=(none)   M=C:\DES\BUILD\BCC17\LIB\CW32.LIB|mbisdgt ACBP=A9
 0001:0017BC10 0000001A C=CODE    S=_TEXT    G=(none)   M=C:\DES\BUILD\BCC17\LIB\CW32.LIB|mbisspc ACBP=A9
 0001:0017BC2C 0000002F C=CODE    S=_TEXT    G=(none)   M=C:\DES\BUILD\BCC17\LIB\CW32.LIB|mbsbtype ACBP=A9
 0001:0017BC5C 0000009B C=CODE    S=_TEXT    G=(none)   M=C:\DES\BUILD\BCC17\LIB\CW32.LIB|mbsicmp ACBP=A9
 0001:0017BCF8 00000054 C=CODE    S=_TEXT    G=(none)   M=C:\DES\BUILD\BCC17\LIB\CW32.LIB|mbsnbcpy ACBP=A9
 0001:0017BD4C 000000BF C=CODE    S=_TEXT    G=(none)   M=C:\DES\BUILD\BCC17\LIB\CW32.LIB|mbsnbicm ACBP=A9
 0001:0017BE0C 0000006C C=CODE    S=_TEXT    G=(none)   M=C:\DES\BUILD\BCC17\LIB\CW32.LIB|mbspbrk ACBP=A9
 0001:0017BE78 00000058 C=CODE    S=_TEXT    G=(none)   M=C:\DES\BUILD\BCC17\LIB\CW32.LIB|mbsrchr ACBP=A9
 0001:0017BED0 0000001D C=CODE    S=_TEXT    G=(none)   M=C:\DES\BUILD\BCC17\LIB\CW32.LIB|mbtoupr ACBP=A9
 0001:0017BEF0 000000A6 C=CODE    S=_TEXT    G=(none)   M=C:\DES\BUILD\BCC17\LIB\CW32.LIB|assert ACBP=A9
 0001:0017BF98 000000BA C=CODE    S=_TEXT    G=(none)   M=C:\DES\BUILD\BCC17\LIB\CW32.LIB|ermsghlp ACBP=A9
 0001:0017C054 00000006 C=CODE    S=_TEXT    G=(none)   M=C:\DES\BUILD\BCC17\LIB\CW32.LIB|errno ACBP=A9
 0001:0017C05C 0000019F C=CODE    S=_TEXT    G=(none)   M=C:\DES\BUILD\BCC17\LIB\CW32.LIB|errormsg ACBP=A9
 0001:0017C1FC 00000089 C=CODE    S=_TEXT    G=(none)   M=C:\DES\BUILD\BCC17\LIB\CW32.LIB|platform ACBP=A9
 0001:0017C285 00000013 C=CODE    S=_TEXT    G=(none)   M=C:\DES\BUILD\BCC17\LIB\CW32.LIB|pureerr ACBP=A9
 0001:0017C298 00000236 C=CODE    S=_TEXT    G=(none)   M=C:\DES\BUILD\BCC17\LIB\CW32.LIB|qsort ACBP=A9
 0001:0017C4D0 000000A6 C=CODE    S=_TEXT    G=(none)   M=C:\DES\BUILD\BCC17\LIB\CW32.LIB|abort ACBP=A9
 0001:0017C578 000000A7 C=CODE    S=_TEXT    G=(none)   M=C:\DES\BUILD\BCC17\LIB\CW32.LIB|exit ACBP=A9
 0001:0017C620 00000067 C=CODE    S=_TEXT    G=(none)   M=C:\DES\BUILD\BCC17\LIB\CW32.LIB|getenv ACBP=A9
 0001:0017C688 0000001A C=CODE    S=_TEXT    G=(none)   M=C:\DES\BUILD\BCC17\LIB\CW32.LIB|initwild ACBP=A9
 0001:0017C6A4 00000011 C=CODE    S=_TEXT    G=(none)   M=C:\DES\BUILD\BCC17\LIB\CW32.LIB|exparg ACBP=A9
 0001:0017C6B8 00000011 C=CODE    S=_TEXT    G=(none)   M=C:\DES\BUILD\BCC17\LIB\CW32.LIB|wexparg ACBP=A9
 0001:0017C6CC 00000027 C=CODE    S=_TEXT    G=(none)   M=C:\DES\BUILD\BCC17\LIB\CW32.LIB|initargv ACBP=A9
 0001:0017C6F4 0000016C C=CODE    S=_TEXT    G=(none)   M=C:\DES\BUILD\BCC17\LIB\CW32.LIB|setargv ACBP=A9
 0001:0017C860 00000224 C=CODE    S=_TEXT    G=(none)   M=C:\DES\BUILD\BCC17\LIB\CW32.LIB|hsargv ACBP=A9
 0001:0017CA84 0000026D C=CODE    S=_TEXT    G=(none)   M=C:\DES\BUILD\BCC17\LIB\CW32.LIB|whsargv ACBP=A9
 0001:0017CCF4 00000045 C=CODE    S=_TEXT    G=(none)   M=C:\DES\BUILD\BCC17\LIB\CW32.LIB|setargv0 ACBP=A9
 0001:0017CD3C 000001A0 C=CODE    S=_TEXT    G=(none)   M=C:\DES\BUILD\BCC17\LIB\CW32.LIB|setenvp ACBP=A9
 0001:0017CEDC 000002FA C=CODE    S=_TEXT    G=(none)   M=C:\DES\BUILD\BCC17\LIB\CW32.LIB|signal ACBP=A9
 0001:0017D1D8 00000122 C=CODE    S=_TEXT    G=(none)   M=C:\DES\BUILD\BCC17\LIB\CW32.LIB|initexit ACBP=A9
 0001:0017D2FC 0000015C C=CODE    S=_TEXT    G=(none)   M=C:\DES\BUILD\BCC17\LIB\CW32.LIB|startup ACBP=A9
 0001:0017D458 0000004F C=CODE    S=_TEXT    G=(none)   M=C:\DES\BUILD\BCC17\LIB\CW32.LIB|tlsstat ACBP=A9
 0001:0017D4A8 000001DD C=CODE    S=_TEXT    G=(none)   M=C:\DES\BUILD\BCC17\LIB\CW32.LIB|gmtime ACBP=A9
 0001:0017D688 00000055 C=CODE    S=_TEXT    G=(none)   M=C:\DES\BUILD\BCC17\LIB\CW32.LIB|mktime ACBP=A9
 0001:0017D6E0 00000369 C=CODE    S=_TEXT    G=(none)   M=C:\DES\BUILD\BCC17\LIB\CW32.LIB|timefunc ACBP=A9
 0001:0017DA4C 00000006 C=CODE    S=_TEXT    G=(none)   M=C:\DES\BUILD\BCC17\LIB\CW32.LIB|tzdata ACBP=A9
 0001:0017DA54 000001EE C=CODE    S=_TEXT    G=(none)   M=C:\DES\BUILD\BCC17\LIB\CW32.LIB|tzset ACBP=A9
 0001:0017DC44 00000008 C=CODE    S=_TEXT    G=(none)   M=C:\DES\BUILD\BCC17\LIB\CW32.LIB|_tzset ACBP=A9
 0001:0017DC4C 00000156 C=CODE    S=_TEXT    G=(none)   M=C:\DES\BUILD\BCC17\LIB\CW32.LIB|statcvt ACBP=A9
 0001:0017DDA4 0000004E C=CODE    S=_TEXT    G=(none)   M=C:\DES\BUILD\BCC17\LIB\CW32.LIB|time ACBP=A9
 0001:0017DDF4 00000070 C=CODE    S=_TEXT    G=(none)   M=C:\DES\BUILD\BCC17\LIB\CW32.LIB|xxa ACBP=A9
 0001:0017DE64 000008B9 C=CODE    S=_TEXT    G=(none)   M=C:\DES\BUILD\BCC17\LIB\CW32.LIB|xxtype ACBP=A9
 0001:0017E6E7 0000005A C=CODE    S=_TEXT    G=(none)   M=C:\DES\BUILD\BCC17\LIB\CW32.LIB|xxut ACBP=A9
 0001:0017E710 00000147 C=CODE    S=_TEXT    G=(none)   M=C:\DES\BUILD\BCC17\LIB\CW32.LIB|xxv ACBP=A9
 0001:0017E858 0000000A C=CODE    S=_TEXT    G=(none)   M=C:\DES\BUILD\BCC17\LIB\CW32.LIB|defhandl ACBP=A9
 0001:0017E864 00000195 C=CODE    S=_TEXT    G=(none)   M=C:\DES\BUILD\BCC17\LIB\CW32.LIB|except ACBP=A9
 0001:0017E9FC 00000046 C=CODE    S=_TEXT    G=(none)   M=C:\DES\BUILD\BCC17\LIB\CW32.LIB|setexc ACBP=A9
 0001:0017EA44 00000031 C=CODE    S=_TEXT    G=(none)   M=C:\DES\BUILD\BCC17\LIB\CW32.LIB|ta ACBP=A9
 0001:0017EA78 00001F44 C=CODE    S=_TEXT    G=(none)   M=C:\DES\BUILD\BCC17\LIB\CW32.LIB|xx ACBP=A9
 0002:00000000 000000C8 C=DATA    S=_DATA    G=DGROUP   M=C:\DES\BUILD\BCC17\LIB\C0W32.OBJ ACBP=A9
 0002:000000C8 000030B4 C=DATA    S=_DATA    G=DGROUP   M=C:\DES\BUILD\EXERCICIOS\CLIENTE.OBJ ACBP=A9
 0002:0000317C 00001060 C=DATA    S=_DATA    G=DGROUP   M=C:\DES\BUILD\FWH17\LIB\FIVEHX.LIB|ACTIVEX ACBP=A9
 0002:000041DC 000094A8 C=DATA    S=_DATA    G=DGROUP   M=C:\DES\BUILD\FWH17\LIB\FIVEHX.LIB|ADOFUNCS ACBP=A9
 0002:0000D684 00000BF4 C=DATA    S=_DATA    G=DGROUP   M=C:\DES\BUILD\FWH17\LIB\FIVEHX.LIB|ALERT ACBP=A9
 0002:0000E278 000059D4 C=DATA    S=_DATA    G=DGROUP   M=C:\DES\BUILD\FWH17\LIB\FIVEHX.LIB|BAR ACBP=A9
 0002:00013C4C 00004394 C=DATA    S=_DATA    G=DGROUP   M=C:\DES\BUILD\FWH17\LIB\FIVEHX.LIB|BITMAP ACBP=A9
 0002:00017FE0 000029C8 C=DATA    S=_DATA    G=DGROUP   M=C:\DES\BUILD\FWH17\LIB\FIVEHX.LIB|BRUSH ACBP=A9
 0002:0001A9A8 00007A1C C=DATA    S=_DATA    G=DGROUP   M=C:\DES\BUILD\FWH17\LIB\FIVEHX.LIB|BTNBMP ACBP=A9
 0002:000223C4 00001A24 C=DATA    S=_DATA    G=DGROUP   M=C:\DES\BUILD\FWH17\LIB\FIVEHX.LIB|BUTTON ACBP=A9
 0002:00023DE8 00001944 C=DATA    S=_DATA    G=DGROUP   M=C:\DES\BUILD\FWH17\LIB\FIVEHX.LIB|BUTTONB ACBP=A9
 0002:0002572C 00001A3C C=DATA    S=_DATA    G=DGROUP   M=C:\DES\BUILD\FWH17\LIB\FIVEHX.LIB|CHECKBOX ACBP=A9
 0002:00027168 000004E4 C=DATA    S=_DATA    G=DGROUP   M=C:\DES\BUILD\FWH17\LIB\FIVEHX.LIB|CHECKRES ACBP=A9
 0002:0002764C 00000EB0 C=DATA    S=_DATA    G=DGROUP   M=C:\DES\BUILD\FWH17\LIB\FIVEHX.LIB|CLIPBRD ACBP=A9
 0002:000284FC 00004918 C=DATA    S=_DATA    G=DGROUP   M=C:\DES\BUILD\FWH17\LIB\FIVEHX.LIB|COMBOBOX ACBP=A9
 0002:0002CE14 00006244 C=DATA    S=_DATA    G=DGROUP   M=C:\DES\BUILD\FWH17\LIB\FIVEHX.LIB|CONTROL ACBP=A9
 0002:00033058 0000093C C=DATA    S=_DATA    G=DGROUP   M=C:\DES\BUILD\FWH17\LIB\FIVEHX.LIB|CURSOR ACBP=A9
 0002:00033994 00009194 C=DATA    S=_DATA    G=DGROUP   M=C:\DES\BUILD\FWH17\LIB\FIVEHX.LIB|DATAROW ACBP=A9
 0002:0003CB28 000021C4 C=DATA    S=_DATA    G=DGROUP   M=C:\DES\BUILD\FWH17\LIB\FIVEHX.LIB|DBCOMBO ACBP=A9
 0002:0003ECEC 0000067C C=DATA    S=_DATA    G=DGROUP   M=C:\DES\BUILD\FWH17\LIB\FIVEHX.LIB|DBFFUNC1 ACBP=A9
 0002:0003F368 00002548 C=DATA    S=_DATA    G=DGROUP   M=C:\DES\BUILD\FWH17\LIB\FIVEHX.LIB|DBFFUNC2 ACBP=A9
 0002:000418B0 0000041C C=DATA    S=_DATA    G=DGROUP   M=C:\DES\BUILD\FWH17\LIB\FIVEHX.LIB|DBTOOLS ACBP=A9
 0002:00041CCC 00000AA4 C=DATA    S=_DATA    G=DGROUP   M=C:\DES\BUILD\FWH17\LIB\FIVEHX.LIB|DDE ACBP=A9
 0002:00042770 00004048 C=DATA    S=_DATA    G=DGROUP   M=C:\DES\BUILD\FWH17\LIB\FIVEHX.LIB|DIALOG ACBP=A9
 0002:000467B8 00000758 C=DATA    S=_DATA    G=DGROUP   M=C:\DES\BUILD\FWH17\LIB\FIVEHX.LIB|DLGFIND ACBP=A9
 0002:00046F10 0000089C C=DATA    S=_DATA    G=DGROUP   M=C:\DES\BUILD\FWH17\LIB\FIVEHX.LIB|DLGS32 ACBP=A9
 0002:000477AC 000017CC C=DATA    S=_DATA    G=DGROUP   M=C:\DES\BUILD\FWH17\LIB\FIVEHX.LIB|EDIT ACBP=A9
 0002:00048F78 000021F0 C=DATA    S=_DATA    G=DGROUP   M=C:\DES\BUILD\FWH17\LIB\FIVEHX.LIB|ERRSYSW ACBP=A9
 0002:0004B168 00011250 C=DATA    S=_DATA    G=DGROUP   M=C:\DES\BUILD\FWH17\LIB\FIVEHX.LIB|FGET ACBP=A9
 0002:0005C3B8 00001078 C=DATA    S=_DATA    G=DGROUP   M=C:\DES\BUILD\FWH17\LIB\FIVEHX.LIB|FILENAME ACBP=A9
 0002:0005D430 00000584 C=DATA    S=_DATA    G=DGROUP   M=C:\DES\BUILD\FWH17\LIB\FIVEHX.LIB|FLINE ACBP=A9
 0002:0005D9B4 0000386C C=DATA    S=_DATA    G=DGROUP   M=C:\DES\BUILD\FWH17\LIB\FIVEHX.LIB|FOLDER ACBP=A9
 0002:00061220 00002E04 C=DATA    S=_DATA    G=DGROUP   M=C:\DES\BUILD\FWH17\LIB\FIVEHX.LIB|FONT ACBP=A9
 0002:00064024 000006DC C=DATA    S=_DATA    G=DGROUP   M=C:\DES\BUILD\FWH17\LIB\FIVEHX.LIB|FWDECODE ACBP=A9
[...]
 0002:001AD7C4  __ectbl__ std::_Deletegloballocale(void *)
 0002:001AD7F4  __ectbl__ std::_Setgloballocale(void *)
 0002:001AD80C  std::locale::_Locimp::_Clocptr
 0002:001AD810  std::locale::id::_Id_cnt
 0002:001AD814  std::ctype<char>::id
 0002:001AD818  __vdflg__ std::ctype<char>::id
 0002:001AD81C  std::ctype<wchar_t>::id
 0002:001AD820  __vdflg__ std::ctype<wchar_t>::id
 0002:001AD824  std::codecvt<wchar_t, char, int>::id
 0002:001AD828  __vdflg__ std::codecvt<wchar_t, char, int>::id
 0002:001AD82C  std::codecvt<char16_t, char, int>::id
 0002:001AD830  __vdflg__ std::codecvt<char16_t, char, int>::id
 0002:001AD834  std::codecvt<char32_t, char, int>::id
 0002:001AD838  __vdflg__ std::codecvt<char32_t, char, int>::id
 0002:001AD83C  std::ctype<char>::table_size
 0002:001AD840  __thrwl__ std::locale::locale()
 0002:001AD844  __odtbl__ std::locale::locale()
 0002:001AD854  __ectbl__ std::locale::locale()
 0002:001AD878  __odtbl__ std::locale::_Init()
 0002:001AD8B8  __ectbl__ std::locale::_Init()
 0002:001AD924  __odtbl__ std::locale::facet::_Register()
 0002:001AD934  __ectbl__ std::locale::facet::_Register()
 0002:001AD964  __odtbl__ std::locale::_Locimp::_Locimp(bool)
 0002:001AD974  __ectbl__ std::locale::_Locimp::_Locimp(bool)
 0002:001AD998  __odtbl__ std::locale::_Locimp::~_Locimp()
 0002:001AD9D4  __ectbl__ std::locale::_Locimp::~_Locimp()
 0002:001ADA1C  __odtbl__ std::_Locinfo::_Locinfo(std::basic_string<char, std::char_traits<char>, std::allocator<char> >&)
 0002:001ADA2C  __ectbl__ std::_Locinfo::_Locinfo(std::basic_string<char, std::char_traits<char>, std::allocator<char> >&)
 0002:001ADA50  __odtbl__ std::_Locinfo::~_Locinfo()
 0002:001ADA7C  __ectbl__ std::_Locinfo::~_Locinfo()
 0002:001ADAA0  __odtbl__ std::_Fac_node::~_Fac_node()
 0002:001ADAB0  __ectbl__ std::_Fac_node::~_Fac_node()
 0002:001ADAE0  __odtbl__ std::_Fac_deletable::~_Fac_deletable()
 0002:001ADAF0  __ectbl__ std::_Fac_deletable::~_Fac_deletable()
 0002:001ADB08  @std@_Fac_deletable@3
 0002:001ADB18  std::_New_hand
 0002:001ADB18  D2455_1
 0002:001ADB1C  D2457_1
 0002:001ADB40  D2461_1
 0002:001ADC30  D2466_1
 0002:001ADC5C  __odtbl__ std::_String_base::_Xlen() const
 0002:001ADC88  __ectbl__ std::_String_base::_Xlen() const
 0002:001ADCAC  __odtbl__ std::_String_base::_Xran() const
 0002:001ADCD8  __ectbl__ std::_String_base::_Xran() const
 0002:001ADCFC  D2473_1
 0002:001ADD94  std::_Winit::_Init_cnt
 0002:001ADD98  __odtbl__ std::_Winit::_Winit()
 0002:001AE088  __ectbl__ std::_Winit::_Winit()
 0002:001AE3D0  __odtbl__ std::_Winit::~_Winit()
 0002:001AE3F0  __ectbl__ std::_Winit::~_Winit()
 0002:001AE414  __odtbl__ std::basic_ios<wchar_t, std::char_traits<wchar_t> >::~basic_ios<wchar_t, std::char_traits<wchar_t> >()
 0002:001AE424  __ectbl__ std::basic_ios<wchar_t, std::char_traits<wchar_t> >::~basic_ios<wchar_t, std::char_traits<wchar_t> >()
 0002:001AE43C  __odtbl__ std::basic_filebuf<wchar_t, std::char_traits<wchar_t> >::_Endwrite()
 0002:001AE45C  __ectbl__ std::basic_filebuf<wchar_t, std::char_traits<wchar_t> >::_Endwrite()
 0002:001AE480  __odtbl__ std::basic_ostream<wchar_t, std::char_traits<wchar_t> >::~basic_ostream<wchar_t, std::char_traits<wchar_t> >()
 0002:001AE490  __ectbl__ std::basic_ostream<wchar_t, std::char_traits<wchar_t> >::~basic_ostream<wchar_t, std::char_traits<wchar_t> >()
 0002:001AE4A8  __odtbl__ std::basic_istream<wchar_t, std::char_traits<wchar_t> >::~basic_istream<wchar_t, std::char_traits<wchar_t> >()
 0002:001AE4B8  __ectbl__ std::basic_istream<wchar_t, std::char_traits<wchar_t> >::~basic_istream<wchar_t, std::char_traits<wchar_t> >()
 0002:001AE4D0  __odtbl__ std::basic_filebuf<wchar_t, std::char_traits<wchar_t> >::~basic_filebuf<wchar_t, std::char_traits<wchar_t> >()
 0002:001AE4E0  __ectbl__ std::basic_filebuf<wchar_t, std::char_traits<wchar_t> >::~basic_filebuf<wchar_t, std::char_traits<wchar_t> >()
 0002:001AE4F8  @std@%basic_ostream$b19std@%char_traits$b%%@3
 0002:001AE514  @std@%basic_ios$b19std@%char_traits$b%%@3
 0002:001AE524  @std@%basic_istream$b19std@%char_traits$b%%@3
 0002:001AE540  @std@%basic_streambuf$b19std@%char_traits$b%%@3
 0002:001AE588  @std@%basic_filebuf$b19std@%char_traits$b%%@3
 0002:001AE5D0  __ectbl__ std::basic_streambuf<wchar_t, std::char_traits<wchar_t> >::~basic_streambuf<wchar_t, std::char_traits<wchar_t> >()
 0002:001AE5DC  __odtbl__ std::basic_filebuf<wchar_t, std::char_traits<wchar_t> >::overflow(wchar_t)
 0002:001AE5FC  __ectbl__ std::basic_filebuf<wchar_t, std::char_traits<wchar_t> >::overflow(wchar_t)
 0002:001AE620  __odtbl__ std::basic_filebuf<wchar_t, std::char_traits<wchar_t> >::uflow()
 0002:001AE640  __ectbl__ std::basic_filebuf<wchar_t, std::char_traits<wchar_t> >::uflow()
 0002:001AE664  __odtbl__ std::basic_filebuf<wchar_t, std::char_traits<wchar_t> >::imbue(std::locale&)
 0002:001AE6DC  __ectbl__ std::basic_filebuf<wchar_t, std::char_traits<wchar_t> >::imbue(std::locale&)
 0002:001AE748  @std@%codecvt$bci%@3
 0002:001AE774  std::_Facetptr<std::codecvt<wchar_t, char, int> >::_Psave
 0002:001AE778  __odtbl__ std::codecvt<wchar_t, char, int>::~codecvt<wchar_t, char, int>()
 0002:001AE788  __ectbl__ std::codecvt<wchar_t, char, int>::~codecvt<wchar_t, char, int>()
 0002:001AE7A0  __thrwl__ std::codecvt<wchar_t, char, int>::do_always_noconv() const
 0002:001AE7A4  __ectbl__ std::codecvt<wchar_t, char, int>::do_always_noconv() const
 0002:001AE7B0  __thrwl__ std::codecvt<wchar_t, char, int>::do_max_length() const
 0002:001AE7B4  __ectbl__ std::codecvt<wchar_t, char, int>::do_max_length() const
 0002:001AE7C0  __thrwl__ std::codecvt<wchar_t, char, int>::do_encoding() const
 0002:001AE7C4  __ectbl__ std::codecvt<wchar_t, char, int>::do_encoding() const
 0002:001AE7D0  D2481_1
 0002:001AE9D0  D2485_1
 0002:001AEA34  D2627_1
 0002:001AEB44  D2639_1
 0002:001AEB48  __heap_redirector
 0002:001AEB68  D2653_0
 0002:001AEB68  __stkchk
 0002:001AEB6C  D2669_1
 0002:001AEC28  D2673_1
 0002:001AEC28  __FastMM_IsMultiThread
 0002:001AEC29  __FastMM_ReportMemoryLeaksOnShutdown
 0002:001AEC2A  __FastMM_NeverSleepOnMMThreadContention
 0002:001AEC5C  __FastMM_MemoryManager
 0002:001AEC74  __FastMM_SmallBlockTypes
 0002:001AF354  __FastMM_MediumBlocksLocked
 0002:001AF3DC  D2783_1
 0002:001AF3F0  D2943_1
 0002:001AF3FC  D2963_1
 0002:001AF3FC  __cfinfo_get
 0002:001AF400  D2995_1
 0002:001AF400  __notUmask
 0002:001AF404  __fileinfo
 0002:001AF404  D3015_0
 0002:001AF408  __streams
 0002:001AF408  D3073_0
 0002:001AF8B8  __nfile
 0002:001AF8B8  D3075_0
 0002:001AF8BC  __openfd
 0002:001AF984  D3083_0
 0002:001AF984  __fmode
 0002:001AF988  D3085_1
 0002:001AF988  __fmodeptr
 0002:001AF98C  __dosErrorToSV
 0002:001AF98C  D3165_1
 0002:001AFAB8  D3184_1
 0002:001AFAC4  D3190_1
 0002:001AFAC4  __sys_errlist
 0002:001AFB8C  __sys_nerr
 0002:001AFF58  D3273_1
 0002:001AFF70  D3301_1
 0002:001AFF7C  D3319_1
 0002:001AFFF4  D3477_0
 0002:001AFFF4  __chartype
 0002:001B01F8  D3479_1
 0002:001B01F8  __localeconvention
 0002:001B0228  ___force
 0002:001B0238  D3481_1
 0002:001B0288  __lower
 0002:001B0288  D3483_0
 0002:001B0388  __upper
 0002:001B0388  D3487_0
 0002:001B0488  ___mb_cur_max
 0002:001B0488  D3503_1
 0002:001B048C  ___localeLock
 0002:001B05A0  D3505_0
 0002:001B05A0  _CMonetary
 0002:001B05D4  _CNumeric
 0002:001B05EA  _CTimeDate
 0002:001B06AC  _CLOCALE
 0002:001B06D8  ___locale
 0002:001B07FC  D3507_1
 0002:001B0888  D3633_1
 0002:001B0898  _e0to7
 0002:001B0898  D3639_1
 0002:001B08E8  _e8
 0002:001B08F4  _e16
 0002:001B08FE  _e32
 0002:001B0908  _e64
 0002:001B0912  _e128
 0002:001B091C  _e256
 0002:001B0926  _e512
 0002:001B0930  _e1024
 0002:001B093A  _e2048
 0002:001B0944  _e4096
 0002:001B094E  _eINF
 0002:001B0958  D3646_1
 0002:001B0974  D3676_1
 0002:001B0980  D3694_1
 0002:001B0980  __realcvtptr
 0002:001B0984  __nextrealptr
 0002:001B0988  __scantodptr
 0002:001B098C  __scanrsltptr
 0002:001B09E8  D3696_1
 0002:001B09E8  __realcvtwptr
 0002:001B09EC  __nextrealwptr
 0002:001B09F0  __scanwtodptr
 0002:001B09F4  __scanwrsltptr
 0002:001B0A50  __default87
 0002:001B0A50  D3698_0
 0002:001B0A54  D3704_1
 0002:001B0A60  D3712_1
 0002:001B0A74  D3714_1
 0002:001B0A8C  __huge_flt
 0002:001B0A8C  D3752_0
 0002:001B0A90  __huge_dble
 0002:001B0A98  __huge_ldble
 0002:001B0AA2  __max_flt
 0002:001B0AA6  __max_dble
 0002:001B0AAE  __max_ldble
 0002:001B0AB8  __indefinite
 0002:001B0ABC  __tiny_ldble
 0002:001B0AC8  ___ieee_64_p_inf
 0002:001B0AD0  ___ieee_64_n_inf
 0002:001B0AD8  ___ieee_64_p_nanq
 0002:001B0AE0  ___ieee_64_n_nanq
 0002:001B0AE8  ___ieee_64_p_nans
 0002:001B0AF0  ___ieee_64_n_nans
 0002:001B0AF8  ___ieee_64_p_zero
 0002:001B0B00  ___ieee_64_n_zero
 0002:001B0B08  __turboFloat
 0002:001B0B08  D3762_0
 0002:001B0B0C  __floatconvert
 0002:001B0B10  D3780_1
 0002:001B0B1C  D3782_1
 0002:001B0B2C  __pmatherr
 0002:001B0B2C  D3804_1
 0002:001B0B30  __pmatherrl
 0002:001B0B34  D3808_0
 0002:001B0B34  __mathwhy
 0002:001B0B78  D3818_1
 0002:001B0B94  D3830_1
 0002:001B0B9C  D3832_1
 0002:001B0BB0  D3834_1
 0002:001B0BD8  D3841_1
 0002:001B0C00  D3843_1
 0002:001B0C28  D3845_1
 0002:001B0C34  D3853_1
 0002:001B0C44  D3911_1
 0002:001B0C44  __kalpha
 0002:001B0C46  __kpunct
 0002:001B0C8C  D4051_1
 0002:001B0CB0  D4069_1
 0002:001B0CD4  _errno
 0002:001B0CD4  D4071_1
 0002:001B0CD8  __messagefunc
 0002:001B0CD8  D4073_1
 0002:001B0CDC  __messagefile
 0002:001B0CE8  D4081_1
 0002:001B0D10  D4083_1
 0002:001B0D30  D4104_1
 0002:001B0D6C  D4106_0
 0002:001B0D6C  ___pCallAtExitProcs
 0002:001B0D70  D4142_1
 0002:001B0D70  __exitbuf
 0002:001B0D74  __exitfopen
 0002:001B0D78  __exitopen
 0002:001B0D7C  D4164_0
 0002:001B0D7C  __setargv_ptr
 0002:001B0D80  __exitargv_ptr
 0002:001B0D84  __wsetargv_ptr
 0002:001B0D84  D4166_0
 0002:001B0D88  __wexitargv_ptr
 0002:001B0D8C  __setargv__
 0002:001B0D8C  D4168_1
 0002:001B0DE0  __cmdline_escapes
 0002:001B0DE0  D4170_1
 0002:001B0E08  D4172_1
 0002:001B0E2C  __argv_expand_ptr
 0002:001B0E2C  D4225_0
 0002:001B0E30  __wargv_expand_ptr
 0002:001B0E30  D4227_0
 0002:001B0E34  __argv0
 0002:001B0E34  D4229_1
 0002:001B0E54  __setenvp__
 0002:001B0E54  D4241_1
 0002:001B0EA8  D4255_1
 0002:001B0F08  D4267_0
 0002:001B0F08  __isWindows
 0002:001B0F0C  D4269_1
 0002:001B0F10  __SWeekday
 0002:001B0F10  D4309_0
 0002:001B0F2C  __LWeekday
 0002:001B0F48  __SMonth
 0002:001B0F78  __LMonth
 0002:001B0FA8  __AmPm
 0002:001B0FB0  __Days
 0002:001B0FBC  __YDays
 0002:001B10D4  __PREFER_END_STANDARD_TIME
 0002:001B10D4  D4313_1
 0002:001B10D5  __PREFER_START_DAYLIGHT_TIME
 0002:001B10DC  D4315_1
 0002:001B10DC  __timezone
 0002:001B10E0  __daylight
 0002:001B10E4  D4317_1
 0002:001B10E4  __tzname
 0002:001B10F8  D4350_0
 0002:001B10F8  ___xxPersonality
 0002:001B10FC  D4352_1
 0002:001B1438  __thrwl__ std::bad_typeid::~bad_typeid()
 0002:001B143C  __ectbl__ std::bad_typeid::~bad_typeid()
 0002:001B1448  @std@bad_typeid@3
 0002:001B145C  D4354_1
 0002:001B145C  ___terminatePTR
 0002:001B1460  ___unexpectdPTR
 0002:001B1464  D4356_1
 0002:001B1464  ___CPPexceptionList
 0002:001B1468  ___exceptFlags
 0002:001B146C  ___throwFileName
 0002:001B1470  ___throwLineNumber
 0002:001B1474  ___throwExceptionName
 0002:001B1478  ___exceptStaticBuffP
 0002:001B147C  ___exceptMemAllocVars
 0002:001B1480  ___ExceptStaticXbuff
 0002:001B1500  __ExceptVarsSize
 0002:001B1514  __chtbl__ __call_terminate()
 0002:001B1534  __ectbl__ __call_terminate()
 0002:001B154C  D4362_1
 0002:001B155C  ___debuggerDisableTerminateCallback
 0002:001B155C  D4395_1
 0002:001B1E90  __odtbl__ ___ExceptionHandler(_EXCEPTION_RECORD *, ERRbc *, _CONTEXT *, void *, unsigned long, unsigned long, unsigned long, unsigned long, unsigned long, unsigned long)
 0002:001B1EA0  __ectbl__ ___ExceptionHandler(_EXCEPTION_RECORD *, ERRbc *, _CONTEXT *, void *, unsigned long, unsigned long, unsigned long, unsigned long, unsigned long, unsigned long)
 0002:001B1EC4  __thrwl__ std::bad_exception::bad_exception()
 0002:001B1EC8  __odtbl__ std::bad_exception::bad_exception()
 0002:001B1ED8  __ectbl__ std::bad_exception::bad_exception()
 0002:001B1EF0  __thrwl__ std::bad_exception::~bad_exception()
 0002:001B1EF4  __odtbl__ std::bad_exception::~bad_exception()
 0002:001B1F04  __ectbl__ std::bad_exception::~bad_exception()
 0002:001B1F1C  __ectbl__ std::bad_exception::bad_exception(std::bad_exception&)
 0002:001B1F28  @std@bad_exception@3
 0002:001B1F3C  _GUID_NULL
 0002:001B1F3C  D4554_0
 0002:001B1F4C  _IID_IUnknown
 0002:001B1F5C  _IID_IRichEditOleCallback
 0002:001B1F6C  _IID_IEnumVARIANT
 0002:001B1F7C  _IID_IDispatch
 0002:001B1F8C  _IID_IDataObject
 0002:001B1F9C  _IID_IPersistStreamInit
 0002:001B1FAC  _IID_IOleControlSite
 0002:001B1FBC  _IID_IProvideClassInfo2
 0002:001B1FCC  _IID_IProvideClassInfo
 0002:001B1FDC  _IID_IClassFactory2
 0002:001B1FEC  _IID_IConnectionPointContainer
 0002:001B1FFC  _IID_IOleInPlaceSite
 0002:001B200C  _IID_IOleInPlaceObject
 0002:001B201C  _IID_IOleInPlaceFrame
 0002:001B202C  _IID_IOleInPlaceUIWindow
 0002:001B203C  _IID_IOleWindow
 0002:001B204C  _IID_IOleObject
 0002:001B205C  _IID_IOleClientSite
 0003:00000000  B2_2
 0003:00000018  B31_2
 0003:00000030  B33_2
 0003:00000048  B35_2
 0003:00000060  B39_2
 0003:00000078  B43_2
 0003:00000090  B49_2
 0003:000000A8  B53_2
 0003:000000C0  B57_2
 0003:000000D8  B59_2
 0003:000000F0  B67_2
 0003:00000108  B69_2
 0003:00000120  B71_2
 0003:00000138  B75_2
 0003:00000150  B79_2
 0003:00000168  B81_2
 0003:00000180  B85_2
 0003:00000198  B87_2
 0003:000001B0  B93_2
 0003:000001C8  B95_2
 0003:000001E0  B105_2
 0003:000001F8  B107_2
 0003:00000210  B111_2
 0003:00000228  B113_2
 0003:00000240  B115_2
 0003:00000258  B119_2
 0003:00000270  B123_2
 0003:00000288  B129_2
 0003:000002A0  B131_2
 0003:000002B8  B135_2
 0003:000002D0  B137_2
 0003:000002E8  B139_2
 0003:00000300  B145_2
 0003:00000318  B147_2
 0003:00000330  B157_2
 0003:00000348  B159_2
 0003:00000360  B161_2
 0003:00000378  B163_2
 0003:00000390  B165_2
 0003:000003A8  __iob
 0003:000003F0  B167_2
 0003:00000408  B169_2
 0003:00000420  _pHTMLHELP
 0003:00000424  B171_2
 0003:0000043C  B177_2
 0003:00000454  B179_2
 0003:0000046C  B181_2
 0003:00000484  B189_2
 0003:0000049C  B191_2
 0003:000004B4  B197_2
 0003:000004CC  B199_2
 0003:000004E4  B201_2
 0003:000004FC  B205_2
 0003:00000514  B209_2
 0003:0000052C  B211_2
 0003:00000544  B217_2
 0003:0000055C  B223_2
 0003:00000574  B227_2
 0003:0000058C  B235_2
 0003:000005A4  B243_2
 0003:000005BC  B249_2
 0003:000005D4  B253_2
 0003:000005EC  B261_2
 0003:00000604  B263_2
 0003:0000061C  B265_2
 0003:00000634  B267_2
 0003:0000064C  B269_2
 0003:00000664  _fp
 0003:00000668  _nDocLen
 0003:0000066C  B271_2
 0003:00000684  B273_2
 0003:0000069C  B277_2
 0003:000006B4  B279_2
 0003:000006CC  B281_2
 0003:000006E4  B283_2
 0003:000006FC  B285_2
 0003:00000714  B287_2
 0003:0000072C  B289_2
 0003:00000744  B291_2
 0003:0000075C  B293_2
 0003:00000774  B297_2
 0003:0000078C  B299_2
 0003:000007A4  B301_2
 0003:000007BC  B303_2
 0003:000007D4  B309_2
 0003:000007EC  B323_2
 0003:00000804  B325_2
 0003:0000081C  B329_2
 0003:00000834  B345_2
 0003:0000084C  B371_2
 0003:00000864  B399_2
 0003:0000087C  B401_2
 0003:00000894  B413_2
 0003:000008AC  B417_2
 0003:000008C4  B427_2
 0003:000008DC  B431_2
 0003:000008F4  B435_2
 0003:0000090C  B445_2
 0003:00000924  B449_2
 0003:0000093C  B455_2
 0003:00000954  B477_2
 0003:0000096C  B479_2
 0003:00000984  B481_2
 0003:0000099C  B485_2
 0003:000009B4  B487_2
 0003:000009CC  B499_2
 0003:000009E4  B501_2
 0003:000009FC  B507_2
 0003:00000A14  B535_2
 0003:00000A2C  B537_2
 0003:00000A44  B539_2
 0003:00000A5C  B547_2
 0003:00000A74  B553_2
 0003:00000A8C  B557_2
 0003:00000AA4  B559_2
 0003:00000ABC  B563_2
 0003:00000AD4  B565_2
 0003:00000AEC  B585_2
 0003:0000225C  B589_2
 0003:000023EC  B591_2
 0003:0000250C  _gdiplusStartupInput
 0003:0000250C  B599_2
 0003:0000251C  _gdiplusToken
 0003:00002520  B633_2
 0003:00002624  B637_2
 0003:0000267C  B741_2
 0003:00002724  B763_2
 0003:00002728  B779_2
 0003:000027C8  B815_1
 0003:00002840  B819_2
 0003:000028BC  B839_2
 0003:000029FC  B865_2
 0003:00002A04  B875_2
 0003:00002A48  B897_2
 0003:00002A60  B899_2
 0003:00002A78  B921_2
 0003:00002A78  _item
 0003:00002A94  B923_2
 0003:00002A94  _itemw
 0003:00002AB0  _fnIsWow64Process
 0003:00002AB0  B971_2
 0003:00002AB4  B1015_2
 0003:00002AB8  B1029_2
 0003:00002ABC  B1031_2
 0003:00002AD4  B1043_2
 0003:00002B54  B1051_2
 0003:00002D6C  B1075_1
 0003:00002D74  B1113_2
 0003:00002E80  B1147_2
 0003:00003080  B1228_1
 0003:00003084  B1288_2
 0003:00003088  B1307_2
 0003:000030A0  B1313_2
 0003:000030B8  B1329_2
 0003:000030D0  B1347_2
 0003:000030E8  B1353_2
 0003:00003100  B1371_2
 0003:00003118  B1387_2
 0003:00003130  B1391_2
 0003:00003148  B1401_2
 0003:00003160  B1405_2
 0003:00003178  B1413_2
 0003:00003190  B1427_2
 0003:000031A8  B1431_2
 0003:000031F8  B1435_2
 0003:00003210  B1437_2
 0003:00003228  B1469_2
 0003:00004D64  B1475_2
 0003:00004EF4  B1489_2
 0003:00004F0C  B1503_2
 0003:0000520C  B1623_2
 0003:00005260  B1631_2
 0003:00005328  _yyleng
 0003:00005334  _yyin
 0003:00009D40  B1657_2
 0003:00009EE8  B1703_2
 0003:00009F00  B1707_2
 0003:00009F18  B1973_2
 0003:0000A0C4  B1975_2
 0003:0000A26C  B2192_2
 0003:0000A284  B2228_2
 0003:0000A29C  B2230_2
 0003:0000A2B4  B2367_2
 0003:0000A2C8  _ChangeDiskBlock
 0003:0000A2E4  B2385_2
 0003:0000A2E4  _ZipArray
 0003:0000A2E8  _pZipI
 0003:0000A300  std::_Ios_init
 0003:0000A300  B2447_2
 0003:0000A308  std::_Wios_init
 0003:0000A3C0  std::cin
 0003:0000A410  std::cout
 0003:0000A4B0  std::cerr
 0003:0000A4F8  std::clog
 0003:0000A544  B2451_2
 0003:0000A54C  B2453_2
 0003:0000A55C  B2461_2
 0003:0000A560  B2473_2
 0003:0000A668  std::wcin
 0003:0000A6B8  std::wcout
 0003:0000A700  std::wcerr
 0003:0000A748  std::wclog
 0003:0000A794  B2485_2
 0003:0000A79C  __bormm_pfn_FreeMem
 0003:0000A79C  B2627_2
 0003:0000A7A0  __bormm_pfn_GetMem
 0003:0000A7A4  __bormm_pfn_AllocMem
 0003:0000A7A8  __bormm_pfn_ReallocMem
 0003:0000A7AC  __bormm_pfn_HeapAddRef
 0003:0000A7B0  __bormm_pfn_HeapRelease
 0003:0000A7B8  __borlndmm_GetMem
 0003:0000A7BC  B2673_2
 0003:0000A7CD  __FastMM_AllocSize2SmallBlockTypeIndX4
 0003:0000A914  __FastMM_LastSequentiallyFedMediumBlock
 0003:0000A918  __FastMM_MediumSequentialFeedBytesLeft
 0003:0000A91C  __FastMM_MediumBlockBinGroupBitmap
 0003:0000A920  __FastMM_MediumBlockBinBitmaps
 0003:0000A9A0  __FastMM_MediumBlockBins
 0003:0000C9B8  B2783_2
 0003:0000CA5C  __pidtab
 0003:0000CA5C  B3075_1
 0003:0000CB24  __handles
 0003:0000CBEC  B3165_2
 0003:0000CBEC  __doserrno
 0003:0000CBF0  B3169_1
 0003:0000CBF4  B3171_1
 0003:0000CBF8  B3184_2
 0003:0000CBF8  __tmpnum
 0003:0000CC08  B3911_2
 0003:0000CC08  __mbctype
 0003:0000CD0C  __mbcsCodePage
 0003:0000CD10  B4051_2
 0003:0000CE10  B4069_2
 0003:0000CE2C  B4081_2
 0003:0000CE2C  __ostype
 0003:0000CE30  B4085_1
 0003:0000CE38  B4168_2
 0003:0000CE38  __argv
 0003:0000CE44  B4170_2
 0003:0000CE48  B4172_2
 0003:0000CE4C  B4241_2
 0003:0000CE4C  __environ
 0003:0000CE54  __envsize
 0003:0000CE58  __env_lock
 0003:0000CE5C  B4267_1
 0003:0000CE5C  __C0argc
 0003:0000CE60  __C0argv
 0003:0000CE64  __C0environ
 0003:0000CE68  __oscmd
 0003:0000CE6C  __osenv
 0003:0000CE70  __argc
 0003:0000CE74  __dll_table
 0003:0000CE7C  __ExcRegPtr
 0003:0000CE80  __wosenv
 0003:0000CE84  __woscmd
 0003:0000CE88  __wC0argv
 0003:0000CE8C  __wC0environ
 0003:0000CE90  __exe_table
 0003:0000CE98  __stkbase
 0003:0000CE9C  B4301_1
 0003:0000CEC0  B4317_2
 0003:0000CEC8  B4352_2
 0003:0000D2D0  __DestructorCountPtr
 0003:0000D2D0  B4356_2
 0003:0000D2D8  B4362_2
 0003:0000D2D8  __HandlerPtr
 0003:0000D2DC  __UserHandlerPtr
 0003:0000D2E0  B4395_2
 0003:0000D2E4  ___pCPPdebugHook
 0003:0000D2E8  _pVCL_add_EH
 0003:0000D2EC  _pVCL_clear_EH
 0003:0000D2F0  _getExceptionObject
 0003:0000D2F4  _raiseExceptObject
 0004:00000000  ___xxInfo
 0004:00000000  T4356_3
