
 Start Length Name Class
 0001:00401000 000171962H _TEXT                  CODE
 0002:00573000 000169920H _DATA                  DATA
 0003:006DC920 00000D174H _BSS                   BSS
 0004:00000000 00000009CH _TLS                   TLS


Detailed map of segments
 0001:00000408 0000014F C=CODE    S=_TEXT    G=(none)   M=C:\DES\BUILD\BCC\LIB\C0W32.OBJ ACBP=A9
 0001:00000558 000002E5 C=CODE    S=_TEXT    G=(none)   M=C:\DES\BUILD\EXERCICIOS\EXERCICIOS.OBJ ACBP=A9
 0001:00000840 0000011D C=CODE    S=_TEXT    G=(none)   M=C:\DES\BUILD\FWH\LIB\FIVEHX.LIB|ACTIVEX ACBP=A9
 0001:00000960 000005A0 C=CODE    S=_TEXT    G=(none)   M=C:\DES\BUILD\FWH\LIB\FIVEHX.LIB|ADOFUNCS ACBP=A9
 0001:00000F00 000000A5 C=CODE    S=_TEXT    G=(none)   M=C:\DES\BUILD\FWH\LIB\FIVEHX.LIB|ALERT ACBP=A9
 0001:00000FA8 000002B8 C=CODE    S=_TEXT    G=(none)   M=C:\DES\BUILD\FWH\LIB\FIVEHX.LIB|BAR ACBP=A9
 0001:00001260 00000390 C=CODE    S=_TEXT    G=(none)   M=C:\DES\BUILD\FWH\LIB\FIVEHX.LIB|BITMAP ACBP=A9
 0001:000015F0 000001F8 C=CODE    S=_TEXT    G=(none)   M=C:\DES\BUILD\FWH\LIB\FIVEHX.LIB|BRUSH ACBP=A9
 0001:000017E8 00000480 C=CODE    S=_TEXT    G=(none)   M=C:\DES\BUILD\FWH\LIB\FIVEHX.LIB|BTNBMP ACBP=A9
 0001:00001C68 0000017D C=CODE    S=_TEXT    G=(none)   M=C:\DES\BUILD\FWH\LIB\FIVEHX.LIB|BUTTON ACBP=A9
 0001:00001DE8 00000105 C=CODE    S=_TEXT    G=(none)   M=C:\DES\BUILD\FWH\LIB\FIVEHX.LIB|BUTTONB ACBP=A9
 0001:00001EF0 000001C5 C=CODE    S=_TEXT    G=(none)   M=C:\DES\BUILD\FWH\LIB\FIVEHX.LIB|CHECKBOX ACBP=A9
 0001:000020B8 0000016B C=CODE    S=_TEXT    G=(none)   M=C:\DES\BUILD\FWH\LIB\FIVEHX.LIB|CHECKRES ACBP=A9
 0001:00002224 00000135 C=CODE    S=_TEXT    G=(none)   M=C:\DES\BUILD\FWH\LIB\FIVEHX.LIB|CLIPBRD ACBP=A9
 0001:0000235C 00000348 C=CODE    S=_TEXT    G=(none)   M=C:\DES\BUILD\FWH\LIB\FIVEHX.LIB|COMBOBOX ACBP=A9
 0001:000026A4 00000480 C=CODE    S=_TEXT    G=(none)   M=C:\DES\BUILD\FWH\LIB\FIVEHX.LIB|CONTROL ACBP=A9
 0001:00002B24 000000A5 C=CODE    S=_TEXT    G=(none)   M=C:\DES\BUILD\FWH\LIB\FIVEHX.LIB|CURSOR ACBP=A9
 0001:00002BCC 000005B8 C=CODE    S=_TEXT    G=(none)   M=C:\DES\BUILD\FWH\LIB\FIVEHX.LIB|DATABASE ACBP=A9
 0001:00003184 00000468 C=CODE    S=_TEXT    G=(none)   M=C:\DES\BUILD\FWH\LIB\FIVEHX.LIB|DATAROW ACBP=A9
 0001:000035EC 00000225 C=CODE    S=_TEXT    G=(none)   M=C:\DES\BUILD\FWH\LIB\FIVEHX.LIB|DBCOMBO ACBP=A9
 0001:00003814 000000BD C=CODE    S=_TEXT    G=(none)   M=C:\DES\BUILD\FWH\LIB\FIVEHX.LIB|DBTOOLS ACBP=A9
 0001:000038D4 000000ED C=CODE    S=_TEXT    G=(none)   M=C:\DES\BUILD\FWH\LIB\FIVEHX.LIB|DDE ACBP=A9
 0001:000039C4 00000348 C=CODE    S=_TEXT    G=(none)   M=C:\DES\BUILD\FWH\LIB\FIVEHX.LIB|DIALOG ACBP=A9
 0001:00003D0C 000000A5 C=CODE    S=_TEXT    G=(none)   M=C:\DES\BUILD\FWH\LIB\FIVEHX.LIB|DLGFIND ACBP=A9
 0001:00003DB4 00000B10 C=CODE    S=_TEXT    G=(none)   M=C:\DES\BUILD\FWH\LIB\FIVEHX.LIB|FGET ACBP=A9
 0001:000048C4 00000255 C=CODE    S=_TEXT    G=(none)   M=C:\DES\BUILD\FWH\LIB\FIVEHX.LIB|FILENAME ACBP=A9
 0001:00004B1C 000000A5 C=CODE    S=_TEXT    G=(none)   M=C:\DES\BUILD\FWH\LIB\FIVEHX.LIB|FLINE ACBP=A9
 0001:00004BC4 00000288 C=CODE    S=_TEXT    G=(none)   M=C:\DES\BUILD\FWH\LIB\FIVEHX.LIB|FOLDER ACBP=A9
 0001:00004E4C 00000288 C=CODE    S=_TEXT    G=(none)   M=C:\DES\BUILD\FWH\LIB\FIVEHX.LIB|FONT ACBP=A9
 0001:000050D4 000000D5 C=CODE    S=_TEXT    G=(none)   M=C:\DES\BUILD\FWH\LIB\FIVEHX.LIB|FWDECODE ACBP=A9
 0001:000051AC 0000008D C=CODE    S=_TEXT    G=(none)   M=C:\DES\BUILD\FWH\LIB\FIVEHX.LIB|FWERROR ACBP=A9
 0001:0000523C 00000105 C=CODE    S=_TEXT    G=(none)   M=C:\DES\BUILD\FWH\LIB\FIVEHX.LIB|GETTASKS ACBP=A9
 0001:00005344 000001F5 C=CODE    S=_TEXT    G=(none)   M=C:\DES\BUILD\FWH\LIB\FIVEHX.LIB|GETSYSIN ACBP=A9
 0001:0000553C 00000105 C=CODE    S=_TEXT    G=(none)   M=C:\DES\BUILD\FWH\LIB\FIVEHX.LIB|GTF ACBP=A9
 0001:00005644 0000053D C=CODE    S=_TEXT    G=(none)   M=C:\DES\BUILD\FWH\LIB\FIVEHX.LIB|HARBOUR ACBP=A9
 0001:00005B84 0000014D C=CODE    S=_TEXT    G=(none)   M=C:\DES\BUILD\FWH\LIB\FIVEHX.LIB|HELP32 ACBP=A9
 0001:00005CD4 0000038C C=CODE    S=_TEXT    G=(none)   M=C:\DES\BUILD\FWH\LIB\FIVEHX.LIB|HELPCHM ACBP=A9
 0001:00006060 0000011D C=CODE    S=_TEXT    G=(none)   M=C:\DES\BUILD\FWH\LIB\FIVEHX.LIB|GROUP ACBP=A9
 0001:00006180 00000135 C=CODE    S=_TEXT    G=(none)   M=C:\DES\BUILD\FWH\LIB\FIVEHX.LIB|ICON ACBP=A9
 0001:000062B8 000003D5 C=CODE    S=_TEXT    G=(none)   M=C:\DES\BUILD\FWH\LIB\FIVEHX.LIB|IMAGE ACBP=A9
 0001:00006690 000000ED C=CODE    S=_TEXT    G=(none)   M=C:\DES\BUILD\FWH\LIB\FIVEHX.LIB|INI ACBP=A9
 0001:00006780 00000288 C=CODE    S=_TEXT    G=(none)   M=C:\DES\BUILD\FWH\LIB\FIVEHX.LIB|LISTBOX ACBP=A9
 0001:00006A08 000001AD C=CODE    S=_TEXT    G=(none)   M=C:\DES\BUILD\FWH\LIB\FIVEHX.LIB|LINKLIST ACBP=A9
 0001:00006BB8 00000138 C=CODE    S=_TEXT    G=(none)   M=C:\DES\BUILD\FWH\LIB\FIVEHX.LIB|MDICHILD ACBP=A9
 0001:00006CF0 00000135 C=CODE    S=_TEXT    G=(none)   M=C:\DES\BUILD\FWH\LIB\FIVEHX.LIB|MDICLIEN ACBP=A9
 0001:00006E28 0000011D C=CODE    S=_TEXT    G=(none)   M=C:\DES\BUILD\FWH\LIB\FIVEHX.LIB|MDIFRAME ACBP=A9
 0001:00006F48 00000105 C=CODE    S=_TEXT    G=(none)   M=C:\DES\BUILD\FWH\LIB\FIVEHX.LIB|MEMOEDIT ACBP=A9
 0001:00007050 000003F0 C=CODE    S=_TEXT    G=(none)   M=C:\DES\BUILD\FWH\LIB\FIVEHX.LIB|MENU ACBP=A9
 0001:00007440 000001B0 C=CODE    S=_TEXT    G=(none)   M=C:\DES\BUILD\FWH\LIB\FIVEHX.LIB|MENUITEM ACBP=A9
 0001:000075F0 00000360 C=CODE    S=_TEXT    G=(none)   M=C:\DES\BUILD\FWH\LIB\FIVEHX.LIB|MGET ACBP=A9
 0001:00007950 000002E8 C=CODE    S=_TEXT    G=(none)   M=C:\DES\BUILD\FWH\LIB\FIVEHX.LIB|MSGBAR ACBP=A9
 0001:00007C38 0000008D C=CODE    S=_TEXT    G=(none)   M=C:\DES\BUILD\FWH\LIB\FIVEHX.LIB|MSGGET ACBP=A9
 0001:00007CC8 000000BD C=CODE    S=_TEXT    G=(none)   M=C:\DES\BUILD\FWH\LIB\FIVEHX.LIB|MSGRUN ACBP=A9
 0001:00007D88 0000005D C=CODE    S=_TEXT    G=(none)   M=C:\DES\BUILD\FWH\LIB\FIVEHX.LIB|ODATA ACBP=A9
 0001:00007DE8 000001C5 C=CODE    S=_TEXT    G=(none)   M=C:\DES\BUILD\FWH\LIB\FIVEHX.LIB|OLEFUNCS ACBP=A9
 0001:00007FB0 00000165 C=CODE    S=_TEXT    G=(none)   M=C:\DES\BUILD\FWH\LIB\FIVEHX.LIB|PDMENU ACBP=A9
 0001:00008118 000000BD C=CODE    S=_TEXT    G=(none)   M=C:\DES\BUILD\FWH\LIB\FIVEHX.LIB|PDREPORT ACBP=A9
 0001:000081D8 0000008D C=CODE    S=_TEXT    G=(none)   M=C:\DES\BUILD\FWH\LIB\FIVEHX.LIB|PEN ACBP=A9
 0001:00008268 00000360 C=CODE    S=_TEXT    G=(none)   M=C:\DES\BUILD\FWH\LIB\FIVEHX.LIB|PRINTER ACBP=A9
 0001:000085C8 000005B5 C=CODE    S=_TEXT    G=(none)   M=C:\DES\BUILD\FWH\LIB\FIVEHX.LIB|PRV2PDF ACBP=A9
 0001:00008B80 00000195 C=CODE    S=_TEXT    G=(none)   M=C:\DES\BUILD\FWH\LIB\FIVEHX.LIB|RADIO ACBP=A9
 0001:00008D18 00000165 C=CODE    S=_TEXT    G=(none)   M=C:\DES\BUILD\FWH\LIB\FIVEHX.LIB|RADMENU ACBP=A9
 0001:00008E80 00000168 C=CODE    S=_TEXT    G=(none)   M=C:\DES\BUILD\FWH\LIB\FIVEHX.LIB|RCOLUMN ACBP=A9
 0001:00008FE8 000000A5 C=CODE    S=_TEXT    G=(none)   M=C:\DES\BUILD\FWH\LIB\FIVEHX.LIB|REBAR ACBP=A9
 0001:00009090 000000BD C=CODE    S=_TEXT    G=(none)   M=C:\DES\BUILD\FWH\LIB\FIVEHX.LIB|RFILE ACBP=A9
 0001:00009150 00000105 C=CODE    S=_TEXT    G=(none)   M=C:\DES\BUILD\FWH\LIB\FIVEHX.LIB|RGROUP ACBP=A9
 0001:00009258 00000105 C=CODE    S=_TEXT    G=(none)   M=C:\DES\BUILD\FWH\LIB\FIVEHX.LIB|RLINE ACBP=A9
 0001:00009360 0000011D C=CODE    S=_TEXT    G=(none)   M=C:\DES\BUILD\FWH\LIB\FIVEHX.LIB|RECT ACBP=A9
 0001:00009480 000000ED C=CODE    S=_TEXT    G=(none)   M=C:\DES\BUILD\FWH\LIB\FIVEHX.LIB|REG32 ACBP=A9
 0001:00009570 00000348 C=CODE    S=_TEXT    G=(none)   M=C:\DES\BUILD\FWH\LIB\FIVEHX.LIB|REPORT ACBP=A9
 0001:000098B8 00000408 C=CODE    S=_TEXT    G=(none)   M=C:\DES\BUILD\FWH\LIB\FIVEHX.LIB|RPREVIEW ACBP=A9
 0001:00009CC0 00000165 C=CODE    S=_TEXT    G=(none)   M=C:\DES\BUILD\FWH\LIB\FIVEHX.LIB|SAY ACBP=A9
 0001:00009E28 00000480 C=CODE    S=_TEXT    G=(none)   M=C:\DES\BUILD\FWH\LIB\FIVEHX.LIB|SCINTILA ACBP=A9
 0001:0000A2A8 0000011D C=CODE    S=_TEXT    G=(none)   M=C:\DES\BUILD\FWH\LIB\FIVEHX.LIB|SCRLLBAR ACBP=A9
 0001:0000A3C8 00000240 C=CODE    S=_TEXT    G=(none)   M=C:\DES\BUILD\FWH\LIB\FIVEHX.LIB|SCRLPANL ACBP=A9
 0001:0000A608 000000ED C=CODE    S=_TEXT    G=(none)   M=C:\DES\BUILD\FWH\LIB\FIVEHX.LIB|SHELLAPI ACBP=A9
 0001:0000A6F8 0000017D C=CODE    S=_TEXT    G=(none)   M=C:\DES\BUILD\FWH\LIB\FIVEHX.LIB|STATUSBA ACBP=A9
 0001:0000A878 0000014D C=CODE    S=_TEXT    G=(none)   M=C:\DES\BUILD\FWH\LIB\FIVEHX.LIB|STRINGS ACBP=A9
 0001:0000A9C8 000000ED C=CODE    S=_TEXT    G=(none)   M=C:\DES\BUILD\FWH\LIB\FIVEHX.LIB|TACCTBL ACBP=A9
 0001:0000AAB8 0000008D C=CODE    S=_TEXT    G=(none)   M=C:\DES\BUILD\FWH\LIB\FIVEHX.LIB|TCLIPGET ACBP=A9
 0001:0000AB48 0000014D C=CODE    S=_TEXT    G=(none)   M=C:\DES\BUILD\FWH\LIB\FIVEHX.LIB|TDTPICKE ACBP=A9
 0001:0000AC98 00000420 C=CODE    S=_TEXT    G=(none)   M=C:\DES\BUILD\FWH\LIB\FIVEHX.LIB|TGDIPLUS ACBP=A9
 0001:0000B0B8 000004B0 C=CODE    S=_TEXT    G=(none)   M=C:\DES\BUILD\FWH\LIB\FIVEHX.LIB|TGET ACBP=A9
 0001:0000B568 0000014D C=CODE    S=_TEXT    G=(none)   M=C:\DES\BUILD\FWH\LIB\FIVEHX.LIB|TOOLBAR ACBP=A9
 0001:0000B6B8 000000D5 C=CODE    S=_TEXT    G=(none)   M=C:\DES\BUILD\FWH\LIB\FIVEHX.LIB|TIMAGLST ACBP=A9
 0001:0000B790 000000D5 C=CODE    S=_TEXT    G=(none)   M=C:\DES\BUILD\FWH\LIB\FIVEHX.LIB|TIMER ACBP=A9
 0001:0000B868 00000210 C=CODE    S=_TEXT    G=(none)   M=C:\DES\BUILD\FWH\LIB\FIVEHX.LIB|TLISTVIE ACBP=A9
 0001:0000BA78 000000A5 C=CODE    S=_TEXT    G=(none)   M=C:\DES\BUILD\FWH\LIB\FIVEHX.LIB|TMAIL ACBP=A9
 0001:0000BB20 00000267 C=CODE    S=_TEXT    G=(none)   M=C:\DES\BUILD\FWH\LIB\FIVEHX.LIB|TMETAFIL ACBP=A9
 0001:0000BD88 00000168 C=CODE    S=_TEXT    G=(none)   M=C:\DES\BUILD\FWH\LIB\FIVEHX.LIB|TMSGITEM ACBP=A9
 0001:0000BEF0 000000BD C=CODE    S=_TEXT    G=(none)   M=C:\DES\BUILD\FWH\LIB\FIVEHX.LIB|TPANEL ACBP=A9
 0001:0000BFB0 000003C0 C=CODE    S=_TEXT    G=(none)   M=C:\DES\BUILD\FWH\LIB\FIVEHX.LIB|TRECSET ACBP=A9
 0001:0000C370 00000255 C=CODE    S=_TEXT    G=(none)   M=C:\DES\BUILD\FWH\LIB\FIVEHX.LIB|TREEITEM ACBP=A9
 0001:0000C5C8 000000D5 C=CODE    S=_TEXT    G=(none)   M=C:\DES\BUILD\FWH\LIB\FIVEHX.LIB|TREES ACBP=A9
 0001:0000C6A0 000005A0 C=CODE    S=_TEXT    G=(none)   M=C:\DES\BUILD\FWH\LIB\FIVEHX.LIB|TRICHEDI ACBP=A9
 0001:0000CC40 00000105 C=CODE    S=_TEXT    G=(none)   M=C:\DES\BUILD\FWH\LIB\FIVEHX.LIB|TSTRUCT ACBP=A9
 0001:0000CD48 0000014D C=CODE    S=_TEXT    G=(none)   M=C:\DES\BUILD\FWH\LIB\FIVEHX.LIB|TTMPICKE ACBP=A9
 0001:0000CE98 00000165 C=CODE    S=_TEXT    G=(none)   M=C:\DES\BUILD\FWH\LIB\FIVEHX.LIB|VALBLANK ACBP=A9
 0001:0000D000 000002C0 C=CODE    S=_TEXT    G=(none)   M=C:\DES\BUILD\FWH\LIB\FIVEHX.LIB|VALTOSTR ACBP=A9
 0001:0000D2C0 00000AE0 C=CODE    S=_TEXT    G=(none)   M=C:\DES\BUILD\FWH\LIB\FIVEHX.LIB|WINDOW ACBP=A9
 0001:0000DDA0 0000005D C=CODE    S=_TEXT    G=(none)   M=C:\DES\BUILD\FWH\LIB\FIVEHX.LIB|WQOUT ACBP=A9
 0001:0000DE00 000018C0 C=CODE    S=_TEXT    G=(none)   M=C:\DES\BUILD\FWH\LIB\FIVEHX.LIB|XBROWSE ACBP=A9
 0001:0000F6C0 000000F0 C=CODE    S=_TEXT    G=(none)   M=C:\DES\BUILD\FWH\LIB\FIVEHX.LIB|XBROWSER ACBP=A9
 0001:0000F7B0 000000BD C=CODE    S=_TEXT    G=(none)   M=C:\DES\BUILD\FWH\LIB\FIVEHX.LIB|XPAD ACBP=A9
 0001:0000F870 0000014D C=CODE    S=_TEXT    G=(none)   M=C:\DES\BUILD\FWH\LIB\FIVEHX.LIB|ERRSYSW ACBP=A9
 0001:0000F9C0 0000007D C=CODE    S=_TEXT    G=(none)   M=C:\DES\BUILD\FWH\LIB\FIVEHC.LIB|__WNDPRO ACBP=A9
 0001:0000FA40 00000157 C=CODE    S=_TEXT    G=(none)   M=C:\DES\BUILD\FWH\LIB\FIVEHC.LIB|BMPREAD ACBP=A9
 0001:0000FB98 0000018F C=CODE    S=_TEXT    G=(none)   M=C:\DES\BUILD\FWH\LIB\FIVEHC.LIB|FFDLGPRC ACBP=A9
 0001:0000FD28 0000010C C=CODE    S=_TEXT    G=(none)   M=C:\DES\BUILD\FWH\LIB\FIVEHC.LIB|FFWNDRUN ACBP=A9
 0001:0000FE34 000001D1 C=CODE    S=_TEXT    G=(none)   M=C:\DES\BUILD\FWH\LIB\FIVEHC.LIB|HARBOURC ACBP=A9
 0001:00010008 000000D3 C=CODE    S=_TEXT    G=(none)   M=C:\DES\BUILD\FWH\LIB\FIVEHC.LIB|REBARS ACBP=A9
 0001:000100DC 0000014D C=CODE    S=_TEXT    G=(none)   M=C:\DES\BUILD\FWH\LIB\FIVEHC.LIB|SYSREFRE ACBP=A9
 0001:0001022C 000003B6 C=CODE    S=_TEXT    G=(none)   M=C:\DES\BUILD\FWH\LIB\FIVEHC.LIB|TOOLBARS ACBP=A9
 0001:000105E4 0000012C C=CODE    S=_TEXT    G=(none)   M=C:\DES\BUILD\FWH\LIB\FIVEHC.LIB|TOOLTIP ACBP=A9
 0001:00010710 0000020C C=CODE    S=_TEXT    G=(none)   M=C:\DES\BUILD\FWH\LIB\FIVEHC.LIB|WNDRUN ACBP=A9
 0001:0001091C 000005BA C=CODE    S=_TEXT    G=(none)   M=C:\DES\BUILD\FWH\LIB\FIVEHC.LIB|DLGBOX ACBP=A9
 0001:00010ED8 0000005D C=CODE    S=_TEXT    G=(none)   M=C:\DES\BUILD\FWH\LIB\FIVEHC.LIB|XPROC ACBP=A9
 0001:00010F38 00002BBB C=CODE    S=_TEXT    G=(none)   M=C:\DES\BUILD\FWH\LIB\FIVEHC.LIB|CTLHDLEH ACBP=A9
 0001:00013AF4 000016F8 C=CODE    S=_TEXT    G=(none)   M=C:\DES\BUILD\FWH\LIB\FIVEHC.LIB|ACTX ACBP=A9
 0001:000151EC 00002BE4 C=CODE    S=_TEXT    G=(none)   M=C:\DES\BUILD\FWH\LIB\FIVEHC.LIB|GDIPLUS ACBP=A9
 0001:00017DAC 000000D7 C=CODE    S=_TEXT    G=(none)   M=C:\DES\BUILD\FWH\LIB\FIVEHC.LIB|AAT ACBP=A9
 0001:00017E84 000001B4 C=CODE    S=_TEXT    G=(none)   M=C:\DES\BUILD\FWH\LIB\FIVEHC.LIB|ACCELERA ACBP=A9
 0001:00018038 000000F4 C=CODE    S=_TEXT    G=(none)   M=C:\DES\BUILD\FWH\LIB\FIVEHC.LIB|ANSIUP ACBP=A9
 0001:0001812C 00000071 C=CODE    S=_TEXT    G=(none)   M=C:\DES\BUILD\FWH\LIB\FIVEHC.LIB|ATOM ACBP=A9
 0001:000181A0 00000391 C=CODE    S=_TEXT    G=(none)   M=C:\DES\BUILD\FWH\LIB\FIVEHC.LIB|BARTOOLS ACBP=A9
 0001:00018534 00000413 C=CODE    S=_TEXT    G=(none)   M=C:\DES\BUILD\FWH\LIB\FIVEHC.LIB|BITMAPS ACBP=A9
 0001:00018948 00000E5F C=CODE    S=_TEXT    G=(none)   M=C:\DES\BUILD\FWH\LIB\FIVEHC.LIB|BMPDRAW ACBP=A9
 0001:000197A8 0000012F C=CODE    S=_TEXT    G=(none)   M=C:\DES\BUILD\FWH\LIB\FIVEHC.LIB|BMPS ACBP=A9
 0001:000198D8 000019BF C=CODE    S=_TEXT    G=(none)   M=C:\DES\BUILD\FWH\LIB\FIVEHC.LIB|BRUSHES ACBP=A9
 0001:0001B298 00004821 C=CODE    S=_TEXT    G=(none)   M=C:\DES\BUILD\FWH\LIB\FIVEHC.LIB|C5CNEW ACBP=A9
 0001:0001FABC 0000056B C=CODE    S=_TEXT    G=(none)   M=C:\DES\BUILD\FWH\LIB\FIVEHC.LIB|CALLDLL ACBP=A9
 0001:00020028 000001CC C=CODE    S=_TEXT    G=(none)   M=C:\DES\BUILD\FWH\LIB\FIVEHC.LIB|CALDLL32 ACBP=A9
 0001:000201F4 000000B3 C=CODE    S=_TEXT    G=(none)   M=C:\DES\BUILD\FWH\LIB\FIVEHC.LIB|CARET ACBP=A9
 0001:000202A8 00000068 C=CODE    S=_TEXT    G=(none)   M=C:\DES\BUILD\FWH\LIB\FIVEHC.LIB|CHANGEPR ACBP=A9
 0001:00020310 000001CC C=CODE    S=_TEXT    G=(none)   M=C:\DES\BUILD\FWH\LIB\FIVEHC.LIB|CLPBRD ACBP=A9
 0001:000204DC 0000012E C=CODE    S=_TEXT    G=(none)   M=C:\DES\BUILD\FWH\LIB\FIVEHC.LIB|CLRCHOOS ACBP=A9
 0001:0002060C 00000104 C=CODE    S=_TEXT    G=(none)   M=C:\DES\BUILD\FWH\LIB\FIVEHC.LIB|CLT2SCR ACBP=A9
 0001:00020710 000002B5 C=CODE    S=_TEXT    G=(none)   M=C:\DES\BUILD\FWH\LIB\FIVEHC.LIB|CODEGTF ACBP=A9
 0001:000209C8 000000F7 C=CODE    S=_TEXT    G=(none)   M=C:\DES\BUILD\FWH\LIB\FIVEHC.LIB|COLOR ACBP=A9
 0001:00020AC0 00000373 C=CODE    S=_TEXT    G=(none)   M=C:\DES\BUILD\FWH\LIB\FIVEHC.LIB|COLORTON ACBP=A9
 0001:00020E34 0000002C C=CODE    S=_TEXT    G=(none)   M=C:\DES\BUILD\FWH\LIB\FIVEHC.LIB|CREATEPA ACBP=A9
 0001:00020E60 0000002C C=CODE    S=_TEXT    G=(none)   M=C:\DES\BUILD\FWH\LIB\FIVEHC.LIB|CREATEPE ACBP=A9
 0001:00020E8C 00000061 C=CODE    S=_TEXT    G=(none)   M=C:\DES\BUILD\FWH\LIB\FIVEHC.LIB|CREATESO ACBP=A9
 0001:00020EF0 000000BF C=CODE    S=_TEXT    G=(none)   M=C:\DES\BUILD\FWH\LIB\FIVEHC.LIB|CREATWND ACBP=A9
 0001:00020FB0 000002FE C=CODE    S=_TEXT    G=(none)   M=C:\DES\BUILD\FWH\LIB\FIVEHC.LIB|CTL3D ACBP=A9
 0001:000212B0 00000743 C=CODE    S=_TEXT    G=(none)   M=C:\DES\BUILD\FWH\LIB\FIVEHC.LIB|CTRLDRAW ACBP=A9
 0001:000219F4 000001E4 C=CODE    S=_TEXT    G=(none)   M=C:\DES\BUILD\FWH\LIB\FIVEHC.LIB|CTRL2CHR ACBP=A9
 0001:00021BD8 00000ACC C=CODE    S=_TEXT    G=(none)   M=C:\DES\BUILD\FWH\LIB\FIVEHC.LIB|CURSORS ACBP=A9
 0001:000226A4 00000113 C=CODE    S=_TEXT    G=(none)   M=C:\DES\BUILD\FWH\LIB\FIVEHC.LIB|DATEPICK ACBP=A9
 0001:000227B8 0000072E C=CODE    S=_TEXT    G=(none)   M=C:\DES\BUILD\FWH\LIB\FIVEHC.LIB|DC ACBP=A9
 0001:00022EE8 0000007A C=CODE    S=_TEXT    G=(none)   M=C:\DES\BUILD\FWH\LIB\FIVEHC.LIB|DDEXC ACBP=A9
 0001:00022F64 00000070 C=CODE    S=_TEXT    G=(none)   M=C:\DES\BUILD\FWH\LIB\FIVEHC.LIB|DELOBJEC ACBP=A9
 0001:00022FD4 0000021D C=CODE    S=_TEXT    G=(none)   M=C:\DES\BUILD\FWH\LIB\FIVEHC.LIB|DEVICE ACBP=A9
 0001:000231F4 00000044 C=CODE    S=_TEXT    G=(none)   M=C:\DES\BUILD\FWH\LIB\FIVEHC.LIB|DESKTOP ACBP=A9
 0001:00023238 00000558 C=CODE    S=_TEXT    G=(none)   M=C:\DES\BUILD\FWH\LIB\FIVEHC.LIB|DIB ACBP=A9
 0001:00023790 000003A1 C=CODE    S=_TEXT    G=(none)   M=C:\DES\BUILD\FWH\LIB\FIVEHC.LIB|DIBBMP ACBP=A9
 0001:00023B34 000001E0 C=CODE    S=_TEXT    G=(none)   M=C:\DES\BUILD\FWH\LIB\FIVEHC.LIB|DLG2CHR ACBP=A9
 0001:00023D14 000001CD C=CODE    S=_TEXT    G=(none)   M=C:\DES\BUILD\FWH\LIB\FIVEHC.LIB|DLOGBOX ACBP=A9
 0001:00023EE4 00000034 C=CODE    S=_TEXT    G=(none)   M=C:\DES\BUILD\FWH\LIB\FIVEHC.LIB|DLL ACBP=A9
 0001:00023F18 000002B5 C=CODE    S=_TEXT    G=(none)   M=C:\DES\BUILD\FWH\LIB\FIVEHC.LIB|DOTS ACBP=A9
 0001:000241D0 00000661 C=CODE    S=_TEXT    G=(none)   M=C:\DES\BUILD\FWH\LIB\FIVEHC.LIB|DRAWING ACBP=A9
 0001:00024834 00000103 C=CODE    S=_TEXT    G=(none)   M=C:\DES\BUILD\FWH\LIB\FIVEHC.LIB|DRAWITEM ACBP=A9
 0001:00024938 0000032D C=CODE    S=_TEXT    G=(none)   M=C:\DES\BUILD\FWH\LIB\FIVEHC.LIB|DRIVES ACBP=A9
 0001:00024C68 000000D0 C=CODE    S=_TEXT    G=(none)   M=C:\DES\BUILD\FWH\LIB\FIVEHC.LIB|DROPFILE ACBP=A9
 0001:00024D38 00000244 C=CODE    S=_TEXT    G=(none)   M=C:\DES\BUILD\FWH\LIB\FIVEHC.LIB|FGETCLIP ACBP=A9
 0001:00024F7C 00001395 C=CODE    S=_TEXT    G=(none)   M=C:\DES\BUILD\FWH\LIB\FIVEHC.LIB|FGETLINE ACBP=A9
 0001:00026314 000000A9 C=CODE    S=_TEXT    G=(none)   M=C:\DES\BUILD\FWH\LIB\FIVEHC.LIB|FINDTEXT ACBP=A9
 0001:000263C0 000007BB C=CODE    S=_TEXT    G=(none)   M=C:\DES\BUILD\FWH\LIB\FIVEHC.LIB|FONTS ACBP=A9
 0001:00026B7C 000002DF C=CODE    S=_TEXT    G=(none)   M=C:\DES\BUILD\FWH\LIB\FIVEHC.LIB|FTEXT ACBP=A9
 0001:00026E5C 00000556 C=CODE    S=_TEXT    G=(none)   M=C:\DES\BUILD\FWH\LIB\FIVEHC.LIB|FWARRAY ACBP=A9
 0001:000273B4 000013F6 C=CODE    S=_TEXT    G=(none)   M=C:\DES\BUILD\FWH\LIB\FIVEHC.LIB|FWBMP ACBP=A9
 0001:000287AC 0000051C C=CODE    S=_TEXT    G=(none)   M=C:\DES\BUILD\FWH\LIB\FIVEHC.LIB|FWPALCTL ACBP=A9
 0001:00028CC8 000001E1 C=CODE    S=_TEXT    G=(none)   M=C:\DES\BUILD\FWH\LIB\FIVEHC.LIB|FWSTR ACBP=A9
 0001:00028EAC 0000006C C=CODE    S=_TEXT    G=(none)   M=C:\DES\BUILD\FWH\LIB\FIVEHC.LIB|GETDLGIT ACBP=A9
 0001:00028F18 000004CD C=CODE    S=_TEXT    G=(none)   M=C:\DES\BUILD\FWH\LIB\FIVEHC.LIB|GETFILE ACBP=A9
 0001:000293E8 000000DF C=CODE    S=_TEXT    G=(none)   M=C:\DES\BUILD\FWH\LIB\FIVEHC.LIB|GETPROCA ACBP=A9
 0001:000294C8 0000005E C=CODE    S=_TEXT    G=(none)   M=C:\DES\BUILD\FWH\LIB\FIVEHC.LIB|GETSTKOB ACBP=A9
 0001:00029528 000000F4 C=CODE    S=_TEXT    G=(none)   M=C:\DES\BUILD\FWH\LIB\FIVEHC.LIB|GETTEXT ACBP=A9
 0001:0002961C 00000100 C=CODE    S=_TEXT    G=(none)   M=C:\DES\BUILD\FWH\LIB\FIVEHC.LIB|GETTEXTW ACBP=A9
 0001:0002971C 000000C4 C=CODE    S=_TEXT    G=(none)   M=C:\DES\BUILD\FWH\LIB\FIVEHC.LIB|GETWND ACBP=A9
 0001:000297E0 000004AA C=CODE    S=_TEXT    G=(none)   M=C:\DES\BUILD\FWH\LIB\FIVEHC.LIB|HANDLIST ACBP=A9
 0001:00029C8C 00000270 C=CODE    S=_TEXT    G=(none)   M=C:\DES\BUILD\FWH\LIB\FIVEHC.LIB|HELP ACBP=A9
 0001:00029EFC 000000D4 C=CODE    S=_TEXT    G=(none)   M=C:\DES\BUILD\FWH\LIB\FIVEHC.LIB|HILOWORD ACBP=A9
 0001:00029FD0 00000643 C=CODE    S=_TEXT    G=(none)   M=C:\DES\BUILD\FWH\LIB\FIVEHC.LIB|ICONS ACBP=A9
 0001:0002A614 000001FF C=CODE    S=_TEXT    G=(none)   M=C:\DES\BUILD\FWH\LIB\FIVEHC.LIB|IMAGELIS ACBP=A9
 0001:0002A814 00000119 C=CODE    S=_TEXT    G=(none)   M=C:\DES\BUILD\FWH\LIB\FIVEHC.LIB|INSTANCE ACBP=A9
 0001:0002A930 000001F9 C=CODE    S=_TEXT    G=(none)   M=C:\DES\BUILD\FWH\LIB\FIVEHC.LIB|KEYBRD ACBP=A9
 0001:0002AB2C 00000123 C=CODE    S=_TEXT    G=(none)   M=C:\DES\BUILD\FWH\LIB\FIVEHC.LIB|LBX ACBP=A9
 0001:0002AC50 00000526 C=CODE    S=_TEXT    G=(none)   M=C:\DES\BUILD\FWH\LIB\FIVEHC.LIB|LISTVIEW ACBP=A9
 0001:0002B178 0000008D C=CODE    S=_TEXT    G=(none)   M=C:\DES\BUILD\FWH\LIB\FIVEHC.LIB|LOADBMP ACBP=A9
 0001:0002B208 00000034 C=CODE    S=_TEXT    G=(none)   M=C:\DES\BUILD\FWH\LIB\FIVEHC.LIB|MAKELONG ACBP=A9
 0001:0002B23C 00000F19 C=CODE    S=_TEXT    G=(none)   M=C:\DES\BUILD\FWH\LIB\FIVEHC.LIB|MAPI ACBP=A9
 0001:0002C158 00000245 C=CODE    S=_TEXT    G=(none)   M=C:\DES\BUILD\FWH\LIB\FIVEHC.LIB|MDI ACBP=A9
 0001:0002C3A0 000001EC C=CODE    S=_TEXT    G=(none)   M=C:\DES\BUILD\FWH\LIB\FIVEHC.LIB|MEM ACBP=A9
 0001:0002C58C 000021B5 C=CODE    S=_TEXT    G=(none)   M=C:\DES\BUILD\FWH\LIB\FIVEHC.LIB|MENUDRAW ACBP=A9
 0001:0002E744 0000042B C=CODE    S=_TEXT    G=(none)   M=C:\DES\BUILD\FWH\LIB\FIVEHC.LIB|MENUS ACBP=A9
 0001:0002EB70 0000032E C=CODE    S=_TEXT    G=(none)   M=C:\DES\BUILD\FWH\LIB\FIVEHC.LIB|METAFILE ACBP=A9
 0001:0002EEA0 000002B8 C=CODE    S=_TEXT    G=(none)   M=C:\DES\BUILD\FWH\LIB\FIVEHC.LIB|METAFI32 ACBP=A9
 0001:0002F158 000000A6 C=CODE    S=_TEXT    G=(none)   M=C:\DES\BUILD\FWH\LIB\FIVEHC.LIB|MGETCREA ACBP=A9
 0001:0002F200 000000C9 C=CODE    S=_TEXT    G=(none)   M=C:\DES\BUILD\FWH\LIB\FIVEHC.LIB|MKDIR ACBP=A9
 0001:0002F2CC 0000006A C=CODE    S=_TEXT    G=(none)   M=C:\DES\BUILD\FWH\LIB\FIVEHC.LIB|MOVETO ACBP=A9
 0001:0002F338 0000001F C=CODE    S=_TEXT    G=(none)   M=C:\DES\BUILD\FWH\LIB\FIVEHC.LIB|MSGBEEP ACBP=A9
 0001:0002F358 00000A2F C=CODE    S=_TEXT    G=(none)   M=C:\DES\BUILD\FWH\LIB\FIVEHC.LIB|MSGS ACBP=A9
 0001:0002FD88 00000159 C=CODE    S=_TEXT    G=(none)   M=C:\DES\BUILD\FWH\LIB\FIVEHC.LIB|MSGSAPI ACBP=A9
 0001:0002FEE4 00000406 C=CODE    S=_TEXT    G=(none)   M=C:\DES\BUILD\FWH\LIB\FIVEHC.LIB|MSGTOOLS ACBP=A9
 0001:000302EC 0000006D C=CODE    S=_TEXT    G=(none)   M=C:\DES\BUILD\FWH\LIB\FIVEHC.LIB|NOTIFY ACBP=A9
 0001:0003035C 000001D5 C=CODE    S=_TEXT    G=(none)   M=C:\DES\BUILD\FWH\LIB\FIVEHC.LIB|OEMANSI ACBP=A9
 0001:00030534 00000079 C=CODE    S=_TEXT    G=(none)   M=C:\DES\BUILD\FWH\LIB\FIVEHC.LIB|ONOFFBMP ACBP=A9
 0001:000305B0 000001EF C=CODE    S=_TEXT    G=(none)   M=C:\DES\BUILD\FWH\LIB\FIVEHC.LIB|OR ACBP=A9
 0001:000307A0 00000058 C=CODE    S=_TEXT    G=(none)   M=C:\DES\BUILD\FWH\LIB\FIVEHC.LIB|PAINT ACBP=A9
 0001:000307F8 0000005C C=CODE    S=_TEXT    G=(none)   M=C:\DES\BUILD\FWH\LIB\FIVEHC.LIB|PEEKMSG ACBP=A9
 0001:00030854 00000C55 C=CODE    S=_TEXT    G=(none)   M=C:\DES\BUILD\FWH\LIB\FIVEHC.LIB|PRINTDC ACBP=A9
 0001:000314AC 00000215 C=CODE    S=_TEXT    G=(none)   M=C:\DES\BUILD\FWH\LIB\FIVEHC.LIB|PROFILE ACBP=A9
 0001:000316C4 0000074F C=CODE    S=_TEXT    G=(none)   M=C:\DES\BUILD\FWH\LIB\FIVEHC.LIB|RECTS ACBP=A9
 0001:00031E14 0000010D C=CODE    S=_TEXT    G=(none)   M=C:\DES\BUILD\FWH\LIB\FIVEHC.LIB|REGCLASS ACBP=A9
 0001:00031F24 00000391 C=CODE    S=_TEXT    G=(none)   M=C:\DES\BUILD\FWH\LIB\FIVEHC.LIB|REGEDIT ACBP=A9
 0001:000322B8 0000039C C=CODE    S=_TEXT    G=(none)   M=C:\DES\BUILD\FWH\LIB\FIVEHC.LIB|REGIONS ACBP=A9
 0001:00032654 000002AD C=CODE    S=_TEXT    G=(none)   M=C:\DES\BUILD\FWH\LIB\FIVEHC.LIB|RESOURCE ACBP=A9
 0001:00032904 00001A15 C=CODE    S=_TEXT    G=(none)   M=C:\DES\BUILD\FWH\LIB\FIVEHC.LIB|RIBBON ACBP=A9
 0001:0003431C 0000212C C=CODE    S=_TEXT    G=(none)   M=C:\DES\BUILD\FWH\LIB\FIVEHC.LIB|RICHEDIT ACBP=A9
 0001:00036448 00000646 C=CODE    S=_TEXT    G=(none)   M=C:\DES\BUILD\FWH\LIB\FIVEHC.LIB|SCINTILC ACBP=A9
 0001:00036A90 000001EC C=CODE    S=_TEXT    G=(none)   M=C:\DES\BUILD\FWH\LIB\FIVEHC.LIB|SCROLL ACBP=A9
 0001:00036C7C 00000023 C=CODE    S=_TEXT    G=(none)   M=C:\DES\BUILD\FWH\LIB\FIVEHC.LIB|SELOBJEC ACBP=A9
 0001:00036CA0 00000057 C=CODE    S=_TEXT    G=(none)   M=C:\DES\BUILD\FWH\LIB\FIVEHC.LIB|SETMAPMO ACBP=A9
 0001:00036CF8 00000048 C=CODE    S=_TEXT    G=(none)   M=C:\DES\BUILD\FWH\LIB\FIVEHC.LIB|SETTEXT ACBP=A9
 0001:00036D40 000002CC C=CODE    S=_TEXT    G=(none)   M=C:\DES\BUILD\FWH\LIB\FIVEHC.LIB|STRTOKEN ACBP=A9
 0001:0003700C 000002B1 C=CODE    S=_TEXT    G=(none)   M=C:\DES\BUILD\FWH\LIB\FIVEHC.LIB|TABCTRL ACBP=A9
 0001:000372C0 00000303 C=CODE    S=_TEXT    G=(none)   M=C:\DES\BUILD\FWH\LIB\FIVEHC.LIB|TEXT ACBP=A9
 0001:000375C4 00001049 C=CODE    S=_TEXT    G=(none)   M=C:\DES\BUILD\FWH\LIB\FIVEHC.LIB|THEMES ACBP=A9
 0001:00038610 000000CB C=CODE    S=_TEXT    G=(none)   M=C:\DES\BUILD\FWH\LIB\FIVEHC.LIB|TIMEPICK ACBP=A9
 0001:000386DC 00000069 C=CODE    S=_TEXT    G=(none)   M=C:\DES\BUILD\FWH\LIB\FIVEHC.LIB|TIMERS ACBP=A9
 0001:00038748 00000FD6 C=CODE    S=_TEXT    G=(none)   M=C:\DES\BUILD\FWH\LIB\FIVEHC.LIB|UNICODE ACBP=A9
 0001:00039720 00000178 C=CODE    S=_TEXT    G=(none)   M=C:\DES\BUILD\FWH\LIB\FIVEHC.LIB|WINDOWS ACBP=A9
 0001:00039898 0000021C C=CODE    S=_TEXT    G=(none)   M=C:\DES\BUILD\FWH\LIB\FIVEHC.LIB|WINEXEC ACBP=A9
 0001:00039AB4 00000035 C=CODE    S=_TEXT    G=(none)   M=C:\DES\BUILD\FWH\LIB\FIVEHC.LIB|WIN2000 ACBP=A9
 0001:00039AEC 000000A9 C=CODE    S=_TEXT    G=(none)   M=C:\DES\BUILD\FWH\LIB\FIVEHC.LIB|WMOUSE ACBP=A9
 0001:00039B98 00000731 C=CODE    S=_TEXT    G=(none)   M=C:\DES\BUILD\FWH\LIB\FIVEHC.LIB|WNDBOXES ACBP=A9
 0001:0003A2CC 000001AB C=CODE    S=_TEXT    G=(none)   M=C:\DES\BUILD\FWH\LIB\FIVEHC.LIB|WNDCENTE ACBP=A9
 0001:0003A478 00000033 C=CODE    S=_TEXT    G=(none)   M=C:\DES\BUILD\FWH\LIB\FIVEHC.LIB|WNDDESTR ACBP=A9
 0001:0003A4AC 000004F9 C=CODE    S=_TEXT    G=(none)   M=C:\DES\BUILD\FWH\LIB\FIVEHC.LIB|WNDIS ACBP=A9
 0001:0003A9A8 0000007B C=CODE    S=_TEXT    G=(none)   M=C:\DES\BUILD\FWH\LIB\FIVEHC.LIB|WNDISOVE ACBP=A9
 0001:0003AA24 00000B7F C=CODE    S=_TEXT    G=(none)   M=C:\DES\BUILD\FWH\LIB\FIVEHC.LIB|WNDMOVE ACBP=A9
 0001:0003B5A4 00000050 C=CODE    S=_TEXT    G=(none)   M=C:\DES\BUILD\FWH\LIB\FIVEHC.LIB|WNDPOS ACBP=A9
 0001:0003B5F4 000001F7 C=CODE    S=_TEXT    G=(none)   M=C:\DES\BUILD\FWH\LIB\FIVEHC.LIB|WNDPRINT ACBP=A9
 0001:0003B7EC 000002F9 C=CODE    S=_TEXT    G=(none)   M=C:\DES\BUILD\FWH\LIB\FIVEHC.LIB|WNDSAY ACBP=A9
 0001:0003BAE8 00000242 C=CODE    S=_TEXT    G=(none)   M=C:\DES\BUILD\FWH\LIB\FIVEHC.LIB|WNDSCROL ACBP=A9
 0001:0003BD2C 0000003B C=CODE    S=_TEXT    G=(none)   M=C:\DES\BUILD\FWH\LIB\FIVEHC.LIB|WNDUPDAT ACBP=A9
 0001:0003BD68 0000029A C=CODE    S=_TEXT    G=(none)   M=C:\DES\BUILD\FWH\LIB\FIVEHC.LIB|XBROWSEC ACBP=A9
 0001:0003C004 000001BC C=CODE    S=_TEXT    G=(none)   M=C:\DES\BUILD\XHB\LIB\RTL.LIB|abs ACBP=A9
 0001:0003C1C0 00000319 C=CODE    S=_TEXT    G=(none)   M=C:\DES\BUILD\XHB\LIB\RTL.LIB|at ACBP=A9
 0001:0003C4DC 00000130 C=CODE    S=_TEXT    G=(none)   M=C:\DES\BUILD\XHB\LIB\RTL.LIB|binnum ACBP=A9
 0001:0003C60C 000025C6 C=CODE    S=_TEXT    G=(none)   M=C:\DES\BUILD\XHB\LIB\RTL.LIB|cdpapi ACBP=A9
 0001:0003EBD4 000000AF C=CODE    S=_TEXT    G=(none)   M=C:\DES\BUILD\XHB\LIB\RTL.LIB|chrasc ACBP=A9
 0001:0003EC84 000000D5 C=CODE    S=_TEXT    G=(none)   M=C:\DES\BUILD\XHB\LIB\RTL.LIB|colorind ACBP=A9
 0001:0003ED5C 00000B75 C=CODE    S=_TEXT    G=(none)   M=C:\DES\BUILD\XHB\LIB\RTL.LIB|console ACBP=A9
 0001:0003F8D4 00000167 C=CODE    S=_TEXT    G=(none)   M=C:\DES\BUILD\XHB\LIB\RTL.LIB|datec ACBP=A9
 0001:0003FA3C 000011E7 C=CODE    S=_TEXT    G=(none)   M=C:\DES\BUILD\XHB\LIB\RTL.LIB|dateshb ACBP=A9
 0001:00040C24 00000848 C=CODE    S=_TEXT    G=(none)   M=C:\DES\BUILD\XHB\LIB\RTL.LIB|direct ACBP=A9
 0001:0004146C 00000254 C=CODE    S=_TEXT    G=(none)   M=C:\DES\BUILD\XHB\LIB\RTL.LIB|empty ACBP=A9
 0001:000416C0 00000154 C=CODE    S=_TEXT    G=(none)   M=C:\DES\BUILD\XHB\LIB\RTL.LIB|file ACBP=A9
 0001:00041814 00000C39 C=CODE    S=_TEXT    G=(none)   M=C:\DES\BUILD\XHB\LIB\RTL.LIB|filebuf ACBP=A9
 0001:00042450 00000074 C=CODE    S=_TEXT    G=(none)   M=C:\DES\BUILD\XHB\LIB\RTL.LIB|filehb ACBP=A9
 0001:000424C4 00001D92 C=CODE    S=_TEXT    G=(none)   M=C:\DES\BUILD\XHB\LIB\RTL.LIB|filesys ACBP=A9
 0001:00044258 000000D5 C=CODE    S=_TEXT    G=(none)   M=C:\DES\BUILD\XHB\LIB\RTL.LIB|fserror ACBP=A9
 0001:00044330 000000D0 C=CODE    S=_TEXT    G=(none)   M=C:\DES\BUILD\XHB\LIB\RTL.LIB|fnsplit ACBP=A9
 0001:00044400 00000996 C=CODE    S=_TEXT    G=(none)   M=C:\DES\BUILD\XHB\LIB\RTL.LIB|fparse ACBP=A9
 0001:00044D98 00000107 C=CODE    S=_TEXT    G=(none)   M=C:\DES\BUILD\XHB\LIB\RTL.LIB|fssize ACBP=A9
 0001:00044EA0 000003EF C=CODE    S=_TEXT    G=(none)   M=C:\DES\BUILD\XHB\LIB\RTL.LIB|fstemp ACBP=A9
 0001:00045290 00000116 C=CODE    S=_TEXT    G=(none)   M=C:\DES\BUILD\XHB\LIB\RTL.LIB|gete ACBP=A9
 0001:000453A8 00000028 C=CODE    S=_TEXT    G=(none)   M=C:\DES\BUILD\XHB\LIB\RTL.LIB|gt ACBP=A9
 0001:000453D0 00000F46 C=CODE    S=_TEXT    G=(none)   M=C:\DES\BUILD\XHB\LIB\RTL.LIB|gtapi ACBP=A9
 0001:00046318 000002B7 C=CODE    S=_TEXT    G=(none)   M=C:\DES\BUILD\XHB\LIB\RTL.LIB|gtclip ACBP=A9
 0001:000465D0 00000001 C=CODE    S=_TEXT    G=(none)   M=C:\DES\BUILD\XHB\LIB\RTL.LIB|gtsys ACBP=A9
 0001:000465D4 00000496 C=CODE    S=_TEXT    G=(none)   M=C:\DES\BUILD\XHB\LIB\RTL.LIB|hbbitf ACBP=A9
 0001:00046A6C 000007F7 C=CODE    S=_TEXT    G=(none)   M=C:\DES\BUILD\XHB\LIB\RTL.LIB|hbserv ACBP=A9
 0001:00047264 000007F9 C=CODE    S=_TEXT    G=(none)   M=C:\DES\BUILD\XHB\LIB\RTL.LIB|hbffind ACBP=A9
 0001:00047A60 00003D75 C=CODE    S=_TEXT    G=(none)   M=C:\DES\BUILD\XHB\LIB\RTL.LIB|hbgtcore ACBP=A9
 0001:0004B7D8 00000489 C=CODE    S=_TEXT    G=(none)   M=C:\DES\BUILD\XHB\LIB\RTL.LIB|hbhex2n ACBP=A9
 0001:0004BC64 000002DC C=CODE    S=_TEXT    G=(none)   M=C:\DES\BUILD\XHB\LIB\RTL.LIB|hbrandom ACBP=A9
 0001:0004BF40 0000062A C=CODE    S=_TEXT    G=(none)   M=C:\DES\BUILD\XHB\LIB\RTL.LIB|hbtoken ACBP=A9
 0001:0004C56C 0000047E C=CODE    S=_TEXT    G=(none)   M=C:\DES\BUILD\XHB\LIB\RTL.LIB|idle ACBP=A9
 0001:0004C9EC 00000487 C=CODE    S=_TEXT    G=(none)   M=C:\DES\BUILD\XHB\LIB\RTL.LIB|inkey ACBP=A9
 0001:0004CE74 00000119 C=CODE    S=_TEXT    G=(none)   M=C:\DES\BUILD\XHB\LIB\RTL.LIB|inkeyapi ACBP=A9
 0001:0004CF90 0000049E C=CODE    S=_TEXT    G=(none)   M=C:\DES\BUILD\XHB\LIB\RTL.LIB|is ACBP=A9
 0001:0004D430 0000029F C=CODE    S=_TEXT    G=(none)   M=C:\DES\BUILD\XHB\LIB\RTL.LIB|langapi ACBP=A9
 0001:0004D6D0 000000CC C=CODE    S=_TEXT    G=(none)   M=C:\DES\BUILD\XHB\LIB\RTL.LIB|left ACBP=A9
 0001:0004D79C 00000093 C=CODE    S=_TEXT    G=(none)   M=C:\DES\BUILD\XHB\LIB\RTL.LIB|len ACBP=A9
 0001:0004D830 00000A80 C=CODE    S=_TEXT    G=(none)   M=C:\DES\BUILD\XHB\LIB\RTL.LIB|math ACBP=A9
 0001:0004E2B0 0000014F C=CODE    S=_TEXT    G=(none)   M=C:\DES\BUILD\XHB\LIB\RTL.LIB|maxrow ACBP=A9
 0001:0004E400 0000020B C=CODE    S=_TEXT    G=(none)   M=C:\DES\BUILD\XHB\LIB\RTL.LIB|memofile ACBP=A9
 0001:0004E60C 00000587 C=CODE    S=_TEXT    G=(none)   M=C:\DES\BUILD\XHB\LIB\RTL.LIB|minmax ACBP=A9
 0001:0004EB94 00000976 C=CODE    S=_TEXT    G=(none)   M=C:\DES\BUILD\XHB\LIB\RTL.LIB|mlcfunc ACBP=A9
 0001:0004F50C 00000198 C=CODE    S=_TEXT    G=(none)   M=C:\DES\BUILD\XHB\LIB\RTL.LIB|mod ACBP=A9
 0001:0004F6A4 00000071 C=CODE    S=_TEXT    G=(none)   M=C:\DES\BUILD\XHB\LIB\RTL.LIB|net ACBP=A9
 0001:0004F718 00000006 C=CODE    S=_TEXT    G=(none)   M=C:\DES\BUILD\XHB\LIB\RTL.LIB|pad ACBP=A9
 0001:0004F720 00000141 C=CODE    S=_TEXT    G=(none)   M=C:\DES\BUILD\XHB\LIB\RTL.LIB|padc ACBP=A9
 0001:0004F864 0000010F C=CODE    S=_TEXT    G=(none)   M=C:\DES\BUILD\XHB\LIB\RTL.LIB|padl ACBP=A9
 0001:0004F974 00000108 C=CODE    S=_TEXT    G=(none)   M=C:\DES\BUILD\XHB\LIB\RTL.LIB|padr ACBP=A9
 0001:0004FA7C 00000CEE C=CODE    S=_TEXT    G=(none)   M=C:\DES\BUILD\XHB\LIB\RTL.LIB|philes ACBP=A9
 0001:0005076C 0000008D C=CODE    S=_TEXT    G=(none)   M=C:\DES\BUILD\XHB\LIB\RTL.LIB|philesx ACBP=A9
 0001:000507FC 000000F8 C=CODE    S=_TEXT    G=(none)   M=C:\DES\BUILD\XHB\LIB\RTL.LIB|rat ACBP=A9
 0001:000508F4 0000012F C=CODE    S=_TEXT    G=(none)   M=C:\DES\BUILD\XHB\LIB\RTL.LIB|replic ACBP=A9
 0001:00050A24 00000093 C=CODE    S=_TEXT    G=(none)   M=C:\DES\BUILD\XHB\LIB\RTL.LIB|right ACBP=A9
 0001:00050AB8 00000132 C=CODE    S=_TEXT    G=(none)   M=C:\DES\BUILD\XHB\LIB\RTL.LIB|round ACBP=A9
 0001:00050BEC 000001FC C=CODE    S=_TEXT    G=(none)   M=C:\DES\BUILD\XHB\LIB\RTL.LIB|samples ACBP=A9
 0001:00050DE8 000002E4 C=CODE    S=_TEXT    G=(none)   M=C:\DES\BUILD\XHB\LIB\RTL.LIB|seconds ACBP=A9
 0001:000510CC 000011EA C=CODE    S=_TEXT    G=(none)   M=C:\DES\BUILD\XHB\LIB\RTL.LIB|regex ACBP=A9
 0001:000522B8 00000155 C=CODE    S=_TEXT    G=(none)   M=C:\DES\BUILD\XHB\LIB\RTL.LIB|setcolor ACBP=A9
 0001:00052410 00000064 C=CODE    S=_TEXT    G=(none)   M=C:\DES\BUILD\XHB\LIB\RTL.LIB|setcurs ACBP=A9
 0001:00052474 0000059D C=CODE    S=_TEXT    G=(none)   M=C:\DES\BUILD\XHB\LIB\RTL.LIB|setkey ACBP=A9
 0001:00052A14 0000008D C=CODE    S=_TEXT    G=(none)   M=C:\DES\BUILD\XHB\LIB\RTL.LIB|setpos ACBP=A9
 0001:00052AA4 0000002A C=CODE    S=_TEXT    G=(none)   M=C:\DES\BUILD\XHB\LIB\RTL.LIB|setposbs ACBP=A9
 0001:00052AD0 00000086 C=CODE    S=_TEXT    G=(none)   M=C:\DES\BUILD\XHB\LIB\RTL.LIB|space ACBP=A9
 0001:00052B58 000002FA C=CODE    S=_TEXT    G=(none)   M=C:\DES\BUILD\XHB\LIB\RTL.LIB|spfiles ACBP=A9
 0001:00052E54 0000023D C=CODE    S=_TEXT    G=(none)   M=C:\DES\BUILD\XHB\LIB\RTL.LIB|str ACBP=A9
 0001:00053094 00000336 C=CODE    S=_TEXT    G=(none)   M=C:\DES\BUILD\XHB\LIB\RTL.LIB|strcase ACBP=A9
 0001:000533CC 00000141 C=CODE    S=_TEXT    G=(none)   M=C:\DES\BUILD\XHB\LIB\RTL.LIB|strdel ACBP=A9
 0001:00053510 00000035 C=CODE    S=_TEXT    G=(none)   M=C:\DES\BUILD\XHB\LIB\RTL.LIB|strings ACBP=A9
 0001:00053548 0000068D C=CODE    S=_TEXT    G=(none)   M=C:\DES\BUILD\XHB\LIB\RTL.LIB|strmatch ACBP=A9
 0001:00053BD8 00000324 C=CODE    S=_TEXT    G=(none)   M=C:\DES\BUILD\XHB\LIB\RTL.LIB|strtran ACBP=A9
 0001:00053EFC 00000143 C=CODE    S=_TEXT    G=(none)   M=C:\DES\BUILD\XHB\LIB\RTL.LIB|strzero ACBP=A9
 0001:00054040 0000017E C=CODE    S=_TEXT    G=(none)   M=C:\DES\BUILD\XHB\LIB\RTL.LIB|stuff ACBP=A9
 0001:000541C0 00000153 C=CODE    S=_TEXT    G=(none)   M=C:\DES\BUILD\XHB\LIB\RTL.LIB|substr ACBP=A9
 0001:00054314 0000035C C=CODE    S=_TEXT    G=(none)   M=C:\DES\BUILD\XHB\LIB\RTL.LIB|tone ACBP=A9
 0001:00054670 00001174 C=CODE    S=_TEXT    G=(none)   M=C:\DES\BUILD\XHB\LIB\RTL.LIB|tprinter ACBP=A9
 0001:000557E4 000001B0 C=CODE    S=_TEXT    G=(none)   M=C:\DES\BUILD\XHB\LIB\RTL.LIB|trace ACBP=A9
 0001:00055994 00001D00 C=CODE    S=_TEXT    G=(none)   M=C:\DES\BUILD\XHB\LIB\RTL.LIB|transfrm ACBP=A9
 0001:00057694 0000025E C=CODE    S=_TEXT    G=(none)   M=C:\DES\BUILD\XHB\LIB\RTL.LIB|trim ACBP=A9
 0001:000578F4 00000077 C=CODE    S=_TEXT    G=(none)   M=C:\DES\BUILD\XHB\LIB\RTL.LIB|type ACBP=A9
 0001:0005796C 0000009D C=CODE    S=_TEXT    G=(none)   M=C:\DES\BUILD\XHB\LIB\RTL.LIB|val ACBP=A9
 0001:00057A0C 0000042E C=CODE    S=_TEXT    G=(none)   M=C:\DES\BUILD\XHB\LIB\RTL.LIB|valtype ACBP=A9
 0001:00057E3C 00000394 C=CODE    S=_TEXT    G=(none)   M=C:\DES\BUILD\XHB\LIB\RTL.LIB|version ACBP=A9
 0001:000581D0 0000004A C=CODE    S=_TEXT    G=(none)   M=C:\DES\BUILD\XHB\LIB\RTL.LIB|word ACBP=A9
 0001:0005821C 0000005C C=CODE    S=_TEXT    G=(none)   M=C:\DES\BUILD\XHB\LIB\RTL.LIB|xhelp ACBP=A9
 0001:00058278 000000E4 C=CODE    S=_TEXT    G=(none)   M=C:\DES\BUILD\XHB\LIB\RTL.LIB|xsavescr ACBP=A9
 0001:0005835C 00000164 C=CODE    S=_TEXT    G=(none)   M=C:\DES\BUILD\XHB\LIB\RTL.LIB|cstr ACBP=A9
 0001:000584C0 00000074 C=CODE    S=_TEXT    G=(none)   M=C:\DES\BUILD\XHB\LIB\RTL.LIB|decode ACBP=A9
 0001:00058534 00000060 C=CODE    S=_TEXT    G=(none)   M=C:\DES\BUILD\XHB\LIB\RTL.LIB|fieldbl ACBP=A9
 0001:00058594 0000004C C=CODE    S=_TEXT    G=(none)   M=C:\DES\BUILD\XHB\LIB\RTL.LIB|memvarbl ACBP=A9
 0001:000585E0 000001DC C=CODE    S=_TEXT    G=(none)   M=C:\DES\BUILD\XHB\LIB\RTL.LIB|objfunc ACBP=A9
 0001:000587BC 00000204 C=CODE    S=_TEXT    G=(none)   M=C:\DES\BUILD\XHB\LIB\RTL.LIB|tclass ACBP=A9
 0001:000589C0 000003D4 C=CODE    S=_TEXT    G=(none)   M=C:\DES\BUILD\XHB\LIB\RTL.LIB|tget ACBP=A9
 0001:00058D94 000001A3 C=CODE    S=_TEXT    G=(none)   M=C:\DES\BUILD\XHB\LIB\RTL.LIB|tobject ACBP=A9
 0001:00058F38 00000060 C=CODE    S=_TEXT    G=(none)   M=C:\DES\BUILD\XHB\LIB\RTL.LIB|traceprg ACBP=A9
 0001:00058F98 0000026E C=CODE    S=_TEXT    G=(none)   M=C:\DES\BUILD\XHB\LIB\RTL.LIB|tscalar ACBP=A9
 0001:00059208 00000240 C=CODE    S=_TEXT    G=(none)   M=C:\DES\BUILD\XHB\LIB\RTL.LIB|win32ole ACBP=A9
 0001:00059448 00002858 C=CODE    S=_TEXT    G=(none)   M=C:\DES\BUILD\XHB\LIB\RTL.LIB|hbwinole ACBP=A9
 0001:0005BCA0 0000015D C=CODE    S=_TEXT    G=(none)   M=C:\DES\BUILD\XHB\LIB\RTL.LIB|win_misc ACBP=A9
 0001:0005BE00 00038B61 C=CODE    S=_TEXT    G=(none)   M=C:\DES\BUILD\XHB\LIB\VM.LIB|hvmall ACBP=A9
 0001:00094964 000005CF C=CODE    S=_TEXT    G=(none)   M=C:\DES\BUILD\XHB\LIB\VM.LIB|cmdarg ACBP=A9
 0001:00094F34 000011C9 C=CODE    S=_TEXT    G=(none)   M=C:\DES\BUILD\XHB\LIB\VM.LIB|hbi18n ACBP=A9
 0001:00096100 00000014 C=CODE    S=_TEXT    G=(none)   M=C:\DES\BUILD\XHB\LIB\VM.LIB|break ACBP=A9
 0001:00096114 00000019 C=CODE    S=_TEXT    G=(none)   M=C:\DES\BUILD\XHB\LIB\VM.LIB|initsymb ACBP=A9
 0001:00096130 00000076 C=CODE    S=_TEXT    G=(none)   M=C:\DES\BUILD\XHB\LIB\VM.LIB|throw ACBP=A9
 0001:000961A8 00000100 C=CODE    S=_TEXT    G=(none)   M=C:\DES\BUILD\XHB\LIB\VM.LIB|harbinit ACBP=A9
 0001:000962A8 00000674 C=CODE    S=_TEXT    G=(none)   M=C:\DES\BUILD\XHB\LIB\VM.LIB|bkgtsks ACBP=A9
 0001:0009691C 0000012C C=CODE    S=_TEXT    G=(none)   M=C:\DES\BUILD\XHB\LIB\VM.LIB|mainwin ACBP=A9
 0001:00096A48 00000010 C=CODE    S=_TEXT    G=(none)   M=C:\DES\BUILD\XHB\LIB\LANG.LIB|msgen ACBP=A9
 0001:00096A58 00002A35 C=CODE    S=_TEXT    G=(none)   M=C:\DES\BUILD\XHB\LIB\MACRO.LIB|macroy ACBP=A9
 0001:00099490 00000359 C=CODE    S=_TEXT    G=(none)   M=C:\DES\BUILD\XHB\LIB\MACRO.LIB|macroa ACBP=A9
 0001:000997EC 00005D7D C=CODE    S=_TEXT    G=(none)   M=C:\DES\BUILD\XHB\LIB\MACRO.LIB|macrob ACBP=A9
 0001:0009F56C 000008B4 C=CODE    S=_TEXT    G=(none)   M=C:\DES\BUILD\XHB\LIB\MACRO.LIB|macroc ACBP=A9
 0001:0009FE20 00002369 C=CODE    S=_TEXT    G=(none)   M=C:\DES\BUILD\XHB\LIB\MACRO.LIB|macroslx ACBP=A9
 0001:000A218C 000037F3 C=CODE    S=_TEXT    G=(none)   M=C:\DES\BUILD\XHB\LIB\RDD.LIB|dbcmd ACBP=A9
 0001:000A5980 00000C62 C=CODE    S=_TEXT    G=(none)   M=C:\DES\BUILD\XHB\LIB\RDD.LIB|dbcmd53 ACBP=A9
 0001:000A65E4 0000028E C=CODE    S=_TEXT    G=(none)   M=C:\DES\BUILD\XHB\LIB\RDD.LIB|dbcmdx ACBP=A9
 0001:000A6874 0000000E C=CODE    S=_TEXT    G=(none)   M=C:\DES\BUILD\XHB\LIB\RDD.LIB|dbcmdhb ACBP=A9
 0001:000A6884 00000026 C=CODE    S=_TEXT    G=(none)   M=C:\DES\BUILD\XHB\LIB\RDD.LIB|fieldhb ACBP=A9
 0001:000A68AC 000025FE C=CODE    S=_TEXT    G=(none)   M=C:\DES\BUILD\XHB\LIB\RDD.LIB|workarea ACBP=A9
 0001:000A8EAC 0000086B C=CODE    S=_TEXT    G=(none)   M=C:\DES\BUILD\XHB\LIB\RDD.LIB|wacore ACBP=A9
 0001:000A9718 000014B3 C=CODE    S=_TEXT    G=(none)   M=C:\DES\BUILD\XHB\LIB\RDD.LIB|wafunc ACBP=A9
 0001:000AABCC 00008504 C=CODE    S=_TEXT    G=(none)   M=C:\DES\BUILD\XHB\LIB\RDD.LIB|dbf1 ACBP=A9
 0001:000B30D0 000006AB C=CODE    S=_TEXT    G=(none)   M=C:\DES\BUILD\XHB\LIB\RDD.LIB|hbdbsort ACBP=A9
 0001:000B377C 000000D8 C=CODE    S=_TEXT    G=(none)   M=C:\DES\BUILD\XHB\LIB\RDD.LIB|rddord ACBP=A9
 0001:000B3854 0000004C C=CODE    S=_TEXT    G=(none)   M=C:\DES\BUILD\XHB\LIB\RDD.LIB|rddsys ACBP=A9
 0001:000B38A0 0000ABE4 C=CODE    S=_TEXT    G=(none)   M=C:\DES\BUILD\XHB\LIB\DBFNTX.LIB|dbfntx1 ACBP=A9
 0001:000BE484 000076A4 C=CODE    S=_TEXT    G=(none)   M=C:\DES\BUILD\XHB\LIB\DBFFPT.LIB|dbffpt1 ACBP=A9
 0001:000C5B28 000003BF C=CODE    S=_TEXT    G=(none)   M=C:\DES\BUILD\XHB\LIB\HBSIX.LIB|sxcrypt ACBP=A9
 0001:000C5EE8 000000F8 C=CODE    S=_TEXT    G=(none)   M=C:\DES\BUILD\XHB\LIB\HBSIX.LIB|sxdate ACBP=A9
 0001:000C5FE0 0000003F C=CODE    S=_TEXT    G=(none)   M=C:\DES\BUILD\XHB\LIB\COMMON.LIB|hbfopen ACBP=A9
 0001:000C6020 000003DF C=CODE    S=_TEXT    G=(none)   M=C:\DES\BUILD\XHB\LIB\COMMON.LIB|hbfsapi ACBP=A9
 0001:000C6400 000000F7 C=CODE    S=_TEXT    G=(none)   M=C:\DES\BUILD\XHB\LIB\COMMON.LIB|hbgete ACBP=A9
 0001:000C64F8 000005CA C=CODE    S=_TEXT    G=(none)   M=C:\DES\BUILD\XHB\LIB\COMMON.LIB|hbmem ACBP=A9
 0001:000C6AC4 000011D0 C=CODE    S=_TEXT    G=(none)   M=C:\DES\BUILD\XHB\LIB\COMMON.LIB|hbstr ACBP=A9
 0001:000C7C94 00001AB1 C=CODE    S=_TEXT    G=(none)   M=C:\DES\BUILD\XHB\LIB\COMMON.LIB|hbprintf ACBP=A9
 0001:000C9748 00000226 C=CODE    S=_TEXT    G=(none)   M=C:\DES\BUILD\XHB\LIB\COMMON.LIB|hbtrace ACBP=A9
 0001:000C9970 0000102A C=CODE    S=_TEXT    G=(none)   M=C:\DES\BUILD\XHB\LIB\COMMON.LIB|hbver ACBP=A9
 0001:000CA99C 00000B1A C=CODE    S=_TEXT    G=(none)   M=C:\DES\BUILD\XHB\LIB\COMMON.LIB|expropt1 ACBP=A9
 0001:000CB4B8 00001645 C=CODE    S=_TEXT    G=(none)   M=C:\DES\BUILD\XHB\LIB\COMMON.LIB|expropt2 ACBP=A9
 0001:000CCB00 00000060 C=CODE    S=_TEXT    G=(none)   M=C:\DES\BUILD\XHB\LIB\COMMON.LIB|reserved ACBP=A9
 0001:000CCB60 00001949 C=CODE    S=_TEXT    G=(none)   M=C:\DES\BUILD\XHB\LIB\COMMON.LIB|hbdate ACBP=A9
 0001:000CE4AC 00000181 C=CODE    S=_TEXT    G=(none)   M=C:\DES\BUILD\XHB\LIB\COMMON.LIB|hbwince ACBP=A9
 0001:000CE630 00000559 C=CODE    S=_TEXT    G=(none)   M=C:\DES\BUILD\XHB\LIB\CT.LIB|atnum ACBP=A9
 0001:000CEB8C 000001E3 C=CODE    S=_TEXT    G=(none)   M=C:\DES\BUILD\XHB\LIB\CT.LIB|blank ACBP=A9
 0001:000CED70 0000031D C=CODE    S=_TEXT    G=(none)   M=C:\DES\BUILD\XHB\LIB\CT.LIB|charonly ACBP=A9
 0001:000CF090 000002B3 C=CODE    S=_TEXT    G=(none)   M=C:\DES\BUILD\XHB\LIB\CT.LIB|charrepl ACBP=A9
 0001:000CF344 000002A2 C=CODE    S=_TEXT    G=(none)   M=C:\DES\BUILD\XHB\LIB\CT.LIB|ctc ACBP=A9
 0001:000CF5E8 00000105 C=CODE    S=_TEXT    G=(none)   M=C:\DES\BUILD\XHB\LIB\CT.LIB|ctmath ACBP=A9
 0001:000CF6F0 0000045A C=CODE    S=_TEXT    G=(none)   M=C:\DES\BUILD\XHB\LIB\CT.LIB|ctmath2 ACBP=A9
 0001:000CFB4C 000004FD C=CODE    S=_TEXT    G=(none)   M=C:\DES\BUILD\XHB\LIB\CT.LIB|ctstr ACBP=A9
 0001:000D004C 0000056F C=CODE    S=_TEXT    G=(none)   M=C:\DES\BUILD\XHB\LIB\CT.LIB|datetime ACBP=A9
 0001:000D05BC 00000B94 C=CODE    S=_TEXT    G=(none)   M=C:\DES\BUILD\XHB\LIB\CT.LIB|dattime2 ACBP=A9
 0001:000D1150 00000481 C=CODE    S=_TEXT    G=(none)   M=C:\DES\BUILD\XHB\LIB\CT.LIB|disk ACBP=A9
 0001:000D15D4 000001F9 C=CODE    S=_TEXT    G=(none)   M=C:\DES\BUILD\XHB\LIB\CT.LIB|numat ACBP=A9
 0001:000D17D0 00000516 C=CODE    S=_TEXT    G=(none)   M=C:\DES\BUILD\XHB\LIB\CT.LIB|range ACBP=A9
 0001:000D1CE8 00000175 C=CODE    S=_TEXT    G=(none)   M=C:\DES\BUILD\XHB\LIB\CT.LIB|remove ACBP=A9
 0001:000D1E60 0000054B C=CODE    S=_TEXT    G=(none)   M=C:\DES\BUILD\XHB\LIB\CT.LIB|strfile ACBP=A9
 0001:000D23AC 000009C7 C=CODE    S=_TEXT    G=(none)   M=C:\DES\BUILD\XHB\LIB\CT.LIB|token1 ACBP=A9
 0001:000D2D74 00000160 C=CODE    S=_TEXT    G=(none)   M=C:\DES\BUILD\XHB\LIB\CT.LIB|ctmisc ACBP=A9
 0001:000D2ED4 0000030B C=CODE    S=_TEXT    G=(none)   M=C:\DES\BUILD\XHB\LIB\CT.LIB|dattime3 ACBP=A9
 0001:000D31E0 00000074 C=CODE    S=_TEXT    G=(none)   M=C:\DES\BUILD\XHB\LIB\CT.LIB|cttime ACBP=A9
 0001:000D3254 00007DF8 C=CODE    S=_TEXT    G=(none)   M=C:\DES\BUILD\XHB\LIB\PCREPOS.LIB|pcre_compile ACBP=A9
 0001:000DB04C 0000B8A8 C=CODE    S=_TEXT    G=(none)   M=C:\DES\BUILD\XHB\LIB\PCREPOS.LIB|pcre_exec ACBP=A9
 0001:000E68F4 0000025E C=CODE    S=_TEXT    G=(none)   M=C:\DES\BUILD\XHB\LIB\PCREPOS.LIB|pcre_fullinfo ACBP=A9
 0001:000E6B54 000003E6 C=CODE    S=_TEXT    G=(none)   M=C:\DES\BUILD\XHB\LIB\PCREPOS.LIB|pcre_newline ACBP=A9
 0001:000E6F3C 0000004F C=CODE    S=_TEXT    G=(none)   M=C:\DES\BUILD\XHB\LIB\PCREPOS.LIB|pcre_ord2utf8 ACBP=A9
 0001:000E6F8C 00000474 C=CODE    S=_TEXT    G=(none)   M=C:\DES\BUILD\XHB\LIB\PCREPOS.LIB|pcre_valid_utf8 ACBP=A9
 0001:000E7400 00000016 C=CODE    S=_TEXT    G=(none)   M=C:\DES\BUILD\XHB\LIB\PCREPOS.LIB|pcre_version ACBP=A9
 0001:000E7418 00000411 C=CODE    S=_TEXT    G=(none)   M=C:\DES\BUILD\XHB\LIB\PCREPOS.LIB|pcre_xclass ACBP=A9
 0001:000E782C 000003C5 C=CODE    S=_TEXT    G=(none)   M=C:\DES\BUILD\XHB\LIB\PCREPOS.LIB|pcreposix ACBP=A9
 0001:000E7BF4 00000377 C=CODE    S=_TEXT    G=(none)   M=C:\DES\BUILD\XHB\LIB\ZLIB.LIB|adler32 ACBP=A9
 0001:000E7F6C 0000091F C=CODE    S=_TEXT    G=(none)   M=C:\DES\BUILD\XHB\LIB\ZLIB.LIB|crc32 ACBP=A9
 0001:000E888C 00002605 C=CODE    S=_TEXT    G=(none)   M=C:\DES\BUILD\XHB\LIB\ZLIB.LIB|deflate ACBP=A9
 0001:000EAE94 00000495 C=CODE    S=_TEXT    G=(none)   M=C:\DES\BUILD\XHB\LIB\ZLIB.LIB|inffast ACBP=A9
 0001:000EB32C 00001D89 C=CODE    S=_TEXT    G=(none)   M=C:\DES\BUILD\XHB\LIB\ZLIB.LIB|inflate ACBP=A9
 0001:000ED0B8 00000429 C=CODE    S=_TEXT    G=(none)   M=C:\DES\BUILD\XHB\LIB\ZLIB.LIB|inftrees ACBP=A9
 0001:000ED4E4 00001CE7 C=CODE    S=_TEXT    G=(none)   M=C:\DES\BUILD\XHB\LIB\ZLIB.LIB|trees ACBP=A9
 0001:000EF1CC 000000EF C=CODE    S=_TEXT    G=(none)   M=C:\DES\BUILD\XHB\LIB\ZLIB.LIB|zutil ACBP=A9
 0001:000EF2BB 000266D5 C=CODE    S=_TEXT    G=(none)   M=C:\DES\BUILD\XHB\LIB\HBZIP.LIB|ziparchive ACBP=A9
 0001:00115990 00001B6A C=CODE    S=_TEXT    G=(none)   M=C:\DES\BUILD\XHB\LIB\HBZIP.LIB|zip ACBP=A9
 0001:001174FA 0000817D C=CODE    S=_TEXT    G=(none)   M=C:\DES\BUILD\XHB\LIB\HBZIP.LIB|zipplatform ACBP=A9
 0001:0011F64F 00008BB3 C=CODE    S=_TEXT    G=(none)   M=C:\DES\BUILD\XHB\LIB\HBZIP.LIB|zipstorage ACBP=A9
 0001:001281FB 00002A61 C=CODE    S=_TEXT    G=(none)   M=C:\DES\BUILD\XHB\LIB\HBZIP.LIB|zipstring ACBP=A9
 0001:0012AC34 00001464 C=CODE    S=_TEXT    G=(none)   M=C:\DES\BUILD\XHB\LIB\HBZIP.LIB|zipplatformcomm ACBP=A9
 0001:0012C070 00006C5E C=CODE    S=_TEXT    G=(none)   M=C:\DES\BUILD\XHB\LIB\HBZIP.LIB|zippathcomponent ACBP=A9
 0001:00132CA6 000010DF C=CODE    S=_TEXT    G=(none)   M=C:\DES\BUILD\XHB\LIB\HBZIP.LIB|zipmemfile ACBP=A9
 0001:00133D5D 00001437 C=CODE    S=_TEXT    G=(none)   M=C:\DES\BUILD\XHB\LIB\HBZIP.LIB|zipfileheader ACBP=A9
 0001:0013516C 0000100E C=CODE    S=_TEXT    G=(none)   M=C:\DES\BUILD\XHB\LIB\HBZIP.LIB|zipfile ACBP=A9
 0001:00136152 0000EEE1 C=CODE    S=_TEXT    G=(none)   M=C:\DES\BUILD\XHB\LIB\HBZIP.LIB|zipnew ACBP=A9
 0001:00144F43 00001299 C=CODE    S=_TEXT    G=(none)   M=C:\DES\BUILD\XHB\LIB\HBZIP.LIB|zipcomp ACBP=A9
 0001:001460EC 00000AB4 C=CODE    S=_TEXT    G=(none)   M=C:\DES\BUILD\XHB\LIB\HBZIP.LIB|zipexception ACBP=A9
 0001:00146B78 00000692 C=CODE    S=_TEXT    G=(none)   M=C:\DES\BUILD\XHB\LIB\HBZIP.LIB|zipcompatibility ACBP=A9
 0001:001471E2 000069F5 C=CODE    S=_TEXT    G=(none)   M=C:\DES\BUILD\XHB\LIB\HBZIP.LIB|zipcentraldir ACBP=A9
 0001:0014DB43 00000282 C=CODE    S=_TEXT    G=(none)   M=C:\DES\BUILD\XHB\LIB\HBZIP.LIB|zipautobuffer ACBP=A9
 0001:0014DD7C 00000028 C=CODE    S=_TEXT    G=(none)   M=C:\DES\BUILD\BCC\LIB\CW32.LIB|delaop ACBP=A9
 0001:0014DDA4 0000002E C=CODE    S=_TEXT    G=(none)   M=C:\DES\BUILD\BCC\LIB\CW32.LIB|delop ACBP=A9
 0001:0014DDD4 0000004E C=CODE    S=_TEXT    G=(none)   M=C:\DES\BUILD\BCC\LIB\CW32.LIB|exceptio ACBP=A9
 0001:0014DE09 00000099 C=CODE    S=_TEXT    G=(none)   M=C:\DES\BUILD\BCC\LIB\CW32.LIB|gccex ACBP=A9
 0001:0014DE56 000005A2 C=CODE    S=_TEXT    G=(none)   M=C:\DES\BUILD\BCC\LIB\CW32.LIB|inst ACBP=A9
 0001:0014E3D0 00003044 C=CODE    S=_TEXT    G=(none)   M=C:\DES\BUILD\BCC\LIB\CW32.LIB|ios ACBP=A9
 0001:001513EC 00005AA0 C=CODE    S=_TEXT    G=(none)   M=C:\DES\BUILD\BCC\LIB\CW32.LIB|iostream ACBP=A9
 0001:00156E8C 000002EF C=CODE    S=_TEXT    G=(none)   M=C:\DES\BUILD\BCC\LIB\CW32.LIB|dwlocale ACBP=A9
 0001:00157154 00002106 C=CODE    S=_TEXT    G=(none)   M=C:\DES\BUILD\BCC\LIB\CW32.LIB|locale0 ACBP=A9
 0001:0015925A 00000019 C=CODE    S=_TEXT    G=(none)   M=C:\DES\BUILD\BCC\LIB\CW32.LIB|new ACBP=A9
 0001:0015925C 00000074 C=CODE    S=_TEXT    G=(none)   M=C:\DES\BUILD\BCC\LIB\CW32.LIB|newaop ACBP=A9
 0001:00159284 0000011E C=CODE    S=_TEXT    G=(none)   M=C:\DES\BUILD\BCC\LIB\CW32.LIB|newop ACBP=A9
 0001:0015937F 0000186F C=CODE    S=_TEXT    G=(none)   M=C:\DES\BUILD\BCC\LIB\CW32.LIB|string ACBP=A9
 0001:0015ABC8 00005C25 C=CODE    S=_TEXT    G=(none)   M=C:\DES\BUILD\BCC\LIB\CW32.LIB|wiostrea ACBP=A9
 0001:001607CD 000000D4 C=CODE    S=_TEXT    G=(none)   M=C:\DES\BUILD\BCC\LIB\CW32.LIB|xlocinfo ACBP=A9
 0001:001608A4 00000110 C=CODE    S=_TEXT    G=(none)   M=C:\DES\BUILD\BCC\LIB\CW32.LIB|xstart ACBP=A9
 0001:001609B4 00000027 C=CODE    S=_TEXT    G=(none)   M=C:\DES\BUILD\BCC\LIB\CW32.LIB|wchar ACBP=A9
 0001:001609DC 0000014B C=CODE    S=_TEXT    G=(none)   M=C:\DES\BUILD\BCC\LIB\CW32.LIB|hrdir_b ACBP=A9
 0001:00160B28 00000020 C=CODE    S=_TEXT    G=(none)   M=C:\DES\BUILD\BCC\LIB\CW32.LIB|hrdir_mf ACBP=A9
 0001:00160B48 000000DC C=CODE    S=_TEXT    G=(none)   M=C:\DES\BUILD\BCC\LIB\CW32.LIB|hrdir_s ACBP=A9
 0001:00160C24 00000001 C=CODE    S=_TEXT    G=(none)   M=C:\DES\BUILD\BCC\LIB\CW32.LIB|hrdir_us ACBP=A9
 0001:00160C28 00000DC2 C=CODE    S=_TEXT    G=(none)   M=C:\DES\BUILD\BCC\LIB\CW32.LIB|_fastmm ACBP=A9
 0001:001619EC 00000B42 C=CODE    S=_TEXT    G=(none)   M=C:\DES\BUILD\BCC\LIB\CW32.LIB|_fastmma ACBP=A9
 0001:00162530 0000004A C=CODE    S=_TEXT    G=(none)   M=C:\DES\BUILD\BCC\LIB\CW32.LIB|heap ACBP=A9
 0001:0016257C 00000065 C=CODE    S=_TEXT    G=(none)   M=C:\DES\BUILD\BCC\LIB\CW32.LIB|realloc ACBP=A9
 0001:001625E4 00000001 C=CODE    S=_TEXT    G=(none)   M=C:\DES\BUILD\BCC\LIB\CW32.LIB|crtlst_i ACBP=A9
 0001:001625E8 00000001 C=CODE    S=_TEXT    G=(none)   M=C:\DES\BUILD\BCC\LIB\CW32.LIB|crtlst_l ACBP=A9
 0001:001625EC 00000055 C=CODE    S=_TEXT    G=(none)   M=C:\DES\BUILD\BCC\LIB\CW32.LIB|memchr ACBP=A9
 0001:00162644 00000071 C=CODE    S=_TEXT    G=(none)   M=C:\DES\BUILD\BCC\LIB\CW32.LIB|wmemchr ACBP=A9
 0001:001626B8 00000016 C=CODE    S=_TEXT    G=(none)   M=C:\DES\BUILD\BCC\LIB\CW32.LIB|memcpy ACBP=A9
 0001:001626D0 0000001C C=CODE    S=_TEXT    G=(none)   M=C:\DES\BUILD\BCC\LIB\CW32.LIB|wmemcpy ACBP=A9
 0001:001626EC 00000117 C=CODE    S=_TEXT    G=(none)   M=C:\DES\BUILD\BCC\LIB\CW32.LIB|memmove ACBP=A9
 0001:00162804 000000B3 C=CODE    S=_TEXT    G=(none)   M=C:\DES\BUILD\BCC\LIB\CW32.LIB|memset ACBP=A9
 0001:001628B8 000000DF C=CODE    S=_TEXT    G=(none)   M=C:\DES\BUILD\BCC\LIB\CW32.LIB|wmemset ACBP=A9
 0001:00162998 0000005D C=CODE    S=_TEXT    G=(none)   M=C:\DES\BUILD\BCC\LIB\CW32.LIB|strcat ACBP=A9
 0001:001629F8 0000004E C=CODE    S=_TEXT    G=(none)   M=C:\DES\BUILD\BCC\LIB\CW32.LIB|strchr ACBP=A9
 0001:00162A48 0000004D C=CODE    S=_TEXT    G=(none)   M=C:\DES\BUILD\BCC\LIB\CW32.LIB|strcmp ACBP=A9
 0001:00162A98 00000049 C=CODE    S=_TEXT    G=(none)   M=C:\DES\BUILD\BCC\LIB\CW32.LIB|strcpy ACBP=A9
 0001:00162AE4 0000005A C=CODE    S=_TEXT    G=(none)   M=C:\DES\BUILD\BCC\LIB\CW32.LIB|strlen ACBP=A9
 0001:00162B40 0000007A C=CODE    S=_TEXT    G=(none)   M=C:\DES\BUILD\BCC\LIB\CW32.LIB|strncat ACBP=A9
 0001:00162BBC 0000005F C=CODE    S=_TEXT    G=(none)   M=C:\DES\BUILD\BCC\LIB\CW32.LIB|strncmp ACBP=A9
 0001:00162C1C 00000014 C=CODE    S=_TEXT    G=(none)   M=C:\DES\BUILD\BCC\LIB\CW32.LIB|__memchr ACBP=A9
 0001:00162C30 0000000A C=CODE    S=_TEXT    G=(none)   M=C:\DES\BUILD\BCC\LIB\CW32.LIB|__strstr ACBP=A9
 0001:00162C3C 0000006C C=CODE    S=_TEXT    G=(none)   M=C:\DES\BUILD\BCC\LIB\CW32.LIB|memcmp ACBP=A9
 0001:00162CA8 00000032 C=CODE    S=_TEXT    G=(none)   M=C:\DES\BUILD\BCC\LIB\CW32.LIB|strdup ACBP=A9
 0001:00162CDC 000000A3 C=CODE    S=_TEXT    G=(none)   M=C:\DES\BUILD\BCC\LIB\CW32.LIB|strerror ACBP=A9
 0001:00162D80 0000004F C=CODE    S=_TEXT    G=(none)   M=C:\DES\BUILD\BCC\LIB\CW32.LIB|strncpy ACBP=A9
 0001:00162DD0 0000002D C=CODE    S=_TEXT    G=(none)   M=C:\DES\BUILD\BCC\LIB\CW32.LIB|strpbrk ACBP=A9
 0001:00162E00 00000029 C=CODE    S=_TEXT    G=(none)   M=C:\DES\BUILD\BCC\LIB\CW32.LIB|strrchr ACBP=A9
 0001:00162E2C 00000060 C=CODE    S=_TEXT    G=(none)   M=C:\DES\BUILD\BCC\LIB\CW32.LIB|strstr ACBP=A9
 0001:00162E8C 00000037 C=CODE    S=_TEXT    G=(none)   M=C:\DES\BUILD\BCC\LIB\CW32.LIB|_stpcpy ACBP=A9
 0001:00162EC4 00000018 C=CODE    S=_TEXT    G=(none)   M=C:\DES\BUILD\BCC\LIB\CW32.LIB|wcslen ACBP=A9
 0001:00162EDC 0000003F C=CODE    S=_TEXT    G=(none)   M=C:\DES\BUILD\BCC\LIB\CW32.LIB|wcscpy ACBP=A9
 0001:00162F1C 00000040 C=CODE    S=_TEXT    G=(none)   M=C:\DES\BUILD\BCC\LIB\CW32.LIB|__access ACBP=A9
 0001:00162F5C 00000063 C=CODE    S=_TEXT    G=(none)   M=C:\DES\BUILD\BCC\LIB\CW32.LIB|__close ACBP=A9
 0001:00162FC0 00000013 C=CODE    S=_TEXT    G=(none)   M=C:\DES\BUILD\BCC\LIB\CW32.LIB|__dup ACBP=A9
 0001:00162FD4 000000EF C=CODE    S=_TEXT    G=(none)   M=C:\DES\BUILD\BCC\LIB\CW32.LIB|__dup2 ACBP=A9
 0001:001630C4 00000086 C=CODE    S=_TEXT    G=(none)   M=C:\DES\BUILD\BCC\LIB\CW32.LIB|__eof ACBP=A9
 0001:0016314C 00000123 C=CODE    S=_TEXT    G=(none)   M=C:\DES\BUILD\BCC\LIB\CW32.LIB|__ftrunc ACBP=A9
 0001:00163270 00000047 C=CODE    S=_TEXT    G=(none)   M=C:\DES\BUILD\BCC\LIB\CW32.LIB|__isatty ACBP=A9
 0001:001632B8 00000076 C=CODE    S=_TEXT    G=(none)   M=C:\DES\BUILD\BCC\LIB\CW32.LIB|__lseek ACBP=A9
 0001:00163330 00000214 C=CODE    S=_TEXT    G=(none)   M=C:\DES\BUILD\BCC\LIB\CW32.LIB|__open ACBP=A9
 0001:00163544 0000019A C=CODE    S=_TEXT    G=(none)   M=C:\DES\BUILD\BCC\LIB\CW32.LIB|__read ACBP=A9
 0001:001636E0 000001DD C=CODE    S=_TEXT    G=(none)   M=C:\DES\BUILD\BCC\LIB\CW32.LIB|__wread ACBP=A9
 0001:001638C0 0000011C C=CODE    S=_TEXT    G=(none)   M=C:\DES\BUILD\BCC\LIB\CW32.LIB|__write ACBP=A9
 0001:001639DC 00000011 C=CODE    S=_TEXT    G=(none)   M=C:\DES\BUILD\BCC\LIB\CW32.LIB|_cfinfo ACBP=A9
 0001:001639F0 0000001F C=CODE    S=_TEXT    G=(none)   M=C:\DES\BUILD\BCC\LIB\CW32.LIB|_close ACBP=A9
 0001:00163A10 0000003D C=CODE    S=_TEXT    G=(none)   M=C:\DES\BUILD\BCC\LIB\CW32.LIB|_commit ACBP=A9
 0001:00163A50 00000075 C=CODE    S=_TEXT    G=(none)   M=C:\DES\BUILD\BCC\LIB\CW32.LIB|_read ACBP=A9
 0001:00163AC8 00000008 C=CODE    S=_TEXT    G=(none)   M=C:\DES\BUILD\BCC\LIB\CW32.LIB|_stat ACBP=A9
 0001:00163AD0 00000017 C=CODE    S=_TEXT    G=(none)   M=C:\DES\BUILD\BCC\LIB\CW32.LIB|_umask ACBP=A9
 0001:00163AD0 00000061 C=CODE    S=_TEXT    G=(none)   M=C:\DES\BUILD\BCC\LIB\CW32.LIB|_write ACBP=A9
 0001:00163B34 00000008 C=CODE    S=_TEXT    G=(none)   M=C:\DES\BUILD\BCC\LIB\CW32.LIB|access ACBP=A9
 0001:00163B3C 0000007D C=CODE    S=_TEXT    G=(none)   M=C:\DES\BUILD\BCC\LIB\CW32.LIB|allocbuf ACBP=A9
 0001:00163BBC 0000008F C=CODE    S=_TEXT    G=(none)   M=C:\DES\BUILD\BCC\LIB\CW32.LIB|chdir ACBP=A9
 0001:00163C4C 0000009C C=CODE    S=_TEXT    G=(none)   M=C:\DES\BUILD\BCC\LIB\CW32.LIB|chdrive ACBP=A9
 0001:00163CE8 00000008 C=CODE    S=_TEXT    G=(none)   M=C:\DES\BUILD\BCC\LIB\CW32.LIB|chsize ACBP=A9
 0001:00163CF0 00000008 C=CODE    S=_TEXT    G=(none)   M=C:\DES\BUILD\BCC\LIB\CW32.LIB|close ACBP=A9
 0001:00163CF8 00000008 C=CODE    S=_TEXT    G=(none)   M=C:\DES\BUILD\BCC\LIB\CW32.LIB|dup ACBP=A9
 0001:00163D00 0000008E C=CODE    S=_TEXT    G=(none)   M=C:\DES\BUILD\BCC\LIB\CW32.LIB|fclose ACBP=A9
 0001:00163D90 0000007F C=CODE    S=_TEXT    G=(none)   M=C:\DES\BUILD\BCC\LIB\CW32.LIB|fflush ACBP=A9
 0001:00163E10 0000001E C=CODE    S=_TEXT    G=(none)   M=C:\DES\BUILD\BCC\LIB\CW32.LIB|fgetpos ACBP=A9
 0001:00163E30 0000005A C=CODE    S=_TEXT    G=(none)   M=C:\DES\BUILD\BCC\LIB\CW32.LIB|flushout ACBP=A9
 0001:00163E8C 00000023 C=CODE    S=_TEXT    G=(none)   M=C:\DES\BUILD\BCC\LIB\CW32.LIB|fmodeptr ACBP=A9
 0001:00163EB0 0000021B C=CODE    S=_TEXT    G=(none)   M=C:\DES\BUILD\BCC\LIB\CW32.LIB|fopen ACBP=A9
 0001:001640CC 00000022 C=CODE    S=_TEXT    G=(none)   M=C:\DES\BUILD\BCC\LIB\CW32.LIB|fprintf ACBP=A9
 0001:001640F0 000000DC C=CODE    S=_TEXT    G=(none)   M=C:\DES\BUILD\BCC\LIB\CW32.LIB|fputn ACBP=A9
 0001:001641CC 00000167 C=CODE    S=_TEXT    G=(none)   M=C:\DES\BUILD\BCC\LIB\CW32.LIB|fread ACBP=A9
 0001:00164334 0000014C C=CODE    S=_TEXT    G=(none)   M=C:\DES\BUILD\BCC\LIB\CW32.LIB|fseek ACBP=A9
 0001:00164480 00000019 C=CODE    S=_TEXT    G=(none)   M=C:\DES\BUILD\BCC\LIB\CW32.LIB|fsetpos ACBP=A9
 0001:0016449C 000000DB C=CODE    S=_TEXT    G=(none)   M=C:\DES\BUILD\BCC\LIB\CW32.LIB|fullpath ACBP=A9
 0001:00164578 00000031 C=CODE    S=_TEXT    G=(none)   M=C:\DES\BUILD\BCC\LIB\CW32.LIB|fwrite ACBP=A9
 0001:001645AC 000002B9 C=CODE    S=_TEXT    G=(none)   M=C:\DES\BUILD\BCC\LIB\CW32.LIB|handles ACBP=A9
 0001:00164868 0000007E C=CODE    S=_TEXT    G=(none)   M=C:\DES\BUILD\BCC\LIB\CW32.LIB|ioerror ACBP=A9
 0001:001648E8 000001A6 C=CODE    S=_TEXT    G=(none)   M=C:\DES\BUILD\BCC\LIB\CW32.LIB|lgetc ACBP=A9
 0001:00164A90 000001A8 C=CODE    S=_TEXT    G=(none)   M=C:\DES\BUILD\BCC\LIB\CW32.LIB|lgetwc ACBP=A9
 0001:00164C38 0000011A C=CODE    S=_TEXT    G=(none)   M=C:\DES\BUILD\BCC\LIB\CW32.LIB|lputc ACBP=A9
 0001:00164D54 00000144 C=CODE    S=_TEXT    G=(none)   M=C:\DES\BUILD\BCC\LIB\CW32.LIB|lputwc ACBP=A9
 0001:00164E98 00000008 C=CODE    S=_TEXT    G=(none)   M=C:\DES\BUILD\BCC\LIB\CW32.LIB|lseek ACBP=A9
 0001:00164EA0 00000091 C=CODE    S=_TEXT    G=(none)   M=C:\DES\BUILD\BCC\LIB\CW32.LIB|mkname ACBP=A9
 0001:00164F34 00000010 C=CODE    S=_TEXT    G=(none)   M=C:\DES\BUILD\BCC\LIB\CW32.LIB|open ACBP=A9
 0001:00164F44 0000006D C=CODE    S=_TEXT    G=(none)   M=C:\DES\BUILD\BCC\LIB\CW32.LIB|oshandle ACBP=A9
 0001:00164FB1 00000083 C=CODE    S=_TEXT    G=(none)   M=C:\DES\BUILD\BCC\LIB\CW32.LIB|perror ACBP=A9
 0001:00164FB4 00000023 C=CODE    S=_TEXT    G=(none)   M=C:\DES\BUILD\BCC\LIB\CW32.LIB|printf ACBP=A9
 0001:00164FD8 00000008 C=CODE    S=_TEXT    G=(none)   M=C:\DES\BUILD\BCC\LIB\CW32.LIB|read ACBP=A9
 0001:00164FE0 0000006E C=CODE    S=_TEXT    G=(none)   M=C:\DES\BUILD\BCC\LIB\CW32.LIB|setmode ACBP=A9
 0001:00165050 0000004D C=CODE    S=_TEXT    G=(none)   M=C:\DES\BUILD\BCC\LIB\CW32.LIB|setvbuf ACBP=A9
 0001:001650A0 00000100 C=CODE    S=_TEXT    G=(none)   M=C:\DES\BUILD\BCC\LIB\CW32.LIB|snprntf ACBP=A9
 0001:001651A0 00000038 C=CODE    S=_TEXT    G=(none)   M=C:\DES\BUILD\BCC\LIB\CW32.LIB|sopen ACBP=A9
 0001:001651D8 000002CD C=CODE    S=_TEXT    G=(none)   M=C:\DES\BUILD\BCC\LIB\CW32.LIB|splitpth ACBP=A9
 0001:001654A8 00000078 C=CODE    S=_TEXT    G=(none)   M=C:\DES\BUILD\BCC\LIB\CW32.LIB|sprintf ACBP=A9
 0001:00165520 00000207 C=CODE    S=_TEXT    G=(none)   M=C:\DES\BUILD\BCC\LIB\CW32.LIB|stat ACBP=A9
 0001:00165728 00000101 C=CODE    S=_TEXT    G=(none)   M=C:\DES\BUILD\BCC\LIB\CW32.LIB|streams ACBP=A9
 0001:0016582C 00000015 C=CODE    S=_TEXT    G=(none)   M=C:\DES\BUILD\BCC\LIB\CW32.LIB|tell ACBP=A9
 0001:00165844 00000052 C=CODE    S=_TEXT    G=(none)   M=C:\DES\BUILD\BCC\LIB\CW32.LIB|ungetc ACBP=A9
 0001:00165898 0000005C C=CODE    S=_TEXT    G=(none)   M=C:\DES\BUILD\BCC\LIB\CW32.LIB|ungetwc ACBP=A9
 0001:001658F4 0000001A C=CODE    S=_TEXT    G=(none)   M=C:\DES\BUILD\BCC\LIB\CW32.LIB|unlink ACBP=A9
 0001:00165910 0000025C C=CODE    S=_TEXT    G=(none)   M=C:\DES\BUILD\BCC\LIB\CW32.LIB|utime ACBP=A9
 0001:00165B6C 00000022 C=CODE    S=_TEXT    G=(none)   M=C:\DES\BUILD\BCC\LIB\CW32.LIB|vfprintf ACBP=A9
 0001:00165B90 00000A98 C=CODE    S=_TEXT    G=(none)   M=C:\DES\BUILD\BCC\LIB\CW32.LIB|vprinter ACBP=A9
 0001:00166628 00000008 C=CODE    S=_TEXT    G=(none)   M=C:\DES\BUILD\BCC\LIB\CW32.LIB|write ACBP=A9
 0001:00166630 0000002E C=CODE    S=_TEXT    G=(none)   M=C:\DES\BUILD\BCC\LIB\CW32.LIB|xfclose ACBP=A9
 0001:00166660 00000027 C=CODE    S=_TEXT    G=(none)   M=C:\DES\BUILD\BCC\LIB\CW32.LIB|xfflush ACBP=A9
 0001:00166687 00000006 C=CODE    S=_TEXT    G=(none)   M=C:\DES\BUILD\BCC\LIB\CW32.LIB|cconv ACBP=A9
 0001:00166688 000002CC C=CODE    S=_TEXT    G=(none)   M=C:\DES\BUILD\BCC\LIB\CW32.LIB|convt ACBP=A9
 0001:00166954 0000006C C=CODE    S=_TEXT    G=(none)   M=C:\DES\BUILD\BCC\LIB\CW32.LIB|getinfo ACBP=A9
 0001:001669C0 00000116 C=CODE    S=_TEXT    G=(none)   M=C:\DES\BUILD\BCC\LIB\CW32.LIB|is ACBP=A9
 0001:00166AD8 0000011B C=CODE    S=_TEXT    G=(none)   M=C:\DES\BUILD\BCC\LIB\CW32.LIB|wis ACBP=A9
 0001:00166BF4 0000009F C=CODE    S=_TEXT    G=(none)   M=C:\DES\BUILD\BCC\LIB\CW32.LIB|isctype ACBP=A9
 0001:00166C94 000000E6 C=CODE    S=_TEXT    G=(none)   M=C:\DES\BUILD\BCC\LIB\CW32.LIB|iswctype ACBP=A9
 0001:00166D7C 0000118F C=CODE    S=_TEXT    G=(none)   M=C:\DES\BUILD\BCC\LIB\CW32.LIB|locale ACBP=A9
 0001:00167F0C 00000816 C=CODE    S=_TEXT    G=(none)   M=C:\DES\BUILD\BCC\LIB\CW32.LIB|initcat ACBP=A9
 0001:00168724 000000DD C=CODE    S=_TEXT    G=(none)   M=C:\DES\BUILD\BCC\LIB\CW32.LIB|lconv ACBP=A9
 0001:00168804 0000005A C=CODE    S=_TEXT    G=(none)   M=C:\DES\BUILD\BCC\LIB\CW32.LIB|lstrcoll ACBP=A9
 0001:00168860 00000024 C=CODE    S=_TEXT    G=(none)   M=C:\DES\BUILD\BCC\LIB\CW32.LIB|lstrlwr ACBP=A9
 0001:00168884 000000C0 C=CODE    S=_TEXT    G=(none)   M=C:\DES\BUILD\BCC\LIB\CW32.LIB|ltolower ACBP=A9
 0001:00168944 000000C0 C=CODE    S=_TEXT    G=(none)   M=C:\DES\BUILD\BCC\LIB\CW32.LIB|ltoupper ACBP=A9
 0001:00168A04 00000681 C=CODE    S=_TEXT    G=(none)   M=C:\DES\BUILD\BCC\LIB\CW32.LIB|mbyte1 ACBP=A9
 0001:00169088 00000252 C=CODE    S=_TEXT    G=(none)   M=C:\DES\BUILD\BCC\LIB\CW32.LIB|mbrtowc ACBP=A9
 0001:001692DC 00000016 C=CODE    S=_TEXT    G=(none)   M=C:\DES\BUILD\BCC\LIB\CW32.LIB|lsetlocl ACBP=A9
 0001:001692F4 00000200 C=CODE    S=_TEXT    G=(none)   M=C:\DES\BUILD\BCC\LIB\CW32.LIB|_ll ACBP=A9
 0001:001694F4 0000001D C=CODE    S=_TEXT    G=(none)   M=C:\DES\BUILD\BCC\LIB\CW32.LIB|_finite ACBP=A9
 0001:00169514 0000001E C=CODE    S=_TEXT    G=(none)   M=C:\DES\BUILD\BCC\LIB\CW32.LIB|_finitel ACBP=A9
 0001:00169534 0000002B C=CODE    S=_TEXT    G=(none)   M=C:\DES\BUILD\BCC\LIB\CW32.LIB|_ftoul ACBP=A9
 0001:00169560 00000045 C=CODE    S=_TEXT    G=(none)   M=C:\DES\BUILD\BCC\LIB\CW32.LIB|_isnan ACBP=A9
 0001:001695A8 00000049 C=CODE    S=_TEXT    G=(none)   M=C:\DES\BUILD\BCC\LIB\CW32.LIB|_isnanl ACBP=A9
 0001:001695F4 00000008 C=CODE    S=_TEXT    G=(none)   M=C:\DES\BUILD\BCC\LIB\CW32.LIB|_ltoa1 ACBP=A9
 0001:001695FC 000000B0 C=CODE    S=_TEXT    G=(none)   M=C:\DES\BUILD\BCC\LIB\CW32.LIB|_matherr ACBP=A9
 0001:001696AC 00000188 C=CODE    S=_TEXT    G=(none)   M=C:\DES\BUILD\BCC\LIB\CW32.LIB|_pow10 ACBP=A9
 0001:00169834 00000077 C=CODE    S=_TEXT    G=(none)   M=C:\DES\BUILD\BCC\LIB\CW32.LIB|atol ACBP=A9
 0001:001698AC 0000001C C=CODE    S=_TEXT    G=(none)   M=C:\DES\BUILD\BCC\LIB\CW32.LIB|ceil ACBP=A9
 0001:001698C8 00000013 C=CODE    S=_TEXT    G=(none)   M=C:\DES\BUILD\BCC\LIB\CW32.LIB|clear87 ACBP=A9
 0001:001698DC 0000003F C=CODE    S=_TEXT    G=(none)   M=C:\DES\BUILD\BCC\LIB\CW32.LIB|cos ACBP=A9
 0001:0016991C 0000002F C=CODE    S=_TEXT    G=(none)   M=C:\DES\BUILD\BCC\LIB\CW32.LIB|ctrl87 ACBP=A9
 0001:0016994C 00000018 C=CODE    S=_TEXT    G=(none)   M=C:\DES\BUILD\BCC\LIB\CW32.LIB|cvtentry ACBP=A9
 0001:00169964 00000018 C=CODE    S=_TEXT    G=(none)   M=C:\DES\BUILD\BCC\LIB\CW32.LIB|cvtfak ACBP=A9
 0001:0016997C 00000018 C=CODE    S=_TEXT    G=(none)   M=C:\DES\BUILD\BCC\LIB\CW32.LIB|cvtfakw ACBP=A9
 0001:00169994 00000016 C=CODE    S=_TEXT    G=(none)   M=C:\DES\BUILD\BCC\LIB\CW32.LIB|div ACBP=A9
 0001:001699AC 0000006C C=CODE    S=_TEXT    G=(none)   M=C:\DES\BUILD\BCC\LIB\CW32.LIB|exp ACBP=A9
 0001:00169A18 000000D2 C=CODE    S=_TEXT    G=(none)   M=C:\DES\BUILD\BCC\LIB\CW32.LIB|f87exp ACBP=A9
 0001:00169AEC 00000048 C=CODE    S=_TEXT    G=(none)   M=C:\DES\BUILD\BCC\LIB\CW32.LIB|f87log ACBP=A9
 0001:00169B34 0000000D C=CODE    S=_TEXT    G=(none)   M=C:\DES\BUILD\BCC\LIB\CW32.LIB|fabs ACBP=A9
 0001:00169B44 0000001C C=CODE    S=_TEXT    G=(none)   M=C:\DES\BUILD\BCC\LIB\CW32.LIB|floor ACBP=A9
 0001:00169B60 0000004D C=CODE    S=_TEXT    G=(none)   M=C:\DES\BUILD\BCC\LIB\CW32.LIB|fmod ACBP=A9
 0001:00169BB0 00000016 C=CODE    S=_TEXT    G=(none)   M=C:\DES\BUILD\BCC\LIB\CW32.LIB|fpreset ACBP=A9
 0001:00169BC8 00000030 C=CODE    S=_TEXT    G=(none)   M=C:\DES\BUILD\BCC\LIB\CW32.LIB|ftol ACBP=A9
 0001:00169BF8 0000002D C=CODE    S=_TEXT    G=(none)   M=C:\DES\BUILD\BCC\LIB\CW32.LIB|fuildq ACBP=A9
 0001:00169C28 00000021 C=CODE    S=_TEXT    G=(none)   M=C:\DES\BUILD\BCC\LIB\CW32.LIB|fuistq ACBP=A9
 0001:00169C4C 00000011 C=CODE    S=_TEXT    G=(none)   M=C:\DES\BUILD\BCC\LIB\CW32.LIB|fxam ACBP=A9
 0001:00169C60 000000B1 C=CODE    S=_TEXT    G=(none)   M=C:\DES\BUILD\BCC\LIB\CW32.LIB|int64toa ACBP=A9
 0001:00169D14 0000011B C=CODE    S=_TEXT    G=(none)   M=C:\DES\BUILD\BCC\LIB\CW32.LIB|ldtrunc ACBP=A9
 0001:00169E30 0000006D C=CODE    S=_TEXT    G=(none)   M=C:\DES\BUILD\BCC\LIB\CW32.LIB|log ACBP=A9
 0001:00169EA0 0000006D C=CODE    S=_TEXT    G=(none)   M=C:\DES\BUILD\BCC\LIB\CW32.LIB|log10 ACBP=A9
 0001:00169F10 0000008F C=CODE    S=_TEXT    G=(none)   M=C:\DES\BUILD\BCC\LIB\CW32.LIB|longtoa ACBP=A9
 0001:00169FA0 00000075 C=CODE    S=_TEXT    G=(none)   M=C:\DES\BUILD\BCC\LIB\CW32.LIB|ltoa1 ACBP=A9
 0001:0016A018 0000002E C=CODE    S=_TEXT    G=(none)   M=C:\DES\BUILD\BCC\LIB\CW32.LIB|matherrl ACBP=A9
 0001:0016A048 00000016 C=CODE    S=_TEXT    G=(none)   M=C:\DES\BUILD\BCC\LIB\CW32.LIB|mathptr ACBP=A9
 0001:0016A060 00000030 C=CODE    S=_TEXT    G=(none)   M=C:\DES\BUILD\BCC\LIB\CW32.LIB|modf ACBP=A9
 0001:0016A090 00000030 C=CODE    S=_TEXT    G=(none)   M=C:\DES\BUILD\BCC\LIB\CW32.LIB|modfl ACBP=A9
 0001:0016A0C0 000001DC C=CODE    S=_TEXT    G=(none)   M=C:\DES\BUILD\BCC\LIB\CW32.LIB|pow ACBP=A9
 0001:0016A29C 00000025 C=CODE    S=_TEXT    G=(none)   M=C:\DES\BUILD\BCC\LIB\CW32.LIB|qdiv10 ACBP=A9
 0001:0016A2C4 0000002E C=CODE    S=_TEXT    G=(none)   M=C:\DES\BUILD\BCC\LIB\CW32.LIB|qmul10 ACBP=A9
 0001:0016A2F4 00000084 C=CODE    S=_TEXT    G=(none)   M=C:\DES\BUILD\BCC\LIB\CW32.LIB|rand ACBP=A9
 0001:0016A378 000002F9 C=CODE    S=_TEXT    G=(none)   M=C:\DES\BUILD\BCC\LIB\CW32.LIB|realcvt ACBP=A9
 0001:0016A674 00000331 C=CODE    S=_TEXT    G=(none)   M=C:\DES\BUILD\BCC\LIB\CW32.LIB|realcvtw ACBP=A9
 0001:0016A9A8 0000002C C=CODE    S=_TEXT    G=(none)   M=C:\DES\BUILD\BCC\LIB\CW32.LIB|round ACBP=A9
 0001:0016A9D4 000004E9 C=CODE    S=_TEXT    G=(none)   M=C:\DES\BUILD\BCC\LIB\CW32.LIB|scantod ACBP=A9
 0001:0016AEC0 000004F5 C=CODE    S=_TEXT    G=(none)   M=C:\DES\BUILD\BCC\LIB\CW32.LIB|scanwtod ACBP=A9
 0001:0016B3B8 0000003F C=CODE    S=_TEXT    G=(none)   M=C:\DES\BUILD\BCC\LIB\CW32.LIB|sin ACBP=A9
 0001:0016B3F8 0000003A C=CODE    S=_TEXT    G=(none)   M=C:\DES\BUILD\BCC\LIB\CW32.LIB|sqrt ACBP=A9
 0001:0016B434 000002D8 C=CODE    S=_TEXT    G=(none)   M=C:\DES\BUILD\BCC\LIB\CW32.LIB|xcvt ACBP=A9
 0001:0016B70C 000002F7 C=CODE    S=_TEXT    G=(none)   M=C:\DES\BUILD\BCC\LIB\CW32.LIB|xcvtw ACBP=A9
 0001:0016BA04 0000006D C=CODE    S=_TEXT    G=(none)   M=C:\DES\BUILD\BCC\LIB\CW32.LIB|mbbtype ACBP=A9
 0001:0016BA74 0000014D C=CODE    S=_TEXT    G=(none)   M=C:\DES\BUILD\BCC\LIB\CW32.LIB|mbctype ACBP=A9
 0001:0016BBC4 0000003D C=CODE    S=_TEXT    G=(none)   M=C:\DES\BUILD\BCC\LIB\CW32.LIB|mbisalp ACBP=A9
 0001:0016BC04 0000001A C=CODE    S=_TEXT    G=(none)   M=C:\DES\BUILD\BCC\LIB\CW32.LIB|mbisdgt ACBP=A9
 0001:0016BC20 0000001A C=CODE    S=_TEXT    G=(none)   M=C:\DES\BUILD\BCC\LIB\CW32.LIB|mbisspc ACBP=A9
 0001:0016BC3C 0000002F C=CODE    S=_TEXT    G=(none)   M=C:\DES\BUILD\BCC\LIB\CW32.LIB|mbsbtype ACBP=A9
 0001:0016BC6C 0000009B C=CODE    S=_TEXT    G=(none)   M=C:\DES\BUILD\BCC\LIB\CW32.LIB|mbsicmp ACBP=A9
 0001:0016BD08 00000054 C=CODE    S=_TEXT    G=(none)   M=C:\DES\BUILD\BCC\LIB\CW32.LIB|mbsnbcpy ACBP=A9
 0001:0016BD5C 000000BF C=CODE    S=_TEXT    G=(none)   M=C:\DES\BUILD\BCC\LIB\CW32.LIB|mbsnbicm ACBP=A9
 0001:0016BE1C 0000006C C=CODE    S=_TEXT    G=(none)   M=C:\DES\BUILD\BCC\LIB\CW32.LIB|mbspbrk ACBP=A9
 0001:0016BE88 00000058 C=CODE    S=_TEXT    G=(none)   M=C:\DES\BUILD\BCC\LIB\CW32.LIB|mbsrchr ACBP=A9
 0001:0016BEE0 0000001D C=CODE    S=_TEXT    G=(none)   M=C:\DES\BUILD\BCC\LIB\CW32.LIB|mbtoupr ACBP=A9
 0001:0016BF00 000000A6 C=CODE    S=_TEXT    G=(none)   M=C:\DES\BUILD\BCC\LIB\CW32.LIB|assert ACBP=A9
 0001:0016BFA8 000000BA C=CODE    S=_TEXT    G=(none)   M=C:\DES\BUILD\BCC\LIB\CW32.LIB|ermsghlp ACBP=A9
 0001:0016C064 00000006 C=CODE    S=_TEXT    G=(none)   M=C:\DES\BUILD\BCC\LIB\CW32.LIB|errno ACBP=A9
 0001:0016C06C 0000019F C=CODE    S=_TEXT    G=(none)   M=C:\DES\BUILD\BCC\LIB\CW32.LIB|errormsg ACBP=A9
 0001:0016C20C 00000089 C=CODE    S=_TEXT    G=(none)   M=C:\DES\BUILD\BCC\LIB\CW32.LIB|platform ACBP=A9
 0001:0016C295 00000013 C=CODE    S=_TEXT    G=(none)   M=C:\DES\BUILD\BCC\LIB\CW32.LIB|pureerr ACBP=A9
 0001:0016C2A8 00000236 C=CODE    S=_TEXT    G=(none)   M=C:\DES\BUILD\BCC\LIB\CW32.LIB|qsort ACBP=A9
 0001:0016C4E0 000000A6 C=CODE    S=_TEXT    G=(none)   M=C:\DES\BUILD\BCC\LIB\CW32.LIB|abort ACBP=A9
 0001:0016C588 000000A7 C=CODE    S=_TEXT    G=(none)   M=C:\DES\BUILD\BCC\LIB\CW32.LIB|exit ACBP=A9
 0001:0016C630 00000067 C=CODE    S=_TEXT    G=(none)   M=C:\DES\BUILD\BCC\LIB\CW32.LIB|getenv ACBP=A9
 0001:0016C698 0000001A C=CODE    S=_TEXT    G=(none)   M=C:\DES\BUILD\BCC\LIB\CW32.LIB|initwild ACBP=A9
 0001:0016C6B4 00000011 C=CODE    S=_TEXT    G=(none)   M=C:\DES\BUILD\BCC\LIB\CW32.LIB|exparg ACBP=A9
 0001:0016C6C8 00000011 C=CODE    S=_TEXT    G=(none)   M=C:\DES\BUILD\BCC\LIB\CW32.LIB|wexparg ACBP=A9
 0001:0016C6DC 00000027 C=CODE    S=_TEXT    G=(none)   M=C:\DES\BUILD\BCC\LIB\CW32.LIB|initargv ACBP=A9
 0001:0016C704 0000016C C=CODE    S=_TEXT    G=(none)   M=C:\DES\BUILD\BCC\LIB\CW32.LIB|setargv ACBP=A9
 0001:0016C870 00000224 C=CODE    S=_TEXT    G=(none)   M=C:\DES\BUILD\BCC\LIB\CW32.LIB|hsargv ACBP=A9
 0001:0016CA94 0000026D C=CODE    S=_TEXT    G=(none)   M=C:\DES\BUILD\BCC\LIB\CW32.LIB|whsargv ACBP=A9
 0001:0016CD04 00000045 C=CODE    S=_TEXT    G=(none)   M=C:\DES\BUILD\BCC\LIB\CW32.LIB|setargv0 ACBP=A9
 0001:0016CD4C 000001A0 C=CODE    S=_TEXT    G=(none)   M=C:\DES\BUILD\BCC\LIB\CW32.LIB|setenvp ACBP=A9
 0001:0016CEEC 000002FA C=CODE    S=_TEXT    G=(none)   M=C:\DES\BUILD\BCC\LIB\CW32.LIB|signal ACBP=A9
 0001:0016D1E8 00000157 C=CODE    S=_TEXT    G=(none)   M=C:\DES\BUILD\BCC\LIB\CW32.LIB|initexit ACBP=A9
 0001:0016D340 000001A4 C=CODE    S=_TEXT    G=(none)   M=C:\DES\BUILD\BCC\LIB\CW32.LIB|startup ACBP=A9
 0001:0016D4E4 0000004F C=CODE    S=_TEXT    G=(none)   M=C:\DES\BUILD\BCC\LIB\CW32.LIB|tlsstat ACBP=A9
 0001:0016D534 000001DD C=CODE    S=_TEXT    G=(none)   M=C:\DES\BUILD\BCC\LIB\CW32.LIB|gmtime ACBP=A9
 0001:0016D714 00000055 C=CODE    S=_TEXT    G=(none)   M=C:\DES\BUILD\BCC\LIB\CW32.LIB|mktime ACBP=A9
 0001:0016D76C 00000369 C=CODE    S=_TEXT    G=(none)   M=C:\DES\BUILD\BCC\LIB\CW32.LIB|timefunc ACBP=A9
 0001:0016DAD8 00000006 C=CODE    S=_TEXT    G=(none)   M=C:\DES\BUILD\BCC\LIB\CW32.LIB|tzdata ACBP=A9
 0001:0016DAE0 000001EE C=CODE    S=_TEXT    G=(none)   M=C:\DES\BUILD\BCC\LIB\CW32.LIB|tzset ACBP=A9
 0001:0016DCD0 00000008 C=CODE    S=_TEXT    G=(none)   M=C:\DES\BUILD\BCC\LIB\CW32.LIB|_tzset ACBP=A9
 0001:0016DCD8 00000156 C=CODE    S=_TEXT    G=(none)   M=C:\DES\BUILD\BCC\LIB\CW32.LIB|statcvt ACBP=A9
 0001:0016DE30 0000004E C=CODE    S=_TEXT    G=(none)   M=C:\DES\BUILD\BCC\LIB\CW32.LIB|time ACBP=A9
 0001:0016DE80 00000070 C=CODE    S=_TEXT    G=(none)   M=C:\DES\BUILD\BCC\LIB\CW32.LIB|xxa ACBP=A9
 0001:0016DEF0 000008B9 C=CODE    S=_TEXT    G=(none)   M=C:\DES\BUILD\BCC\LIB\CW32.LIB|xxtype ACBP=A9
 0001:0016E773 0000005A C=CODE    S=_TEXT    G=(none)   M=C:\DES\BUILD\BCC\LIB\CW32.LIB|xxut ACBP=A9
 0001:0016E79C 00000147 C=CODE    S=_TEXT    G=(none)   M=C:\DES\BUILD\BCC\LIB\CW32.LIB|xxv ACBP=A9
 0001:0016E8E4 0000000A C=CODE    S=_TEXT    G=(none)   M=C:\DES\BUILD\BCC\LIB\CW32.LIB|defhandl ACBP=A9
 0001:0016E8F0 00000195 C=CODE    S=_TEXT    G=(none)   M=C:\DES\BUILD\BCC\LIB\CW32.LIB|except ACBP=A9
 0001:0016EA88 00000046 C=CODE    S=_TEXT    G=(none)   M=C:\DES\BUILD\BCC\LIB\CW32.LIB|setexc ACBP=A9
 0001:0016EAD0 00000031 C=CODE    S=_TEXT    G=(none)   M=C:\DES\BUILD\BCC\LIB\CW32.LIB|ta ACBP=A9
 0001:0016EB04 00001F44 C=CODE    S=_TEXT    G=(none)   M=C:\DES\BUILD\BCC\LIB\CW32.LIB|xx ACBP=A9
 0002:00000000 000000C8 C=DATA    S=_DATA    G=DGROUP   M=C:\DES\BUILD\BCC\LIB\C0W32.OBJ ACBP=A9
 0002:000000C8 00002314 C=DATA    S=_DATA    G=DGROUP   M=C:\DES\BUILD\EXERCICIOS\EXERCICIOS.OBJ ACBP=A9
 0002:000023DC 00001008 C=DATA    S=_DATA    G=DGROUP   M=C:\DES\BUILD\FWH\LIB\FIVEHX.LIB|ACTIVEX ACBP=A9
 0002:000033E4 000072C0 C=DATA    S=_DATA    G=DGROUP   M=C:\DES\BUILD\FWH\LIB\FIVEHX.LIB|ADOFUNCS ACBP=A9
 0002:0000A6A4 00000BF4 C=DATA    S=_DATA    G=DGROUP   M=C:\DES\BUILD\FWH\LIB\FIVEHX.LIB|ALERT ACBP=A9
 0002:0000B298 00004B90 C=DATA    S=_DATA    G=DGROUP   M=C:\DES\BUILD\FWH\LIB\FIVEHX.LIB|BAR ACBP=A9
 0002:0000FE28 00003FB4 C=DATA    S=_DATA    G=DGROUP   M=C:\DES\BUILD\FWH\LIB\FIVEHX.LIB|BITMAP ACBP=A9
 0002:00013DDC 000027A4 C=DATA    S=_DATA    G=DGROUP   M=C:\DES\BUILD\FWH\LIB\FIVEHX.LIB|BRUSH ACBP=A9
 0002:00016580 00008474 C=DATA    S=_DATA    G=DGROUP   M=C:\DES\BUILD\FWH\LIB\FIVEHX.LIB|BTNBMP ACBP=A9
 0002:0001E9F4 0000199C C=DATA    S=_DATA    G=DGROUP   M=C:\DES\BUILD\FWH\LIB\FIVEHX.LIB|BUTTON ACBP=A9
 0002:00020390 000013B8 C=DATA    S=_DATA    G=DGROUP   M=C:\DES\BUILD\FWH\LIB\FIVEHX.LIB|BUTTONB ACBP=A9
 0002:00021748 000019FC C=DATA    S=_DATA    G=DGROUP   M=C:\DES\BUILD\FWH\LIB\FIVEHX.LIB|CHECKBOX ACBP=A9
 0002:00023144 00000480 C=DATA    S=_DATA    G=DGROUP   M=C:\DES\BUILD\FWH\LIB\FIVEHX.LIB|CHECKRES ACBP=A9
 0002:000235C4 00000A68 C=DATA    S=_DATA    G=DGROUP   M=C:\DES\BUILD\FWH\LIB\FIVEHX.LIB|CLIPBRD ACBP=A9
 0002:0002402C 00003D98 C=DATA    S=_DATA    G=DGROUP   M=C:\DES\BUILD\FWH\LIB\FIVEHX.LIB|COMBOBOX ACBP=A9
 0002:00027DC4 00006220 C=DATA    S=_DATA    G=DGROUP   M=C:\DES\BUILD\FWH\LIB\FIVEHX.LIB|CONTROL ACBP=A9
 0002:0002DFE4 0000093C C=DATA    S=_DATA    G=DGROUP   M=C:\DES\BUILD\FWH\LIB\FIVEHX.LIB|CURSOR ACBP=A9
 0002:0002E920 00006CC8 C=DATA    S=_DATA    G=DGROUP   M=C:\DES\BUILD\FWH\LIB\FIVEHX.LIB|DATABASE ACBP=A9
 0002:000355E8 00007A50 C=DATA    S=_DATA    G=DGROUP   M=C:\DES\BUILD\FWH\LIB\FIVEHX.LIB|DATAROW ACBP=A9
 0002:0003D038 000021B8 C=DATA    S=_DATA    G=DGROUP   M=C:\DES\BUILD\FWH\LIB\FIVEHX.LIB|DBCOMBO ACBP=A9
 0002:0003F1F0 0000041C C=DATA    S=_DATA    G=DGROUP   M=C:\DES\BUILD\FWH\LIB\FIVEHX.LIB|DBTOOLS ACBP=A9
 0002:0003F60C 00000AA4 C=DATA    S=_DATA    G=DGROUP   M=C:\DES\BUILD\FWH\LIB\FIVEHX.LIB|DDE ACBP=A9
 0002:000400B0 00004464 C=DATA    S=_DATA    G=DGROUP   M=C:\DES\BUILD\FWH\LIB\FIVEHX.LIB|DIALOG ACBP=A9
 0002:00044514 00000758 C=DATA    S=_DATA    G=DGROUP   M=C:\DES\BUILD\FWH\LIB\FIVEHX.LIB|DLGFIND ACBP=A9
 0002:00044C6C 000110DC C=DATA    S=_DATA    G=DGROUP   M=C:\DES\BUILD\FWH\LIB\FIVEHX.LIB|FGET ACBP=A9
 0002:00055D48 0000101C C=DATA    S=_DATA    G=DGROUP   M=C:\DES\BUILD\FWH\LIB\FIVEHX.LIB|FILENAME ACBP=A9
 0002:00056D64 00000584 C=DATA    S=_DATA    G=DGROUP   M=C:\DES\BUILD\FWH\LIB\FIVEHX.LIB|FLINE ACBP=A9
 0002:000572E8 00003594 C=DATA    S=_DATA    G=DGROUP   M=C:\DES\BUILD\FWH\LIB\FIVEHX.LIB|FOLDER ACBP=A9
 0002:0005A87C 00002BC4 C=DATA    S=_DATA    G=DGROUP   M=C:\DES\BUILD\FWH\LIB\FIVEHX.LIB|FONT ACBP=A9
 0002:0005D440 000006DC C=DATA    S=_DATA    G=DGROUP   M=C:\DES\BUILD\FWH\LIB\FIVEHX.LIB|FWDECODE ACBP=A9
 0002:0005DB1C 00000398 C=DATA    S=_DATA    G=DGROUP   M=C:\DES\BUILD\FWH\LIB\FIVEHX.LIB|FWERROR ACBP=A9
 0002:0005DEB4 00000A34 C=DATA    S=_DATA    G=DGROUP   M=C:\DES\BUILD\FWH\LIB\FIVEHX.LIB|GETTASKS ACBP=A9
 0002:0005E8E8 000008E0 C=DATA    S=_DATA    G=DGROUP   M=C:\DES\BUILD\FWH\LIB\FIVEHX.LIB|GETSYSIN ACBP=A9
 0002:0005F1C8 000018F8 C=DATA    S=_DATA    G=DGROUP   M=C:\DES\BUILD\FWH\LIB\FIVEHX.LIB|GTF ACBP=A9
 0002:00060AC0 00000AAC C=DATA    S=_DATA    G=DGROUP   M=C:\DES\BUILD\FWH\LIB\FIVEHX.LIB|HARBOUR ACBP=A9
 0002:0006156C 000009B8 C=DATA    S=_DATA    G=DGROUP   M=C:\DES\BUILD\FWH\LIB\FIVEHX.LIB|HELP32 ACBP=A9
 0002:00061F24 0000091C C=DATA    S=_DATA    G=DGROUP   M=C:\DES\BUILD\FWH\LIB\FIVEHX.LIB|HELPCHM ACBP=A9
 0002:00062840 00001388 C=DATA    S=_DATA    G=DGROUP   M=C:\DES\BUILD\FWH\LIB\FIVEHX.LIB|GROUP ACBP=A9
 0002:00063BC8 00000F30 C=DATA    S=_DATA    G=DGROUP   M=C:\DES\BUILD\FWH\LIB\FIVEHX.LIB|ICON ACBP=A9
 0002:00064AF8 000031F4 C=DATA    S=_DATA    G=DGROUP   M=C:\DES\BUILD\FWH\LIB\FIVEHX.LIB|IMAGE ACBP=A9
 0002:00067CEC 00000AEC C=DATA    S=_DATA    G=DGROUP   M=C:\DES\BUILD\FWH\LIB\FIVEHX.LIB|INI ACBP=A9
 0002:000687D8 00002A24 C=DATA    S=_DATA    G=DGROUP   M=C:\DES\BUILD\FWH\LIB\FIVEHX.LIB|LISTBOX ACBP=A9
 0002:0006B1FC 00000FB0 C=DATA    S=_DATA    G=DGROUP   M=C:\DES\BUILD\FWH\LIB\FIVEHX.LIB|LINKLIST ACBP=A9
 0002:0006C1AC 00001CEC C=DATA    S=_DATA    G=DGROUP   M=C:\DES\BUILD\FWH\LIB\FIVEHX.LIB|MDICHILD ACBP=A9
 0002:0006DE98 000013C4 C=DATA    S=_DATA    G=DGROUP   M=C:\DES\BUILD\FWH\LIB\FIVEHX.LIB|MDICLIEN ACBP=A9
 0002:0006F25C 00001AB0 C=DATA    S=_DATA    G=DGROUP   M=C:\DES\BUILD\FWH\LIB\FIVEHX.LIB|MDIFRAME ACBP=A9
 0002:00070D0C 00001F14 C=DATA    S=_DATA    G=DGROUP   M=C:\DES\BUILD\FWH\LIB\FIVEHX.LIB|MEMOEDIT ACBP=A9
 0002:00072C20 0000775C C=DATA    S=_DATA    G=DGROUP   M=C:\DES\BUILD\FWH\LIB\FIVEHX.LIB|MENU ACBP=A9
 0002:0007A37C 000034E4 C=DATA    S=_DATA    G=DGROUP   M=C:\DES\BUILD\FWH\LIB\FIVEHX.LIB|MENUITEM ACBP=A9
 0002:0007D860 00003CF0 C=DATA    S=_DATA    G=DGROUP   M=C:\DES\BUILD\FWH\LIB\FIVEHX.LIB|MGET ACBP=A9
 0002:00081550 00003868 C=DATA    S=_DATA    G=DGROUP   M=C:\DES\BUILD\FWH\LIB\FIVEHX.LIB|MSGBAR ACBP=A9
 0002:00084DB8 00000AD8 C=DATA    S=_DATA    G=DGROUP   M=C:\DES\BUILD\FWH\LIB\FIVEHX.LIB|MSGGET ACBP=A9
 0002:00085890 00000534 C=DATA    S=_DATA    G=DGROUP   M=C:\DES\BUILD\FWH\LIB\FIVEHX.LIB|MSGRUN ACBP=A9
 0002:00085DC4 0000013C C=DATA    S=_DATA    G=DGROUP   M=C:\DES\BUILD\FWH\LIB\FIVEHX.LIB|ODATA ACBP=A9
 0002:00085F00 00001050 C=DATA    S=_DATA    G=DGROUP   M=C:\DES\BUILD\FWH\LIB\FIVEHX.LIB|OLEFUNCS ACBP=A9
 0002:00086F50 00000D9C C=DATA    S=_DATA    G=DGROUP   M=C:\DES\BUILD\FWH\LIB\FIVEHX.LIB|PDMENU ACBP=A9
 0002:00087CEC 0000061C C=DATA    S=_DATA    G=DGROUP   M=C:\DES\BUILD\FWH\LIB\FIVEHX.LIB|PDREPORT ACBP=A9
 0002:00088308 0000059C C=DATA    S=_DATA    G=DGROUP   M=C:\DES\BUILD\FWH\LIB\FIVEHX.LIB|PEN ACBP=A9
 0002:000888A4 000044D0 C=DATA    S=_DATA    G=DGROUP   M=C:\DES\BUILD\FWH\LIB\FIVEHX.LIB|PRINTER ACBP=A9
 0002:0008CD74 00001814 C=DATA    S=_DATA    G=DGROUP   M=C:\DES\BUILD\FWH\LIB\FIVEHX.LIB|PRV2PDF ACBP=A9
 0002:0008E588 000016F0 C=DATA    S=_DATA    G=DGROUP   M=C:\DES\BUILD\FWH\LIB\FIVEHX.LIB|RADIO ACBP=A9
 0002:0008FC78 00001310 C=DATA    S=_DATA    G=DGROUP   M=C:\DES\BUILD\FWH\LIB\FIVEHX.LIB|RADMENU ACBP=A9
 0002:00090F88 000029BC C=DATA    S=_DATA    G=DGROUP   M=C:\DES\BUILD\FWH\LIB\FIVEHX.LIB|RCOLUMN ACBP=A9
 0002:00093944 00000708 C=DATA    S=_DATA    G=DGROUP   M=C:\DES\BUILD\FWH\LIB\FIVEHX.LIB|REBAR ACBP=A9
 0002:0009404C 00000E18 C=DATA    S=_DATA    G=DGROUP   M=C:\DES\BUILD\FWH\LIB\FIVEHX.LIB|RFILE ACBP=A9
 0002:00094E64 000011F8 C=DATA    S=_DATA    G=DGROUP   M=C:\DES\BUILD\FWH\LIB\FIVEHX.LIB|RGROUP ACBP=A9
 0002:0009605C 00000EC0 C=DATA    S=_DATA    G=DGROUP   M=C:\DES\BUILD\FWH\LIB\FIVEHX.LIB|RLINE ACBP=A9
 0002:00096F1C 00000F4C C=DATA    S=_DATA    G=DGROUP   M=C:\DES\BUILD\FWH\LIB\FIVEHX.LIB|RECT ACBP=A9
 0002:00097E68 00000C9C C=DATA    S=_DATA    G=DGROUP   M=C:\DES\BUILD\FWH\LIB\FIVEHX.LIB|REG32 ACBP=A9
 0002:00098B04 000086DC C=DATA    S=_DATA    G=DGROUP   M=C:\DES\BUILD\FWH\LIB\FIVEHX.LIB|REPORT ACBP=A9
 0002:000A11E0 000090A8 C=DATA    S=_DATA    G=DGROUP   M=C:\DES\BUILD\FWH\LIB\FIVEHX.LIB|RPREVIEW ACBP=A9
 0002:000AA288 000018B8 C=DATA    S=_DATA    G=DGROUP   M=C:\DES\BUILD\FWH\LIB\FIVEHX.LIB|SAY ACBP=A9
 0002:000ABB40 00006958 C=DATA    S=_DATA    G=DGROUP   M=C:\DES\BUILD\FWH\LIB\FIVEHX.LIB|SCINTILA ACBP=A9
 0002:000B2498 00001A4C C=DATA    S=_DATA    G=DGROUP   M=C:\DES\BUILD\FWH\LIB\FIVEHX.LIB|SCRLLBAR ACBP=A9
 0002:000B3EE4 00002570 C=DATA    S=_DATA    G=DGROUP   M=C:\DES\BUILD\FWH\LIB\FIVEHX.LIB|SCRLPANL ACBP=A9
 0002:000B6454 00000930 C=DATA    S=_DATA    G=DGROUP   M=C:\DES\BUILD\FWH\LIB\FIVEHX.LIB|SHELLAPI ACBP=A9
 0002:000B6D84 0000107C C=DATA    S=_DATA    G=DGROUP   M=C:\DES\BUILD\FWH\LIB\FIVEHX.LIB|STATUSBA ACBP=A9
[...]
 0002:00164F9C  __vdflg__ std::numpunct<char>::id
 0002:00164FA0  __thrwl__ std::bad_alloc::bad_alloc()
 0002:00164FA4  __odtbl__ std::bad_alloc::bad_alloc()
 0002:00164FB4  __ectbl__ std::bad_alloc::bad_alloc()
 0002:00164FCC  __ectbl__ std::bad_alloc::bad_alloc(std::bad_alloc&)
 0002:00164FD8  __thrwl__ std::bad_alloc::~bad_alloc()
 0002:00164FDC  __ectbl__ std::bad_alloc::~bad_alloc()
 0002:00164FE8  @std@bad_alloc@3
 0002:00164FFC  @std@locale@_Locimp@3
 0002:0016500C  __thrwl__ std::bad_alloc::what() const
 0002:00165010  __ectbl__ std::bad_alloc::what() const
 0002:0016501C  D2404_1
 0002:001650B4  __odtbl__ std::_Fac_tidy()
 0002:001650E4  __ectbl__ std::_Fac_tidy()
 0002:0016512C  __odtbl__ std::_Deletegloballocale(void *)
 0002:0016513C  __ectbl__ std::_Deletegloballocale(void *)
 0002:0016516C  __ectbl__ std::_Setgloballocale(void *)
 0002:00165184  std::locale::_Locimp::_Clocptr
 0002:00165188  std::locale::id::_Id_cnt
 0002:0016518C  std::ctype<char>::id
 0002:00165190  __vdflg__ std::ctype<char>::id
 0002:00165194  std::ctype<wchar_t>::id
 0002:00165198  __vdflg__ std::ctype<wchar_t>::id
 0002:0016519C  std::codecvt<wchar_t, char, int>::id
 0002:001651A0  __vdflg__ std::codecvt<wchar_t, char, int>::id
 0002:001651A4  std::codecvt<char16_t, char, int>::id
 0002:001651A8  __vdflg__ std::codecvt<char16_t, char, int>::id
 0002:001651AC  std::codecvt<char32_t, char, int>::id
 0002:001651B0  __vdflg__ std::codecvt<char32_t, char, int>::id
 0002:001651B4  std::ctype<char>::table_size
 0002:001651B8  __thrwl__ std::locale::locale()
 0002:001651BC  __odtbl__ std::locale::locale()
 0002:001651CC  __ectbl__ std::locale::locale()
 0002:001651F0  __odtbl__ std::locale::_Init()
 0002:00165230  __ectbl__ std::locale::_Init()
 0002:0016529C  __odtbl__ std::locale::facet::_Register()
 0002:001652AC  __ectbl__ std::locale::facet::_Register()
 0002:001652DC  __odtbl__ std::locale::_Locimp::_Locimp(bool)
 0002:001652EC  __ectbl__ std::locale::_Locimp::_Locimp(bool)
 0002:00165310  __odtbl__ std::locale::_Locimp::~_Locimp()
 0002:0016534C  __ectbl__ std::locale::_Locimp::~_Locimp()
 0002:00165394  __odtbl__ std::_Locinfo::_Locinfo(std::basic_string<char, std::char_traits<char>, std::allocator<char> >&)
 0002:001653A4  __ectbl__ std::_Locinfo::_Locinfo(std::basic_string<char, std::char_traits<char>, std::allocator<char> >&)
 0002:001653C8  __odtbl__ std::_Locinfo::~_Locinfo()
 0002:001653F4  __ectbl__ std::_Locinfo::~_Locinfo()
 0002:00165418  __odtbl__ std::_Fac_node::~_Fac_node()
 0002:00165428  __ectbl__ std::_Fac_node::~_Fac_node()
 0002:00165458  __odtbl__ std::_Fac_deletable::~_Fac_deletable()
 0002:00165468  __ectbl__ std::_Fac_deletable::~_Fac_deletable()
 0002:00165480  @std@_Fac_deletable@3
 0002:00165490  std::_New_hand
 0002:00165490  D2406_1
 0002:00165494  D2408_1
 0002:001654B8  D2412_1
 0002:001655A8  D2417_1
 0002:001655D4  __odtbl__ std::_String_base::_Xlen() const
 0002:00165600  __ectbl__ std::_String_base::_Xlen() const
 0002:00165630  __odtbl__ std::_String_base::_Xran() const
 0002:0016565C  __ectbl__ std::_String_base::_Xran() const
 0002:0016568C  D2424_1
 0002:00165724  std::_Winit::_Init_cnt
 0002:00165728  __odtbl__ std::_Winit::_Winit()
 0002:00165A18  __ectbl__ std::_Winit::_Winit()
 0002:00165D60  __odtbl__ std::_Winit::~_Winit()
 0002:00165D80  __ectbl__ std::_Winit::~_Winit()
 0002:00165DA4  __odtbl__ std::basic_ios<wchar_t, std::char_traits<wchar_t> >::~basic_ios<wchar_t, std::char_traits<wchar_t> >()
 0002:00165DB4  __ectbl__ std::basic_ios<wchar_t, std::char_traits<wchar_t> >::~basic_ios<wchar_t, std::char_traits<wchar_t> >()
 0002:00165DCC  __odtbl__ std::basic_filebuf<wchar_t, std::char_traits<wchar_t> >::_Endwrite()
 0002:00165DEC  __ectbl__ std::basic_filebuf<wchar_t, std::char_traits<wchar_t> >::_Endwrite()
 0002:00165E10  __odtbl__ std::basic_ostream<wchar_t, std::char_traits<wchar_t> >::~basic_ostream<wchar_t, std::char_traits<wchar_t> >()
 0002:00165E20  __ectbl__ std::basic_ostream<wchar_t, std::char_traits<wchar_t> >::~basic_ostream<wchar_t, std::char_traits<wchar_t> >()
 0002:00165E38  __odtbl__ std::basic_istream<wchar_t, std::char_traits<wchar_t> >::~basic_istream<wchar_t, std::char_traits<wchar_t> >()
 0002:00165E48  __ectbl__ std::basic_istream<wchar_t, std::char_traits<wchar_t> >::~basic_istream<wchar_t, std::char_traits<wchar_t> >()
 0002:00165E60  __odtbl__ std::basic_filebuf<wchar_t, std::char_traits<wchar_t> >::~basic_filebuf<wchar_t, std::char_traits<wchar_t> >()
 0002:00165E70  __ectbl__ std::basic_filebuf<wchar_t, std::char_traits<wchar_t> >::~basic_filebuf<wchar_t, std::char_traits<wchar_t> >()
 0002:00165E88  @std@%basic_ostream$b19std@%char_traits$b%%@3
 0002:00165EA4  @std@%basic_ios$b19std@%char_traits$b%%@3
 0002:00165EB4  @std@%basic_istream$b19std@%char_traits$b%%@3
 0002:00165ED0  @std@%basic_streambuf$b19std@%char_traits$b%%@3
 0002:00165F18  @std@%basic_filebuf$b19std@%char_traits$b%%@3
 0002:00165F60  __ectbl__ std::basic_streambuf<wchar_t, std::char_traits<wchar_t> >::~basic_streambuf<wchar_t, std::char_traits<wchar_t> >()
 0002:00165F6C  __odtbl__ std::basic_filebuf<wchar_t, std::char_traits<wchar_t> >::overflow(wchar_t)
 0002:00165F8C  __ectbl__ std::basic_filebuf<wchar_t, std::char_traits<wchar_t> >::overflow(wchar_t)
 0002:00165FB0  __odtbl__ std::basic_filebuf<wchar_t, std::char_traits<wchar_t> >::uflow()
 0002:00165FD0  __ectbl__ std::basic_filebuf<wchar_t, std::char_traits<wchar_t> >::uflow()
 0002:00165FF4  __odtbl__ std::basic_filebuf<wchar_t, std::char_traits<wchar_t> >::imbue(std::locale&)
 0002:0016606C  __ectbl__ std::basic_filebuf<wchar_t, std::char_traits<wchar_t> >::imbue(std::locale&)
 0002:001660D8  @std@%codecvt$bci%@3
 0002:00166104  std::_Facetptr<std::codecvt<wchar_t, char, int> >::_Psave
 0002:00166108  __odtbl__ std::codecvt<wchar_t, char, int>::~codecvt<wchar_t, char, int>()
 0002:00166118  __ectbl__ std::codecvt<wchar_t, char, int>::~codecvt<wchar_t, char, int>()
 0002:00166130  __thrwl__ std::codecvt<wchar_t, char, int>::do_always_noconv() const
 0002:00166134  __ectbl__ std::codecvt<wchar_t, char, int>::do_always_noconv() const
 0002:00166140  __thrwl__ std::codecvt<wchar_t, char, int>::do_max_length() const
 0002:00166144  __ectbl__ std::codecvt<wchar_t, char, int>::do_max_length() const
 0002:00166150  __thrwl__ std::codecvt<wchar_t, char, int>::do_encoding() const
 0002:00166154  __ectbl__ std::codecvt<wchar_t, char, int>::do_encoding() const
 0002:00166160  D2432_1
 0002:00166360  D2436_1
 0002:001663C4  D2606_1
 0002:001664D4  D2618_1
 0002:001664D8  __heap_redirector
 0002:001664F8  __FastMM_IsMultiThread
 0002:001664F8  D2622_1
 0002:001664F9  __FastMM_ReportMemoryLeaksOnShutdown
 0002:001664FA  __FastMM_NeverSleepOnMMThreadContention
 0002:0016652C  __FastMM_MemoryManager
 0002:00166544  __FastMM_SmallBlockTypes
 0002:00166C24  __FastMM_MediumBlocksLocked
 0002:00166CAC  D2792_1
 0002:00166CC0  D2888_1
 0002:00166CCC  __cfinfo_get
 0002:00166CCC  D2908_1
 0002:00166CD0  D2966_1
 0002:00166CD0  __notUmask
 0002:00166CD4  D2992_0
 0002:00166CD4  __fileinfo
 0002:00166CD8  __streams
 0002:00166CD8  D3062_0
 0002:00167188  D3064_0
 0002:00167188  __nfile
 0002:0016718C  __openfd
 0002:00167254  __fmode
 0002:00167254  D3074_0
 0002:00167258  D3076_1
 0002:00167258  __fmodeptr
 0002:0016725C  D3161_1
 0002:0016725C  __dosErrorToSV
 0002:00167388  D3184_1
 0002:00167394  D3192_1
 0002:00167394  __sys_errlist
 0002:0016745C  __sys_nerr
 0002:00167828  D3278_1
 0002:00167840  D3308_1
 0002:0016784C  D3326_1
 0002:001678C4  D3422_0
 0002:001678C4  __chartype
 0002:00167AC8  D3424_1
 0002:00167AC8  __localeconvention
 0002:00167B04  D3426_1
 0002:00167B54  __lower
 0002:00167B54  D3428_0
 0002:00167C54  __upper
 0002:00167C54  D3432_0
 0002:00167D54  ___mb_cur_max
 0002:00167D54  D3448_1
 0002:00167D58  ___localeLock
 0002:00167E6C  D3450_0
 0002:00167E6C  _CMonetary
 0002:00167EA0  _CNumeric
 0002:00167EB6  _CTimeDate
 0002:00167F78  _CLOCALE
 0002:00167FA4  ___locale
 0002:001680C8  D3452_1
 0002:00168154  D3580_1
 0002:00168164  D3586_1
 0002:00168224  D3623_1
 0002:00168230  D3641_1
 0002:00168230  __realcvtptr
 0002:00168234  __nextrealptr
 0002:00168238  __scantodptr
 0002:0016823C  __scanrsltptr
 0002:00168298  __realcvtwptr
 0002:00168298  D3643_1
 0002:0016829C  __nextrealwptr
 0002:001682A0  __scanwtodptr
 0002:001682A4  __scanwrsltptr
 0002:00168300  __default87
 0002:00168300  D3645_0
 0002:00168304  D3651_1
 0002:00168310  D3659_1
 0002:00168324  D3661_1
 0002:0016833C  __huge_flt
 0002:0016833C  D3699_0
 0002:00168340  __huge_dble
 0002:00168348  __huge_ldble
 0002:00168352  __max_flt
 0002:00168356  __max_dble
 0002:0016835E  __max_ldble
 0002:00168368  __indefinite
 0002:0016836C  __tiny_ldble
 0002:00168378  ___ieee_64_p_inf
 0002:00168380  ___ieee_64_n_inf
 0002:00168388  ___ieee_64_p_nanq
 0002:00168390  ___ieee_64_n_nanq
 0002:00168398  ___ieee_64_p_nans
 0002:001683A0  ___ieee_64_n_nans
 0002:001683A8  ___ieee_64_p_zero
 0002:001683B0  ___ieee_64_n_zero
 0002:001683B8  __turboFloat
 0002:001683B8  D3709_0
 0002:001683BC  __floatconvert
 0002:001683C0  D3727_1
 0002:001683CC  D3729_1
 0002:001683DC  D3751_1
 0002:001683DC  __pmatherr
 0002:001683E0  __pmatherrl
 0002:001683E4  __mathwhy
 0002:001683E4  D3755_0
 0002:00168428  D3765_1
 0002:00168444  D3777_1
 0002:0016844C  D3779_1
 0002:00168460  D3781_1
 0002:00168488  D3788_1
 0002:001684B0  D3790_1
 0002:001684D8  D3792_1
 0002:001684E4  D3800_1
 0002:001684F4  __kalpha
 0002:001684F4  D3856_1
 0002:001684F6  __kpunct
 0002:0016853C  D3996_1
 0002:00168560  D4016_1
 0002:00168584  _errno
 0002:00168584  D4018_1
 0002:00168588  D4020_1
 0002:00168588  __messagefunc
 0002:0016858C  __messagefile
 0002:00168598  D4028_1
 0002:001685C0  D4030_1
 0002:001685E0  D4049_1
 0002:0016861C  ___pCallAtExitProcs
 0002:0016861C  D4051_0
 0002:00168620  D4087_1
 0002:00168620  __exitbuf
 0002:00168624  __exitfopen
 0002:00168628  __exitopen
 0002:0016862C  D4111_0
 0002:0016862C  __setargv_ptr
 0002:00168630  __exitargv_ptr
 0002:00168634  D4113_0
 0002:00168634  __wsetargv_ptr
 0002:00168638  __wexitargv_ptr
 0002:0016863C  __setargv__
 0002:0016863C  D4115_1
 0002:00168690  D4117_1
 0002:00168690  __cmdline_escapes
 0002:001686B8  D4119_1
 0002:001686DC  __argv_expand_ptr
 0002:001686DC  D4172_0
 0002:001686E0  __wargv_expand_ptr
 0002:001686E0  D4174_0
 0002:001686E4  __argv0
 0002:001686E4  D4176_1
 0002:00168704  D4190_1
 0002:00168704  __setenvp__
 0002:00168758  D4194_1
 0002:001687B8  D4216_0
 0002:001687B8  __isWindows
 0002:001687BC  D4218_1
 0002:001687C0  D4254_0
 0002:001687C0  __SWeekday
 0002:001687DC  __LWeekday
 0002:001687F8  __SMonth
 0002:00168828  __LMonth
 0002:00168858  __AmPm
 0002:00168860  __Days
 0002:0016886C  __YDays
 0002:00168984  D4258_1
 0002:00168984  __PREFER_END_STANDARD_TIME
 0002:00168985  __PREFER_START_DAYLIGHT_TIME
 0002:0016898C  D4260_1
 0002:0016898C  __timezone
 0002:00168990  __daylight
 0002:00168994  D4262_1
 0002:00168994  __tzname
 0002:001689A8  D4295_0
 0002:001689A8  ___xxPersonality
 0002:001689AC  D4297_1
 0002:00168CE8  __thrwl__ std::bad_typeid::~bad_typeid()
 0002:00168CEC  __ectbl__ std::bad_typeid::~bad_typeid()
 0002:00168CF8  @std@bad_typeid@3
 0002:00168D0C  ___terminatePTR
 0002:00168D0C  D4299_1
 0002:00168D10  ___unexpectdPTR
 0002:00168D14  ___CPPexceptionList
 0002:00168D14  D4301_1
 0002:00168D18  ___exceptFlags
 0002:00168D1C  ___throwFileName
 0002:00168D20  ___throwLineNumber
 0002:00168D24  ___throwExceptionName
 0002:00168D28  ___exceptStaticBuffP
 0002:00168D2C  ___exceptMemAllocVars
 0002:00168D30  ___ExceptStaticXbuff
 0002:00168DB0  __ExceptVarsSize
 0002:00168DC4  __chtbl__ __call_terminate()
 0002:00168DE4  __ectbl__ __call_terminate()
 0002:00168DFC  D4307_1
 0002:00168DFC  __stkchk
 0002:00168E10  ___debuggerDisableTerminateCallback
 0002:00168E10  D4340_1
 0002:00169744  __odtbl__ ___ExceptionHandler(_EXCEPTION_RECORD *, ERRbc *, _CONTEXT *, void *, unsigned long, unsigned long, unsigned long, unsigned long, unsigned long, unsigned long)
 0002:00169754  __ectbl__ ___ExceptionHandler(_EXCEPTION_RECORD *, ERRbc *, _CONTEXT *, void *, unsigned long, unsigned long, unsigned long, unsigned long, unsigned long, unsigned long)
 0002:00169778  __thrwl__ std::bad_exception::bad_exception()
 0002:0016977C  __odtbl__ std::bad_exception::bad_exception()
 0002:0016978C  __ectbl__ std::bad_exception::bad_exception()
 0002:001697A4  __thrwl__ std::bad_exception::~bad_exception()
 0002:001697A8  __odtbl__ std::bad_exception::~bad_exception()
 0002:001697B8  __ectbl__ std::bad_exception::~bad_exception()
 0002:001697D0  __ectbl__ std::bad_exception::bad_exception(std::bad_exception&)
 0002:001697DC  @std@bad_exception@3
 0002:001697F0  D4502_0
 0002:001697F0  _GUID_NULL
 0002:00169800  _IID_IUnknown
 0002:00169810  _IID_IRichEditOleCallback
 0002:00169820  _IID_IEnumVARIANT
 0002:00169830  _IID_IDispatch
 0002:00169840  _IID_IDataObject
 0002:00169850  _IID_IPersistStreamInit
 0002:00169860  _IID_IOleControlSite
 0002:00169870  _IID_IProvideClassInfo2
 0002:00169880  _IID_IProvideClassInfo
 0002:00169890  _IID_IClassFactory2
 0002:001698A0  _IID_IConnectionPointContainer
 0002:001698B0  _IID_IOleInPlaceSite
 0002:001698C0  _IID_IOleInPlaceObject
 0002:001698D0  _IID_IOleInPlaceFrame
 0002:001698E0  _IID_IOleInPlaceUIWindow
 0002:001698F0  _IID_IOleWindow
 0002:00169900  _IID_IOleObject
 0002:00169910  _IID_IOleClientSite
 0003:00000000  B2_2
 0003:00000018  B30_2
 0003:00000030  B34_2
 0003:00000048  B36_2
 0003:00000060  B38_2
 0003:00000078  B42_2
 0003:00000090  B48_2
 0003:000000A8  B52_2
 0003:000000C0  B56_2
 0003:000000D8  B58_2
 0003:000000F0  B60_2
 0003:00000108  B62_2
 0003:00000120  B68_2
 0003:00000138  B72_2
 0003:00000150  B76_2
 0003:00000168  B78_2
 0003:00000180  B80_2
 0003:00000198  B82_2
 0003:000001B0  B84_2
 0003:000001C8  B98_2
 0003:000001E0  B100_2
 0003:000001F8  B104_2
 0003:00000210  B106_2
 0003:00000228  B118_2
 0003:00000240  B120_2
 0003:00000258  B122_2
 0003:00000270  B126_2
 0003:00000288  B128_2
 0003:000002A0  B132_2
 0003:000002B8  B134_2
 0003:000002D0  B140_2
 0003:000002E8  B142_2
 0003:00000300  B144_2
 0003:00000318  B146_2
 0003:00000330  __iob
 0003:00000378  B148_2
 0003:00000390  B150_2
 0003:000003A8  _pHTMLHELP
 0003:000003AC  B152_2
 0003:000003C4  B154_2
 0003:000003DC  B160_2
 0003:000003F4  B162_2
 0003:0000040C  B166_2
 0003:00000424  B174_2
 0003:0000043C  B178_2
 0003:00000454  B180_2
 0003:0000046C  B182_2
 0003:00000484  B186_2
 0003:0000049C  B190_2
 0003:000004B4  B192_2
 0003:000004CC  B198_2
 0003:000004E4  B204_2
 0003:000004FC  B208_2
 0003:00000514  B216_2
 0003:0000052C  B226_2
 0003:00000544  B230_2
 0003:0000055C  B238_2
 0003:00000574  B240_2
 0003:0000058C  B242_2
 0003:000005A4  B244_2
 0003:000005BC  B246_2
 0003:000005D4  _fp
 0003:000005D8  _nDocLen
 0003:000005DC  B248_2
 0003:000005F4  B250_2
 0003:0000060C  B254_2
 0003:00000624  B256_2
 0003:0000063C  B258_2
 0003:00000654  B260_2
 0003:0000066C  B262_2
 0003:00000684  B264_2
 0003:0000069C  B266_2
 0003:000006B4  B268_2
 0003:000006CC  B270_2
 0003:000006E4  B274_2
 0003:000006FC  B276_2
 0003:00000714  B278_2
 0003:0000072C  B280_2
 0003:00000744  B286_2
 0003:0000075C  B300_2
 0003:00000774  B302_2
 0003:0000078C  B308_2
 0003:000007A4  B320_2
 0003:000007BC  B344_2
 0003:000007D4  B372_2
 0003:000007EC  B374_2
 0003:00000804  B384_2
 0003:0000081C  B390_2
 0003:00000834  B394_2
 0003:0000084C  B404_2
 0003:00000864  B408_2
 0003:0000087C  B410_2
 0003:00000894  B418_2
 0003:000008AC  B424_2
 0003:000008C4  B446_2
 0003:000008DC  B448_2
 0003:000008F4  B450_2
 0003:0000090C  B454_2
 0003:00000924  B466_2
 0003:0000093C  B472_2
 0003:00000954  B494_2
 0003:0000096C  B496_2
 0003:00000984  B502_2
 0003:0000099C  B506_2
 0003:000009B4  B508_2
 0003:000009CC  B512_2
 0003:000009E4  B516_2
 0003:000009FC  B520_2
 0003:00000A14  B558_2
 0003:00002184  B560_2
 0003:00002314  B566_2
 0003:00002420  B572_2
 0003:00002420  _gdiplusStartupInput
 0003:00002430  _gdiplusToken
 0003:00002434  B604_2
 0003:00002538  B608_2
 0003:00002590  B706_2
 0003:00002638  B730_2
 0003:0000263C  B746_2
 0003:000026DC  B782_1
 0003:00002754  B786_2
 0003:000027C8  B806_2
 0003:00002908  B828_2
 0003:00002910  B838_2
 0003:00002954  B860_2
 0003:0000296C  _item
 0003:0000296C  B882_2
 0003:00002988  _fnIsWow64Process
 0003:00002988  B922_2
 0003:0000298C  B966_2
 0003:00002990  B982_2
 0003:000029A8  B994_2
 0003:00002A28  B1002_2
 0003:00002C40  B1026_1
 0003:00002C48  B1064_2
 0003:00002D54  B1098_2
 0003:00002F54  B1179_1
 0003:00002F58  B1239_2
 0003:00002F5C  B1258_2
 0003:00002F74  B1264_2
 0003:00002F8C  B1280_2
 0003:00002FA4  B1298_2
 0003:00002FBC  B1304_2
 0003:00002FD4  B1338_2
 0003:00002FEC  B1342_2
 0003:00003004  B1352_2
 0003:0000301C  B1356_2
 0003:00003034  B1364_2
 0003:0000304C  B1378_2
 0003:00003064  B1382_2
 0003:000030B4  B1420_2
 0003:00004BF0  B1426_2
 0003:00004D80  B1440_2
 0003:00004D98  B1454_2
 0003:00005098  B1574_2
 0003:000050EC  B1582_2
 0003:000051B4  _yyleng
 0003:000051C0  _yyin
 0003:00009BCC  B1608_2
 0003:00009D74  B1654_2
 0003:00009D8C  B1658_2
 0003:00009DA4  B1924_2
 0003:00009F50  B1926_2
 0003:0000A0F8  B2143_2
 0003:0000A110  B2179_2
 0003:0000A128  B2318_2
 0003:0000A13C  _ChangeDiskBlock
 0003:0000A158  _ZipArray
 0003:0000A158  B2336_2
 0003:0000A15C  _pZipI
 0003:0000A174  std::_Ios_init
 0003:0000A174  B2398_2
 0003:0000A17C  std::_Wios_init
 0003:0000A234  std::cin
 0003:0000A284  std::cout
 0003:0000A324  std::cerr
 0003:0000A36C  std::clog
 0003:0000A3B8  B2402_2
 0003:0000A3C0  B2404_2
 0003:0000A3D0  B2412_2
 0003:0000A3D4  B2424_2
 0003:0000A4DC  std::wcin
 0003:0000A52C  std::wcout
 0003:0000A574  std::wcerr
 0003:0000A5BC  std::wclog
 0003:0000A608  B2436_2
 0003:0000A610  B2606_2
 0003:0000A610  __bormm_pfn_FreeMem
 0003:0000A614  __bormm_pfn_GetMem
 0003:0000A618  __bormm_pfn_AllocMem
 0003:0000A61C  __bormm_pfn_ReallocMem
 0003:0000A620  __bormm_pfn_HeapAddRef
 0003:0000A624  __bormm_pfn_HeapRelease
 0003:0000A62C  __borlndmm_GetMem
 0003:0000A630  B2622_2
 0003:0000A641  __FastMM_AllocSize2SmallBlockTypeIndX4
 0003:0000A788  __FastMM_LastSequentiallyFedMediumBlock
 0003:0000A78C  __FastMM_MediumSequentialFeedBytesLeft
 0003:0000A790  __FastMM_MediumBlockBinGroupBitmap
 0003:0000A794  __FastMM_MediumBlockBinBitmaps
 0003:0000A814  __FastMM_MediumBlockBins
 0003:0000C82C  B2792_2
 0003:0000C8D0  __pidtab
 0003:0000C8D0  B3064_1
 0003:0000C998  __handles
 0003:0000CA60  __doserrno
 0003:0000CA60  B3161_2
 0003:0000CA64  B3167_1
 0003:0000CA68  B3169_1
 0003:0000CA6C  B3184_2
 0003:0000CA6C  __tmpnum
 0003:0000CA7C  __mbctype
 0003:0000CA7C  B3856_2
 0003:0000CB80  __mbcsCodePage
 0003:0000CB84  B3996_2
 0003:0000CC84  B4016_2
 0003:0000CCA0  __ostype
 0003:0000CCA0  B4028_2
 0003:0000CCA4  B4032_1
 0003:0000CCAC  B4115_2
 0003:0000CCAC  __argv
 0003:0000CCB8  B4117_2
 0003:0000CCBC  B4119_2
 0003:0000CCC0  B4190_2
 0003:0000CCC0  __environ
 0003:0000CCC8  __envsize
 0003:0000CCCC  __env_lock
 0003:0000CCD0  __C0argc
 0003:0000CCD0  B4216_1
 0003:0000CCD4  __C0argv
 0003:0000CCD8  __C0environ
 0003:0000CCDC  __oscmd
 0003:0000CCE0  __osenv
 0003:0000CCE4  __argc
 0003:0000CCE8  __dll_table
 0003:0000CCF0  __ExcRegPtr
 0003:0000CCF4  __wosenv
 0003:0000CCF8  __woscmd
 0003:0000CCFC  __wC0argv
 0003:0000CD00  __wC0environ
 0003:0000CD04  __exe_table
 0003:0000CD0C  __stkbase
 0003:0000CD10  B4246_1
 0003:0000CD34  B4262_2
 0003:0000CD3C  B4297_2
 0003:0000D144  B4301_2
 0003:0000D144  __DestructorCountPtr
 0003:0000D14C  __HandlerPtr
 0003:0000D14C  B4307_2
 0003:0000D150  __UserHandlerPtr
 0003:0000D154  B4340_2
 0003:0000D158  ___pCPPdebugHook
 0003:0000D15C  _pVCL_add_EH
 0003:0000D160  _pVCL_clear_EH
 0003:0000D164  _getExceptionObject
 0003:0000D168  _raiseExceptObject
 0004:00000000  T4301_3
 0004:00000000  ___xxInfo
